../Drivers/CMSIS/Include/core_cm4.h:1816:22:__NVIC_SetPriority	16	static
../Drivers/CMSIS/Include/core_cm4.h:2022:26:SysTick_Config	16	static
../Core/Src/main.c:227:5:main	8	static
../Core/Src/main.c:322:6:SystemClock_Config	88	static
../Core/Src/main.c:368:13:MX_ADC1_Init	24	static
../Core/Src/main.c:420:13:MX_ADC2_Init	24	static
../Core/Src/main.c:472:13:MX_ADC3_Init	24	static
../Core/Src/main.c:524:13:MX_I2C1_Init	8	static
../Core/Src/main.c:558:13:MX_I2C2_Init	8	static
../Core/Src/main.c:592:13:MX_I2C3_Init	8	static
../Core/Src/main.c:626:13:MX_TIM6_Init	16	static
../Core/Src/main.c:664:13:MX_USART2_UART_Init	8	static
../Core/Src/main.c:697:13:MX_GPIO_Init	48	static
../Core/Src/main.c:771:6:Sistem_Init	8	static
../Core/Src/main.c:846:7:Su_Seviye_Degeri_Okuma	16	static
../Core/Src/main.c:869:7:PH_Deger_Okuma	24	static
../Core/Src/main.c:894:6:Parse	16	static
../Core/Src/main.c:949:6:Kontrol	8	static
../Core/Src/main.c:983:6:Role_Kontrol	16	static
../Core/Src/main.c:1050:6:Led_Kontrol	8	static
../Core/Src/main.c:1079:6:Motor_Kontrol	8	static
../Core/Src/main.c:1115:6:Anlik_Verileri_Sifirla	4	static
../Core/Src/main.c:1137:6:Error_Handler	4	static,ignoring_inline_asm
