Archive member included to satisfy reference by file (symbol)

c:/st/stm32cubeide_1.10.1/stm32cubeide/plugins/com.st.stm32cube.ide.mcu.externaltools.gnu-tools-for-stm32.10.3-2021.10.win32_1.0.0.202111181127/tools/bin/../lib/gcc/arm-none-eabi/10.3.1/../../../../arm-none-eabi/lib/thumb/v7e-m+fp/hard\libc_nano.a(lib_a-errno.o)
                              ./Core/Src/syscalls.o (__errno)
c:/st/stm32cubeide_1.10.1/stm32cubeide/plugins/com.st.stm32cube.ide.mcu.externaltools.gnu-tools-for-stm32.10.3-2021.10.win32_1.0.0.202111181127/tools/bin/../lib/gcc/arm-none-eabi/10.3.1/../../../../arm-none-eabi/lib/thumb/v7e-m+fp/hard\libc_nano.a(lib_a-exit.o)
                              c:/st/stm32cubeide_1.10.1/stm32cubeide/plugins/com.st.stm32cube.ide.mcu.externaltools.gnu-tools-for-stm32.10.3-2021.10.win32_1.0.0.202111181127/tools/bin/../lib/gcc/arm-none-eabi/10.3.1/../../../../arm-none-eabi/lib/thumb/v7e-m+fp/hard/crt0.o (exit)
c:/st/stm32cubeide_1.10.1/stm32cubeide/plugins/com.st.stm32cube.ide.mcu.externaltools.gnu-tools-for-stm32.10.3-2021.10.win32_1.0.0.202111181127/tools/bin/../lib/gcc/arm-none-eabi/10.3.1/../../../../arm-none-eabi/lib/thumb/v7e-m+fp/hard\libc_nano.a(lib_a-impure.o)
                              c:/st/stm32cubeide_1.10.1/stm32cubeide/plugins/com.st.stm32cube.ide.mcu.externaltools.gnu-tools-for-stm32.10.3-2021.10.win32_1.0.0.202111181127/tools/bin/../lib/gcc/arm-none-eabi/10.3.1/../../../../arm-none-eabi/lib/thumb/v7e-m+fp/hard\libc_nano.a(lib_a-exit.o) (_global_impure_ptr)
c:/st/stm32cubeide_1.10.1/stm32cubeide/plugins/com.st.stm32cube.ide.mcu.externaltools.gnu-tools-for-stm32.10.3-2021.10.win32_1.0.0.202111181127/tools/bin/../lib/gcc/arm-none-eabi/10.3.1/../../../../arm-none-eabi/lib/thumb/v7e-m+fp/hard\libc_nano.a(lib_a-init.o)
                              c:/st/stm32cubeide_1.10.1/stm32cubeide/plugins/com.st.stm32cube.ide.mcu.externaltools.gnu-tools-for-stm32.10.3-2021.10.win32_1.0.0.202111181127/tools/bin/../lib/gcc/arm-none-eabi/10.3.1/../../../../arm-none-eabi/lib/thumb/v7e-m+fp/hard/crt0.o (__libc_init_array)
c:/st/stm32cubeide_1.10.1/stm32cubeide/plugins/com.st.stm32cube.ide.mcu.externaltools.gnu-tools-for-stm32.10.3-2021.10.win32_1.0.0.202111181127/tools/bin/../lib/gcc/arm-none-eabi/10.3.1/../../../../arm-none-eabi/lib/thumb/v7e-m+fp/hard\libc_nano.a(lib_a-memset.o)
                              c:/st/stm32cubeide_1.10.1/stm32cubeide/plugins/com.st.stm32cube.ide.mcu.externaltools.gnu-tools-for-stm32.10.3-2021.10.win32_1.0.0.202111181127/tools/bin/../lib/gcc/arm-none-eabi/10.3.1/../../../../arm-none-eabi/lib/thumb/v7e-m+fp/hard/crt0.o (memset)
c:/st/stm32cubeide_1.10.1/stm32cubeide/plugins/com.st.stm32cube.ide.mcu.externaltools.gnu-tools-for-stm32.10.3-2021.10.win32_1.0.0.202111181127/tools/bin/../lib/gcc/arm-none-eabi/10.3.1/thumb/v7e-m+fp/hard\libgcc.a(_arm_muldf3.o)
                              ./Core/Src/BMP180.o (__aeabi_dmul)
c:/st/stm32cubeide_1.10.1/stm32cubeide/plugins/com.st.stm32cube.ide.mcu.externaltools.gnu-tools-for-stm32.10.3-2021.10.win32_1.0.0.202111181127/tools/bin/../lib/gcc/arm-none-eabi/10.3.1/thumb/v7e-m+fp/hard\libgcc.a(_arm_addsubdf3.o)
                              ./Core/Src/BMP180.o (__aeabi_i2d)
c:/st/stm32cubeide_1.10.1/stm32cubeide/plugins/com.st.stm32cube.ide.mcu.externaltools.gnu-tools-for-stm32.10.3-2021.10.win32_1.0.0.202111181127/tools/bin/../lib/gcc/arm-none-eabi/10.3.1/thumb/v7e-m+fp/hard\libgcc.a(_arm_muldivdf3.o)
                              ./Core/Src/BMP180.o (__aeabi_ddiv)
c:/st/stm32cubeide_1.10.1/stm32cubeide/plugins/com.st.stm32cube.ide.mcu.externaltools.gnu-tools-for-stm32.10.3-2021.10.win32_1.0.0.202111181127/tools/bin/../lib/gcc/arm-none-eabi/10.3.1/thumb/v7e-m+fp/hard\libgcc.a(_arm_fixdfsi.o)
                              ./Core/Src/BMP180.o (__aeabi_d2iz)
c:/st/stm32cubeide_1.10.1/stm32cubeide/plugins/com.st.stm32cube.ide.mcu.externaltools.gnu-tools-for-stm32.10.3-2021.10.win32_1.0.0.202111181127/tools/bin/../lib/gcc/arm-none-eabi/10.3.1/thumb/v7e-m+fp/hard\libgcc.a(_arm_truncdfsf2.o)
                              ./Core/Src/BMP180.o (__aeabi_d2f)
c:/st/stm32cubeide_1.10.1/stm32cubeide/plugins/com.st.stm32cube.ide.mcu.externaltools.gnu-tools-for-stm32.10.3-2021.10.win32_1.0.0.202111181127/tools/bin/../lib/gcc/arm-none-eabi/10.3.1/thumb/v7e-m+fp/hard\libgcc.a(_aeabi_uldivmod.o)
                              ./Drivers/STM32F4xx_HAL_Driver/Src/stm32f4xx_hal_rcc.o (__aeabi_uldivmod)
c:/st/stm32cubeide_1.10.1/stm32cubeide/plugins/com.st.stm32cube.ide.mcu.externaltools.gnu-tools-for-stm32.10.3-2021.10.win32_1.0.0.202111181127/tools/bin/../lib/gcc/arm-none-eabi/10.3.1/thumb/v7e-m+fp/hard\libgcc.a(_udivmoddi4.o)
                              c:/st/stm32cubeide_1.10.1/stm32cubeide/plugins/com.st.stm32cube.ide.mcu.externaltools.gnu-tools-for-stm32.10.3-2021.10.win32_1.0.0.202111181127/tools/bin/../lib/gcc/arm-none-eabi/10.3.1/thumb/v7e-m+fp/hard\libgcc.a(_aeabi_uldivmod.o) (__udivmoddi4)
[...]
Memory Configuration

Name             Origin             Length             Attributes
CCMRAM           0x0000000010000000 0x0000000000010000 xrw
RAM              0x0000000020000000 0x0000000000020000 xrw
FLASH            0x0000000008000000 0x0000000000100000 xr
*default*        0x0000000000000000 0xffffffffffffffff

Linker script and memory map

LOAD c:/st/stm32cubeide_1.10.1/stm32cubeide/plugins/com.st.stm32cube.ide.mcu.externaltools.gnu-tools-for-stm32.10.3-2021.10.win32_1.0.0.202111181127/tools/bin/../lib/gcc/arm-none-eabi/10.3.1/thumb/v7e-m+fp/hard/crti.o
LOAD c:/st/stm32cubeide_1.10.1/stm32cubeide/plugins/com.st.stm32cube.ide.mcu.externaltools.gnu-tools-for-stm32.10.3-2021.10.win32_1.0.0.202111181127/tools/bin/../lib/gcc/arm-none-eabi/10.3.1/thumb/v7e-m+fp/hard/crtbegin.o
LOAD c:/st/stm32cubeide_1.10.1/stm32cubeide/plugins/com.st.stm32cube.ide.mcu.externaltools.gnu-tools-for-stm32.10.3-2021.10.win32_1.0.0.202111181127/tools/bin/../lib/gcc/arm-none-eabi/10.3.1/../../../../arm-none-eabi/lib/thumb/v7e-m+fp/hard/crt0.o
LOAD ./Core/Src/BH1750.o
LOAD ./Core/Src/BMP180.o
LOAD ./Core/Src/main.o
LOAD ./Core/Src/stm32f4xx_hal_msp.o
LOAD ./Core/Src/stm32f4xx_it.o
LOAD ./Core/Src/syscalls.o
LOAD ./Core/Src/sysmem.o
LOAD ./Core/Src/system_stm32f4xx.o
LOAD ./Core/Startup/startup_stm32f407vgtx.o
LOAD ./Drivers/STM32F4xx_HAL_Driver/Src/stm32f4xx_hal.o
LOAD ./Drivers/STM32F4xx_HAL_Driver/Src/stm32f4xx_hal_cortex.o
LOAD ./Drivers/STM32F4xx_HAL_Driver/Src/stm32f4xx_hal_dma.o
LOAD ./Drivers/STM32F4xx_HAL_Driver/Src/stm32f4xx_hal_dma_ex.o
LOAD ./Drivers/STM32F4xx_HAL_Driver/Src/stm32f4xx_hal_exti.o
LOAD ./Drivers/STM32F4xx_HAL_Driver/Src/stm32f4xx_hal_flash.o
LOAD ./Drivers/STM32F4xx_HAL_Driver/Src/stm32f4xx_hal_flash_ex.o
LOAD ./Drivers/STM32F4xx_HAL_Driver/Src/stm32f4xx_hal_flash_ramfunc.o
LOAD ./Drivers/STM32F4xx_HAL_Driver/Src/stm32f4xx_hal_gpio.o
LOAD ./Drivers/STM32F4xx_HAL_Driver/Src/stm32f4xx_hal_i2c.o
LOAD ./Drivers/STM32F4xx_HAL_Driver/Src/stm32f4xx_hal_i2c_ex.o
LOAD ./Drivers/STM32F4xx_HAL_Driver/Src/stm32f4xx_hal_pwr.o
LOAD ./Drivers/STM32F4xx_HAL_Driver/Src/stm32f4xx_hal_pwr_ex.o
LOAD ./Drivers/STM32F4xx_HAL_Driver/Src/stm32f4xx_hal_rcc.o
LOAD ./Drivers/STM32F4xx_HAL_Driver/Src/stm32f4xx_hal_rcc_ex.o
START GROUP
LOAD c:/st/stm32cubeide_1.10.1/stm32cubeide/plugins/com.st.stm32cube.ide.mcu.externaltools.gnu-tools-for-stm32.10.3-2021.10.win32_1.0.0.202111181127/tools/bin/../lib/gcc/arm-none-eabi/10.3.1/../../../../arm-none-eabi/lib/thumb/v7e-m+fp/hard\libc_nano.a
LOAD c:/st/stm32cubeide_1.10.1/stm32cubeide/plugins/com.st.stm32cube.ide.mcu.externaltools.gnu-tools-for-stm32.10.3-2021.10.win32_1.0.0.202111181127/tools/bin/../lib/gcc/arm-none-eabi/10.3.1/../../../../arm-none-eabi/lib/thumb/v7e-m+fp/hard\libm.a
END GROUP
START GROUP
LOAD c:/st/stm32cubeide_1.10.1/stm32cubeide/plugins/com.st.stm32cube.ide.mcu.externaltools.gnu-tools-for-stm32.10.3-2021.10.win32_1.0.0.202111181127/tools/bin/../lib/gcc/arm-none-eabi/10.3.1/thumb/v7e-m+fp/hard\libgcc.a
LOAD c:/st/stm32cubeide_1.10.1/stm32cubeide/plugins/com.st.stm32cube.ide.mcu.externaltools.gnu-tools-for-stm32.10.3-2021.10.win32_1.0.0.202111181127/tools/bin/../lib/gcc/arm-none-eabi/10.3.1/../../../../arm-none-eabi/lib/thumb/v7e-m+fp/hard\libc_nano.a
END GROUP
START GROUP
LOAD c:/st/stm32cubeide_1.10.1/stm32cubeide/plugins/com.st.stm32cube.ide.mcu.externaltools.gnu-tools-for-stm32.10.3-2021.10.win32_1.0.0.202111181127/tools/bin/../lib/gcc/arm-none-eabi/10.3.1/thumb/v7e-m+fp/hard\libgcc.a
LOAD c:/st/stm32cubeide_1.10.1/stm32cubeide/plugins/com.st.stm32cube.ide.mcu.externaltools.gnu-tools-for-stm32.10.3-2021.10.win32_1.0.0.202111181127/tools/bin/../lib/gcc/arm-none-eabi/10.3.1/../../../../arm-none-eabi/lib/thumb/v7e-m+fp/hard\libc_nano.a
LOAD c:/st/stm32cubeide_1.10.1/stm32cubeide/plugins/com.st.stm32cube.ide.mcu.externaltools.gnu-tools-for-stm32.10.3-2021.10.win32_1.0.0.202111181127/tools/bin/../lib/gcc/arm-none-eabi/10.3.1/../../../../arm-none-eabi/lib/thumb/v7e-m+fp/hard\libnosys.a
END GROUP
START GROUP
LOAD c:/st/stm32cubeide_1.10.1/stm32cubeide/plugins/com.st.stm32cube.ide.mcu.externaltools.gnu-tools-for-stm32.10.3-2021.10.win32_1.0.0.202111181127/tools/bin/../lib/gcc/arm-none-eabi/10.3.1/thumb/v7e-m+fp/hard\libgcc.a
LOAD c:/st/stm32cubeide_1.10.1/stm32cubeide/plugins/com.st.stm32cube.ide.mcu.externaltools.gnu-tools-for-stm32.10.3-2021.10.win32_1.0.0.202111181127/tools/bin/../lib/gcc/arm-none-eabi/10.3.1/../../../../arm-none-eabi/lib/thumb/v7e-m+fp/hard\libc_nano.a
LOAD c:/st/stm32cubeide_1.10.1/stm32cubeide/plugins/com.st.stm32cube.ide.mcu.externaltools.gnu-tools-for-stm32.10.3-2021.10.win32_1.0.0.202111181127/tools/bin/../lib/gcc/arm-none-eabi/10.3.1/../../../../arm-none-eabi/lib/thumb/v7e-m+fp/hard\libnosys.a
END GROUP
LOAD c:/st/stm32cubeide_1.10.1/stm32cubeide/plugins/com.st.stm32cube.ide.mcu.externaltools.gnu-tools-for-stm32.10.3-2021.10.win32_1.0.0.202111181127/tools/bin/../lib/gcc/arm-none-eabi/10.3.1/thumb/v7e-m+fp/hard/crtend.o
LOAD c:/st/stm32cubeide_1.10.1/stm32cubeide/plugins/com.st.stm32cube.ide.mcu.externaltools.gnu-tools-for-stm32.10.3-2021.10.win32_1.0.0.202111181127/tools/bin/../lib/gcc/arm-none-eabi/10.3.1/thumb/v7e-m+fp/hard/crtn.o
                0x0000000020020000                _estack = (ORIGIN (RAM) + LENGTH (RAM))
                0x0000000000000200                _Min_Heap_Size = 0x200
                0x0000000000000400                _Min_Stack_Size = 0x400

.isr_vector     0x0000000008000000      0x188
                0x0000000008000000                . = ALIGN (0x4)
 *(.isr_vector)
 .isr_vector    0x0000000008000000      0x188 ./Core/Startup/startup_stm32f407vgtx.o
                0x0000000008000000                g_pfnVectors
                0x0000000008000188                . = ALIGN (0x4)

.text           0x0000000008000188     0x3e70
                0x0000000008000188                . = ALIGN (0x4)
 *(.text)
 .text          0x0000000008000188       0x40 c:/st/stm32cubeide_1.10.1/stm32cubeide/plugins/com.st.stm32cube.ide.mcu.externaltools.gnu-tools-for-stm32.10.3-2021.10.win32_1.0.0.202111181127/tools/bin/../lib/gcc/arm-none-eabi/10.3.1/thumb/v7e-m+fp/hard/crtbegin.o
 .text          0x00000000080001c8      0x378 c:/st/stm32cubeide_1.10.1/stm32cubeide/plugins/com.st.stm32cube.ide.mcu.externaltools.gnu-tools-for-stm32.10.3-2021.10.win32_1.0.0.202111181127/tools/bin/../lib/gcc/arm-none-eabi/10.3.1/thumb/v7e-m+fp/hard\libgcc.a(_arm_addsubdf3.o)
                0x00000000080001c8                __aeabi_drsub
                0x00000000080001d0                __aeabi_dsub
                0x00000000080001d0                __subdf3
                0x00000000080001d4                __aeabi_dadd
                0x00000000080001d4                __adddf3
                0x000000000800044c                __floatunsidf
                0x000000000800044c                __aeabi_ui2d
                0x000000000800046c                __floatsidf
                0x000000000800046c                __aeabi_i2d
                0x0000000008000490                __aeabi_f2d
                0x0000000008000490                __extendsfdf2
                0x00000000080004d4                __floatundidf
                0x00000000080004d4                __aeabi_ul2d
                0x00000000080004e4                __floatdidf
                0x00000000080004e4                __aeabi_l2d
 .text          0x0000000008000540      0x424 c:/st/stm32cubeide_1.10.1/stm32cubeide/plugins/com.st.stm32cube.ide.mcu.externaltools.gnu-tools-for-stm32.10.3-2021.10.win32_1.0.0.202111181127/tools/bin/../lib/gcc/arm-none-eabi/10.3.1/thumb/v7e-m+fp/hard\libgcc.a(_arm_muldivdf3.o)
                0x0000000008000540                __aeabi_dmul
                0x0000000008000540                __muldf3
                0x0000000008000794                __divdf3
                0x0000000008000794                __aeabi_ddiv
 .text          0x0000000008000964       0x50 c:/st/stm32cubeide_1.10.1/stm32cubeide/plugins/com.st.stm32cube.ide.mcu.externaltools.gnu-tools-for-stm32.10.3-2021.10.win32_1.0.0.202111181127/tools/bin/../lib/gcc/arm-none-eabi/10.3.1/thumb/v7e-m+fp/hard\libgcc.a(_arm_fixdfsi.o)
                0x0000000008000964                __aeabi_d2iz
                0x0000000008000964                __fixdfsi
 .text          0x00000000080009b4       0xa0 c:/st/stm32cubeide_1.10.1/stm32cubeide/plugins/com.st.stm32cube.ide.mcu.externaltools.gnu-tools-for-stm32.10.3-2021.10.win32_1.0.0.202111181127/tools/bin/../lib/gcc/arm-none-eabi/10.3.1/thumb/v7e-m+fp/hard\libgcc.a(_arm_truncdfsf2.o)
                0x00000000080009b4                __truncdfsf2
                0x00000000080009b4                __aeabi_d2f
 .text          0x0000000008000a54       0x30 c:/st/stm32cubeide_1.10.1/stm32cubeide/plugins/com.st.stm32cube.ide.mcu.externaltools.gnu-tools-for-stm32.10.3-2021.10.win32_1.0.0.202111181127/tools/bin/../lib/gcc/arm-none-eabi/10.3.1/thumb/v7e-m+fp/hard\libgcc.a(_aeabi_uldivmod.o)
                0x0000000008000a54                __aeabi_uldivmod
 .text          0x0000000008000a84      0x2d0 c:/st/stm32cubeide_1.10.1/stm32cubeide/plugins/com.st.stm32cube.ide.mcu.externaltools.gnu-tools-for-stm32.10.3-2021.10.win32_1.0.0.202111181127/tools/bin/../lib/gcc/arm-none-eabi/10.3.1/thumb/v7e-m+fp/hard\libgcc.a(_udivmoddi4.o)
                0x0000000008000a84                __udivmoddi4
 .text          0x0000000008000d54        0x4 c:/st/stm32cubeide_1.10.1/stm32cubeide/plugins/com.st.stm32cube.ide.mcu.externaltools.gnu-tools-for-stm32.10.3-2021.10.win32_1.0.0.202111181127/tools/bin/../lib/gcc/arm-none-eabi/10.3.1/thumb/v7e-m+fp/hard\libgcc.a(_dvmd_tls.o)
                0x0000000008000d54                __aeabi_idiv0
                0x0000000008000d54                __aeabi_ldiv0
 *(.text*)
 .text.BH1750_Init
                0x0000000008000d58       0x38 ./Core/Src/BH1750.o
                0x0000000008000d58                BH1750_Init
 .text.BH1750_Reset
                0x0000000008000d90       0x34 ./Core/Src/BH1750.o
                0x0000000008000d90                BH1750_Reset
 .text.BH1750_SetMode
                0x0000000008000dc4       0x6c ./Core/Src/BH1750.o
                0x0000000008000dc4                BH1750_SetMode
 .text.BH1750_SetMtreg
                0x0000000008000e30       0x9c ./Core/Src/BH1750.o
                0x0000000008000e30                BH1750_SetMtreg
 .text.BH1750_ReadLight
                0x0000000008000ecc       0xbc ./Core/Src/BH1750.o
                0x0000000008000ecc                BH1750_ReadLight
 .text.Kalibrasyon_Degeri_Okuma
                0x0000000008000f88      0x13c ./Core/Src/BMP180.o
                0x0000000008000f88                Kalibrasyon_Degeri_Okuma
 .text.Ham_Sicaklik_Okuma
                0x00000000080010c4       0x60 ./Core/Src/BMP180.o
                0x00000000080010c4                Ham_Sicaklik_Okuma
 .text.BMP180_Sicaklik_Okuma
                0x0000000008001124      0x13c ./Core/Src/BMP180.o
                0x0000000008001124                BMP180_Sicaklik_Okuma
 .text.BMP180_Baslat
                0x0000000008001260        0xc ./Core/Src/BMP180.o
                0x0000000008001260                BMP180_Baslat
 .text.main     0x000000000800126c       0x88 ./Core/Src/main.o
                0x000000000800126c                main
 .text.SystemClock_Config
                0x00000000080012f4       0xd4 ./Core/Src/main.o
                0x00000000080012f4                SystemClock_Config
 .text.MX_I2C1_Init
                0x00000000080013c8       0x5c ./Core/Src/main.o
 .text.MX_I2C2_Init
                0x0000000008001424       0x5c ./Core/Src/main.o
 .text.MX_I2C3_Init
                0x0000000008001480       0x5c ./Core/Src/main.o
 .text.MX_GPIO_Init
                0x00000000080014dc       0x88 ./Core/Src/main.o
 .text.Error_Handler
                0x0000000008001564        0xa ./Core/Src/main.o
                0x0000000008001564                Error_Handler
 *fill*         0x000000000800156e        0x2 
 .text.HAL_MspInit
                0x0000000008001570       0x50 ./Core/Src/stm32f4xx_hal_msp.o
                0x0000000008001570                HAL_MspInit
 .text.HAL_I2C_MspInit
                0x00000000080015c0      0x1a8 ./Core/Src/stm32f4xx_hal_msp.o
                0x00000000080015c0                HAL_I2C_MspInit
 .text.NMI_Handler
                0x0000000008001768        0x6 ./Core/Src/stm32f4xx_it.o
                0x0000000008001768                NMI_Handler
 .text.HardFault_Handler
                0x000000000800176e        0x6 ./Core/Src/stm32f4xx_it.o
                0x000000000800176e                HardFault_Handler
 .text.MemManage_Handler
                0x0000000008001774        0x6 ./Core/Src/stm32f4xx_it.o
                0x0000000008001774                MemManage_Handler
 .text.BusFault_Handler
                0x000000000800177a        0x6 ./Core/Src/stm32f4xx_it.o
                0x000000000800177a                BusFault_Handler
 .text.UsageFault_Handler
                0x0000000008001780        0x6 ./Core/Src/stm32f4xx_it.o
                0x0000000008001780                UsageFault_Handler
 .text.SVC_Handler
                0x0000000008001786        0xe ./Core/Src/stm32f4xx_it.o
                0x0000000008001786                SVC_Handler
 .text.DebugMon_Handler
                0x0000000008001794        0xe ./Core/Src/stm32f4xx_it.o
                0x0000000008001794                DebugMon_Handler
 .text.PendSV_Handler
                0x00000000080017a2        0xe ./Core/Src/stm32f4xx_it.o
                0x00000000080017a2                PendSV_Handler
 .text.SysTick_Handler
                0x00000000080017b0        0xc ./Core/Src/stm32f4xx_it.o
                0x00000000080017b0                SysTick_Handler
 .text.SystemInit
                0x00000000080017bc       0x24 ./Core/Src/system_stm32f4xx.o
                0x00000000080017bc                SystemInit
 .text.Reset_Handler
                0x00000000080017e0       0x50 ./Core/Startup/startup_stm32f407vgtx.o
                0x00000000080017e0                Reset_Handler
 .text.Default_Handler
                0x0000000008001830        0x2 ./Core/Startup/startup_stm32f407vgtx.o
                0x0000000008001830                RTC_Alarm_IRQHandler
                0x0000000008001830                HASH_RNG_IRQHandler
                0x0000000008001830                EXTI2_IRQHandler
                0x0000000008001830                TIM8_CC_IRQHandler
                0x0000000008001830                TIM1_CC_IRQHandler
                0x0000000008001830                DMA2_Stream5_IRQHandler
                0x0000000008001830                DMA1_Stream5_IRQHandler
                0x0000000008001830                PVD_IRQHandler
                0x0000000008001830                SDIO_IRQHandler
                0x0000000008001830                TAMP_STAMP_IRQHandler
                0x0000000008001830                CAN2_RX1_IRQHandler
                0x0000000008001830                EXTI3_IRQHandler
                0x0000000008001830                TIM8_TRG_COM_TIM14_IRQHandler
                0x0000000008001830                TIM1_UP_TIM10_IRQHandler
                0x0000000008001830                TIM8_UP_TIM13_IRQHandler
                0x0000000008001830                I2C3_ER_IRQHandler
                0x0000000008001830                EXTI0_IRQHandler
                0x0000000008001830                I2C2_EV_IRQHandler
                0x0000000008001830                DMA1_Stream2_IRQHandler
                0x0000000008001830                CAN1_RX0_IRQHandler
                0x0000000008001830                FPU_IRQHandler
                0x0000000008001830                OTG_HS_WKUP_IRQHandler
                0x0000000008001830                CAN2_SCE_IRQHandler
                0x0000000008001830                DMA2_Stream2_IRQHandler
                0x0000000008001830                SPI1_IRQHandler
                0x0000000008001830                TIM6_DAC_IRQHandler
                0x0000000008001830                TIM1_BRK_TIM9_IRQHandler
                0x0000000008001830                DCMI_IRQHandler
                0x0000000008001830                CAN2_RX0_IRQHandler
                0x0000000008001830                DMA2_Stream3_IRQHandler
                0x0000000008001830                USART6_IRQHandler
                0x0000000008001830                USART3_IRQHandler
                0x0000000008001830                CAN1_RX1_IRQHandler
                0x0000000008001830                UART5_IRQHandler
                0x0000000008001830                DMA2_Stream0_IRQHandler
                0x0000000008001830                TIM4_IRQHandler
                0x0000000008001830                I2C1_EV_IRQHandler
                0x0000000008001830                DMA1_Stream6_IRQHandler
                0x0000000008001830                DMA1_Stream1_IRQHandler
                0x0000000008001830                UART4_IRQHandler
                0x0000000008001830                TIM3_IRQHandler
                0x0000000008001830                RCC_IRQHandler
                0x0000000008001830                TIM8_BRK_TIM12_IRQHandler
                0x0000000008001830                Default_Handler
                0x0000000008001830                EXTI15_10_IRQHandler
                0x0000000008001830                ADC_IRQHandler
                0x0000000008001830                DMA1_Stream7_IRQHandler
                0x0000000008001830                TIM7_IRQHandler
                0x0000000008001830                CAN2_TX_IRQHandler
                0x0000000008001830                TIM5_IRQHandler
                0x0000000008001830                DMA2_Stream7_IRQHandler
                0x0000000008001830                I2C3_EV_IRQHandler
                0x0000000008001830                EXTI9_5_IRQHandler
                0x0000000008001830                RTC_WKUP_IRQHandler
                0x0000000008001830                ETH_WKUP_IRQHandler
                0x0000000008001830                SPI2_IRQHandler
                0x0000000008001830                OTG_HS_EP1_IN_IRQHandler
                0x0000000008001830                DMA1_Stream0_IRQHandler
                0x0000000008001830                CAN1_TX_IRQHandler
                0x0000000008001830                EXTI4_IRQHandler
                0x0000000008001830                FSMC_IRQHandler
                0x0000000008001830                ETH_IRQHandler
                0x0000000008001830                OTG_HS_EP1_OUT_IRQHandler
                0x0000000008001830                WWDG_IRQHandler
                0x0000000008001830                TIM2_IRQHandler
                0x0000000008001830                OTG_FS_WKUP_IRQHandler
                0x0000000008001830                TIM1_TRG_COM_TIM11_IRQHandler
                0x0000000008001830                OTG_HS_IRQHandler
                0x0000000008001830                EXTI1_IRQHandler
                0x0000000008001830                USART2_IRQHandler
                0x0000000008001830                I2C2_ER_IRQHandler
                0x0000000008001830                DMA2_Stream1_IRQHandler
                0x0000000008001830                CAN1_SCE_IRQHandler
                0x0000000008001830                FLASH_IRQHandler
                0x0000000008001830                DMA2_Stream4_IRQHandler
                0x0000000008001830                USART1_IRQHandler
                0x0000000008001830                OTG_FS_IRQHandler
                0x0000000008001830                SPI3_IRQHandler
                0x0000000008001830                DMA1_Stream4_IRQHandler
                0x0000000008001830                I2C1_ER_IRQHandler
                0x0000000008001830                DMA2_Stream6_IRQHandler
                0x0000000008001830                DMA1_Stream3_IRQHandler
 *fill*         0x0000000008001832        0x2 
 .text.HAL_Init
                0x0000000008001834       0x44 ./Drivers/STM32F4xx_HAL_Driver/Src/stm32f4xx_hal.o
                0x0000000008001834                HAL_Init
 .text.HAL_InitTick
                0x0000000008001878       0x60 ./Drivers/STM32F4xx_HAL_Driver/Src/stm32f4xx_hal.o
                0x0000000008001878                HAL_InitTick
 .text.HAL_IncTick
                0x00000000080018d8       0x28 ./Drivers/STM32F4xx_HAL_Driver/Src/stm32f4xx_hal.o
                0x00000000080018d8                HAL_IncTick
 .text.HAL_GetTick
                0x0000000008001900       0x18 ./Drivers/STM32F4xx_HAL_Driver/Src/stm32f4xx_hal.o
                0x0000000008001900                HAL_GetTick
 .text.HAL_Delay
                0x0000000008001918       0x48 ./Drivers/STM32F4xx_HAL_Driver/Src/stm32f4xx_hal.o
                0x0000000008001918                HAL_Delay
 .text.__NVIC_SetPriorityGrouping
                0x0000000008001960       0x48 ./Drivers/STM32F4xx_HAL_Driver/Src/stm32f4xx_hal_cortex.o
 .text.__NVIC_GetPriorityGrouping
                0x00000000080019a8       0x1c ./Drivers/STM32F4xx_HAL_Driver/Src/stm32f4xx_hal_cortex.o
 .text.__NVIC_SetPriority
                0x00000000080019c4       0x54 ./Drivers/STM32F4xx_HAL_Driver/Src/stm32f4xx_hal_cortex.o
 .text.NVIC_EncodePriority
                0x0000000008001a18       0x66 ./Drivers/STM32F4xx_HAL_Driver/Src/stm32f4xx_hal_cortex.o
 *fill*         0x0000000008001a7e        0x2 
 .text.SysTick_Config
                0x0000000008001a80       0x44 ./Drivers/STM32F4xx_HAL_Driver/Src/stm32f4xx_hal_cortex.o
 .text.HAL_NVIC_SetPriorityGrouping
                0x0000000008001ac4       0x16 ./Drivers/STM32F4xx_HAL_Driver/Src/stm32f4xx_hal_cortex.o
                0x0000000008001ac4                HAL_NVIC_SetPriorityGrouping
 .text.HAL_NVIC_SetPriority
                0x0000000008001ada       0x38 ./Drivers/STM32F4xx_HAL_Driver/Src/stm32f4xx_hal_cortex.o
                0x0000000008001ada                HAL_NVIC_SetPriority
 .text.HAL_SYSTICK_Config
                0x0000000008001b12       0x18 ./Drivers/STM32F4xx_HAL_Driver/Src/stm32f4xx_hal_cortex.o
                0x0000000008001b12                HAL_SYSTICK_Config
 *fill*         0x0000000008001b2a        0x2 
 .text.HAL_GPIO_Init
                0x0000000008001b2c      0x338 ./Drivers/STM32F4xx_HAL_Driver/Src/stm32f4xx_hal_gpio.o
                0x0000000008001b2c                HAL_GPIO_Init
 .text.HAL_GPIO_TogglePin
                0x0000000008001e64       0x34 ./Drivers/STM32F4xx_HAL_Driver/Src/stm32f4xx_hal_gpio.o
                0x0000000008001e64                HAL_GPIO_TogglePin
 .text.HAL_I2C_Init
                0x0000000008001e98      0x288 ./Drivers/STM32F4xx_HAL_Driver/Src/stm32f4xx_hal_i2c.o
                0x0000000008001e98                HAL_I2C_Init
 .text.HAL_I2C_Master_Transmit
                0x0000000008002120      0x1fc ./Drivers/STM32F4xx_HAL_Driver/Src/stm32f4xx_hal_i2c.o
                0x0000000008002120                HAL_I2C_Master_Transmit
 .text.HAL_I2C_Master_Receive
                0x000000000800231c      0x44c ./Drivers/STM32F4xx_HAL_Driver/Src/stm32f4xx_hal_i2c.o
                0x000000000800231c                HAL_I2C_Master_Receive
 .text.HAL_I2C_Mem_Write
                0x0000000008002768      0x1f4 ./Drivers/STM32F4xx_HAL_Driver/Src/stm32f4xx_hal_i2c.o
                0x0000000008002768                HAL_I2C_Mem_Write
 .text.HAL_I2C_Mem_Read
                0x000000000800295c      0x44c ./Drivers/STM32F4xx_HAL_Driver/Src/stm32f4xx_hal_i2c.o
                0x000000000800295c                HAL_I2C_Mem_Read
 .text.I2C_MasterRequestWrite
                0x0000000008002da8      0x104 ./Drivers/STM32F4xx_HAL_Driver/Src/stm32f4xx_hal_i2c.o
 .text.I2C_MasterRequestRead
                0x0000000008002eac      0x19c ./Drivers/STM32F4xx_HAL_Driver/Src/stm32f4xx_hal_i2c.o
 .text.I2C_RequestMemoryWrite
                0x0000000008003048      0x12c ./Drivers/STM32F4xx_HAL_Driver/Src/stm32f4xx_hal_i2c.o
 .text.I2C_RequestMemoryRead
                0x0000000008003174      0x1d0 ./Drivers/STM32F4xx_HAL_Driver/Src/stm32f4xx_hal_i2c.o
 .text.I2C_WaitOnFlagUntilTimeout
                0x0000000008003344       0xae ./Drivers/STM32F4xx_HAL_Driver/Src/stm32f4xx_hal_i2c.o
 .text.I2C_WaitOnMasterAddressFlagUntilTimeout
                0x00000000080033f2       0xfe ./Drivers/STM32F4xx_HAL_Driver/Src/stm32f4xx_hal_i2c.o
 .text.I2C_WaitOnTXEFlagUntilTimeout
                0x00000000080034f0       0x82 ./Drivers/STM32F4xx_HAL_Driver/Src/stm32f4xx_hal_i2c.o
 .text.I2C_WaitOnBTFFlagUntilTimeout
                0x0000000008003572       0x82 ./Drivers/STM32F4xx_HAL_Driver/Src/stm32f4xx_hal_i2c.o
 .text.I2C_WaitOnRXNEFlagUntilTimeout
                0x00000000080035f4       0xac ./Drivers/STM32F4xx_HAL_Driver/Src/stm32f4xx_hal_i2c.o
 .text.I2C_IsAcknowledgeFailed
                0x00000000080036a0       0x5e ./Drivers/STM32F4xx_HAL_Driver/Src/stm32f4xx_hal_i2c.o
 *fill*         0x00000000080036fe        0x2 
 .text.HAL_RCC_OscConfig
                0x0000000008003700      0x4f0 ./Drivers/STM32F4xx_HAL_Driver/Src/stm32f4xx_hal_rcc.o
                0x0000000008003700                HAL_RCC_OscConfig
 .text.HAL_RCC_ClockConfig
                0x0000000008003bf0      0x1cc ./Drivers/STM32F4xx_HAL_Driver/Src/stm32f4xx_hal_rcc.o
                0x0000000008003bf0                HAL_RCC_ClockConfig
 .text.HAL_RCC_GetSysClockFreq
                0x0000000008003dbc      0x18c ./Drivers/STM32F4xx_HAL_Driver/Src/stm32f4xx_hal_rcc.o
                0x0000000008003dbc                HAL_RCC_GetSysClockFreq
 .text.HAL_RCC_GetHCLKFreq
                0x0000000008003f48       0x18 ./Drivers/STM32F4xx_HAL_Driver/Src/stm32f4xx_hal_rcc.o
                0x0000000008003f48                HAL_RCC_GetHCLKFreq
 .text.HAL_RCC_GetPCLK1Freq
                0x0000000008003f60       0x28 ./Drivers/STM32F4xx_HAL_Driver/Src/stm32f4xx_hal_rcc.o
                0x0000000008003f60                HAL_RCC_GetPCLK1Freq
 .text.__libc_init_array
                0x0000000008003f88       0x48 c:/st/stm32cubeide_1.10.1/stm32cubeide/plugins/com.st.stm32cube.ide.mcu.externaltools.gnu-tools-for-stm32.10.3-2021.10.win32_1.0.0.202111181127/tools/bin/../lib/gcc/arm-none-eabi/10.3.1/../../../../arm-none-eabi/lib/thumb/v7e-m+fp/hard\libc_nano.a(lib_a-init.o)
                0x0000000008003f88                __libc_init_array
 .text.memset   0x0000000008003fd0       0x10 c:/st/stm32cubeide_1.10.1/stm32cubeide/plugins/com.st.stm32cube.ide.mcu.externaltools.gnu-tools-for-stm32.10.3-2021.10.win32_1.0.0.202111181127/tools/bin/../lib/gcc/arm-none-eabi/10.3.1/../../../../arm-none-eabi/lib/thumb/v7e-m+fp/hard\libc_nano.a(lib_a-memset.o)
                0x0000000008003fd0                memset
 *(.glue_7)
 .glue_7        0x0000000008003fe0        0x0 linker stubs
 *(.glue_7t)
 .glue_7t       0x0000000008003fe0        0x0 linker stubs
 *(.eh_frame)
 .eh_frame      0x0000000008003fe0        0x0 c:/st/stm32cubeide_1.10.1/stm32cubeide/plugins/com.st.stm32cube.ide.mcu.externaltools.gnu-tools-for-stm32.10.3-2021.10.win32_1.0.0.202111181127/tools/bin/../lib/gcc/arm-none-eabi/10.3.1/thumb/v7e-m+fp/hard/crtbegin.o
 *(.init)
 .init          0x0000000008003fe0        0x4 c:/st/stm32cubeide_1.10.1/stm32cubeide/plugins/com.st.stm32cube.ide.mcu.externaltools.gnu-tools-for-stm32.10.3-2021.10.win32_1.0.0.202111181127/tools/bin/../lib/gcc/arm-none-eabi/10.3.1/thumb/v7e-m+fp/hard/crti.o
                0x0000000008003fe0                _init
 .init          0x0000000008003fe4        0x8 c:/st/stm32cubeide_1.10.1/stm32cubeide/plugins/com.st.stm32cube.ide.mcu.externaltools.gnu-tools-for-stm32.10.3-2021.10.win32_1.0.0.202111181127/tools/bin/../lib/gcc/arm-none-eabi/10.3.1/thumb/v7e-m+fp/hard/crtn.o
 *(.fini)
 .fini          0x0000000008003fec        0x4 c:/st/stm32cubeide_1.10.1/stm32cubeide/plugins/com.st.stm32cube.ide.mcu.externaltools.gnu-tools-for-stm32.10.3-2021.10.win32_1.0.0.202111181127/tools/bin/../lib/gcc/arm-none-eabi/10.3.1/thumb/v7e-m+fp/hard/crti.o
                0x0000000008003fec                _fini
 .fini          0x0000000008003ff0        0x8 c:/st/stm32cubeide_1.10.1/stm32cubeide/plugins/com.st.stm32cube.ide.mcu.externaltools.gnu-tools-for-stm32.10.3-2021.10.win32_1.0.0.202111181127/tools/bin/../lib/gcc/arm-none-eabi/10.3.1/thumb/v7e-m+fp/hard/crtn.o
                0x0000000008003ff8                . = ALIGN (0x4)
                0x0000000008003ff8                _etext = .

.vfp11_veneer   0x0000000008003ff8        0x0
 .vfp11_veneer  0x0000000008003ff8        0x0 linker stubs

.v4_bx          0x0000000008003ff8        0x0
 .v4_bx         0x0000000008003ff8        0x0 linker stubs

.iplt           0x0000000008003ff8        0x0
 .iplt          0x0000000008003ff8        0x0 c:/st/stm32cubeide_1.10.1/stm32cubeide/plugins/com.st.stm32cube.ide.mcu.externaltools.gnu-tools-for-stm32.10.3-2021.10.win32_1.0.0.202111181127/tools/bin/../lib/gcc/arm-none-eabi/10.3.1/thumb/v7e-m+fp/hard/crtbegin.o

.rodata         0x0000000008003ff8       0x18
                0x0000000008003ff8                . = ALIGN (0x4)
 *(.rodata)
 *(.rodata*)
 .rodata.AHBPrescTable
                0x0000000008003ff8       0x10 ./Core/Src/system_stm32f4xx.o
                0x0000000008003ff8                AHBPrescTable
 .rodata.APBPrescTable
                0x0000000008004008        0x8 ./Core/Src/system_stm32f4xx.o
                0x0000000008004008                APBPrescTable
                0x0000000008004010                . = ALIGN (0x4)

.ARM.extab      0x0000000008004010        0x0
                0x0000000008004010                . = ALIGN (0x4)
 *(.ARM.extab* .gnu.linkonce.armextab.*)
                0x0000000008004010                . = ALIGN (0x4)

.ARM            0x0000000008004010        0x8
                0x0000000008004010                . = ALIGN (0x4)
                0x0000000008004010                __exidx_start = .
 *(.ARM.exidx*)
 .ARM.exidx     0x0000000008004010        0x8 c:/st/stm32cubeide_1.10.1/stm32cubeide/plugins/com.st.stm32cube.ide.mcu.externaltools.gnu-tools-for-stm32.10.3-2021.10.win32_1.0.0.202111181127/tools/bin/../lib/gcc/arm-none-eabi/10.3.1/thumb/v7e-m+fp/hard\libgcc.a(_udivmoddi4.o)
                0x0000000008004018                __exidx_end = .
                0x0000000008004018                . = ALIGN (0x4)

.rel.dyn        0x0000000008004018        0x0
 .rel.iplt      0x0000000008004018        0x0 c:/st/stm32cubeide_1.10.1/stm32cubeide/plugins/com.st.stm32cube.ide.mcu.externaltools.gnu-tools-for-stm32.10.3-2021.10.win32_1.0.0.202111181127/tools/bin/../lib/gcc/arm-none-eabi/10.3.1/thumb/v7e-m+fp/hard/crtbegin.o

.preinit_array  0x0000000008004018        0x0
                0x0000000008004018                . = ALIGN (0x4)
                0x0000000008004018                PROVIDE (__preinit_array_start = .)
 *(.preinit_array*)
                0x0000000008004018                PROVIDE (__preinit_array_end = .)
                0x0000000008004018                . = ALIGN (0x4)

.init_array     0x0000000008004018        0x4
                0x0000000008004018                . = ALIGN (0x4)
                0x0000000008004018                PROVIDE (__init_array_start = .)
 *(SORT_BY_NAME(.init_array.*))
 *(.init_array*)
 .init_array    0x0000000008004018        0x4 c:/st/stm32cubeide_1.10.1/stm32cubeide/plugins/com.st.stm32cube.ide.mcu.externaltools.gnu-tools-for-stm32.10.3-2021.10.win32_1.0.0.202111181127/tools/bin/../lib/gcc/arm-none-eabi/10.3.1/thumb/v7e-m+fp/hard/crtbegin.o
                0x000000000800401c                PROVIDE (__init_array_end = .)
                0x000000000800401c                . = ALIGN (0x4)

.fini_array     0x000000000800401c        0x4
                0x000000000800401c                . = ALIGN (0x4)
                [!provide]                        PROVIDE (__fini_array_start = .)
 *(SORT_BY_NAME(.fini_array.*))
 *(.fini_array*)
 .fini_array    0x000000000800401c        0x4 c:/st/stm32cubeide_1.10.1/stm32cubeide/plugins/com.st.stm32cube.ide.mcu.externaltools.gnu-tools-for-stm32.10.3-2021.10.win32_1.0.0.202111181127/tools/bin/../lib/gcc/arm-none-eabi/10.3.1/thumb/v7e-m+fp/hard/crtbegin.o
                [!provide]                        PROVIDE (__fini_array_end = .)
                0x0000000008004020                . = ALIGN (0x4)
                0x0000000008004020                _sidata = LOADADDR (.data)

.data           0x0000000020000000        0xc load address 0x0000000008004020
                0x0000000020000000                . = ALIGN (0x4)
                0x0000000020000000                _sdata = .
 *(.data)
 *(.data*)
 .data.SystemCoreClock
                0x0000000020000000        0x4 ./Core/Src/system_stm32f4xx.o
                0x0000000020000000                SystemCoreClock
 .data.uwTickPrio
                0x0000000020000004        0x4 ./Drivers/STM32F4xx_HAL_Driver/Src/stm32f4xx_hal.o
                0x0000000020000004                uwTickPrio
 .data.uwTickFreq
                0x0000000020000008        0x1 ./Drivers/STM32F4xx_HAL_Driver/Src/stm32f4xx_hal.o
                0x0000000020000008                uwTickFreq
 *(.RamFunc)
 *(.RamFunc*)
                0x000000002000000c                . = ALIGN (0x4)
 *fill*         0x0000000020000009        0x3 
                0x000000002000000c                _edata = .
                0x000000000800402c                _siccmram = LOADADDR (.ccmram)

.igot.plt       0x000000002000000c        0x0 load address 0x000000000800402c
 .igot.plt      0x000000002000000c        0x0 c:/st/stm32cubeide_1.10.1/stm32cubeide/plugins/com.st.stm32cube.ide.mcu.externaltools.gnu-tools-for-stm32.10.3-2021.10.win32_1.0.0.202111181127/tools/bin/../lib/gcc/arm-none-eabi/10.3.1/thumb/v7e-m+fp/hard/crtbegin.o

.ccmram         0x0000000010000000        0x0 load address 0x000000000800402c
                0x0000000010000000                . = ALIGN (0x4)
                0x0000000010000000                _sccmram = .
 *(.ccmram)
 *(.ccmram*)
                0x0000000010000000                . = ALIGN (0x4)
                0x0000000010000000                _eccmram = .
                0x0000000010000000                . = ALIGN (0x4)

.bss            0x000000002000000c      0x158
                0x000000002000000c                _sbss = .
                0x000000002000000c                __bss_start__ = _sbss
 *(.bss)
 .bss           0x000000002000000c       0x1c c:/st/stm32cubeide_1.10.1/stm32cubeide/plugins/com.st.stm32cube.ide.mcu.externaltools.gnu-tools-for-stm32.10.3-2021.10.win32_1.0.0.202111181127/tools/bin/../lib/gcc/arm-none-eabi/10.3.1/thumb/v7e-m+fp/hard/crtbegin.o
 *(.bss*)
 .bss.bh1750_i2c
                0x0000000020000028        0x4 ./Core/Src/BH1750.o
                0x0000000020000028                bh1750_i2c
 .bss.Bh1750_Mode
                0x000000002000002c        0x1 ./Core/Src/BH1750.o
                0x000000002000002c                Bh1750_Mode
 .bss.Bh1750_Mtreg
                0x000000002000002d        0x1 ./Core/Src/BH1750.o
                0x000000002000002d                Bh1750_Mtreg
 .bss.AC1       0x000000002000002e        0x2 ./Core/Src/BMP180.o
                0x000000002000002e                AC1
 .bss.AC2       0x0000000020000030        0x2 ./Core/Src/BMP180.o
                0x0000000020000030                AC2
 .bss.AC3       0x0000000020000032        0x2 ./Core/Src/BMP180.o
                0x0000000020000032                AC3
 .bss.AC4       0x0000000020000034        0x2 ./Core/Src/BMP180.o
                0x0000000020000034                AC4
 .bss.AC5       0x0000000020000036        0x2 ./Core/Src/BMP180.o
                0x0000000020000036                AC5
 .bss.AC6       0x0000000020000038        0x2 ./Core/Src/BMP180.o
                0x0000000020000038                AC6
 .bss.B1        0x000000002000003a        0x2 ./Core/Src/BMP180.o
                0x000000002000003a                B1
 .bss.B2        0x000000002000003c        0x2 ./Core/Src/BMP180.o
                0x000000002000003c                B2
 .bss.MB        0x000000002000003e        0x2 ./Core/Src/BMP180.o
                0x000000002000003e                MB
 .bss.MC        0x0000000020000040        0x2 ./Core/Src/BMP180.o
                0x0000000020000040                MC
 .bss.MD        0x0000000020000042        0x2 ./Core/Src/BMP180.o
                0x0000000020000042                MD
 .bss.UT        0x0000000020000044        0x4 ./Core/Src/BMP180.o
                0x0000000020000044                UT
 .bss.X1        0x0000000020000048        0x4 ./Core/Src/BMP180.o
                0x0000000020000048                X1
 .bss.X2        0x000000002000004c        0x4 ./Core/Src/BMP180.o
                0x000000002000004c                X2
 .bss.B5        0x0000000020000050        0x4 ./Core/Src/BMP180.o
                0x0000000020000050                B5
 .bss.Temp      0x0000000020000054        0x4 ./Core/Src/BMP180.o
                0x0000000020000054                Temp
 .bss.hi2c1     0x0000000020000058       0x54 ./Core/Src/main.o
                0x0000000020000058                hi2c1
 .bss.hi2c2     0x00000000200000ac       0x54 ./Core/Src/main.o
                0x00000000200000ac                hi2c2
 .bss.hi2c3     0x0000000020000100       0x54 ./Core/Src/main.o
                0x0000000020000100                hi2c3
 .bss.BH1750_lux1
                0x0000000020000154        0x4 ./Core/Src/main.o
                0x0000000020000154                BH1750_lux1
 .bss.BH1750_lux2
                0x0000000020000158        0x4 ./Core/Src/main.o
                0x0000000020000158                BH1750_lux2
 .bss.sicaklik  0x000000002000015c        0x4 ./Core/Src/main.o
                0x000000002000015c                sicaklik
 .bss.uwTick    0x0000000020000160        0x4 ./Drivers/STM32F4xx_HAL_Driver/Src/stm32f4xx_hal.o
                0x0000000020000160                uwTick
 *(COMMON)
                0x0000000020000164                . = ALIGN (0x4)
                0x0000000020000164                _ebss = .
                0x0000000020000164                __bss_end__ = _ebss

._user_heap_stack
                0x0000000020000164      0x604
                0x0000000020000168                . = ALIGN (0x8)
 *fill*         0x0000000020000164        0x4 
                [!provide]                        PROVIDE (end = .)
                0x0000000020000168                PROVIDE (_end = .)
                0x0000000020000368                . = (. + _Min_Heap_Size)
 *fill*         0x0000000020000168      0x200 
                0x0000000020000768                . = (. + _Min_Stack_Size)
 *fill*         0x0000000020000368      0x400 
                0x0000000020000768                . = ALIGN (0x8)

/DISCARD/
 libc.a(*)
 libm.a(*)
 libgcc.a(*)

.ARM.attributes
                0x0000000000000000       0x30
 *(.ARM.attributes)
 .ARM.attributes
                0x0000000000000000       0x1e c:/st/stm32cubeide_1.10.1/stm32cubeide/plugins/com.st.stm32cube.ide.mcu.externaltools.gnu-tools-for-stm32.10.3-2021.10.win32_1.0.0.202111181127/tools/bin/../lib/gcc/arm-none-eabi/10.3.1/thumb/v7e-m+fp/hard/crti.o
 .ARM.attributes
                0x000000000000001e       0x34 c:/st/stm32cubeide_1.10.1/stm32cubeide/plugins/com.st.stm32cube.ide.mcu.externaltools.gnu-tools-for-stm32.10.3-2021.10.win32_1.0.0.202111181127/tools/bin/../lib/gcc/arm-none-eabi/10.3.1/thumb/v7e-m+fp/hard/crtbegin.o
 .ARM.attributes
                0x0000000000000052       0x34 ./Core/Src/BH1750.o
 .ARM.attributes
                0x0000000000000086       0x34 ./Core/Src/BMP180.o
 .ARM.attributes
                0x00000000000000ba       0x34 ./Core/Src/main.o
 .ARM.attributes
                0x00000000000000ee       0x34 ./Core/Src/stm32f4xx_hal_msp.o
 .ARM.attributes
                0x0000000000000122       0x34 ./Core/Src/stm32f4xx_it.o
 .ARM.attributes
                0x0000000000000156       0x34 ./Core/Src/system_stm32f4xx.o
 .ARM.attributes
                0x000000000000018a       0x21 ./Core/Startup/startup_stm32f407vgtx.o
 .ARM.attributes
                0x00000000000001ab       0x34 ./Drivers/STM32F4xx_HAL_Driver/Src/stm32f4xx_hal.o
 .ARM.attributes
                0x00000000000001df       0x34 ./Drivers/STM32F4xx_HAL_Driver/Src/stm32f4xx_hal_cortex.o
 .ARM.attributes
                0x0000000000000213       0x34 ./Drivers/STM32F4xx_HAL_Driver/Src/stm32f4xx_hal_gpio.o
 .ARM.attributes
                0x0000000000000247       0x34 ./Drivers/STM32F4xx_HAL_Driver/Src/stm32f4xx_hal_i2c.o
 .ARM.attributes
                0x000000000000027b       0x34 ./Drivers/STM32F4xx_HAL_Driver/Src/stm32f4xx_hal_rcc.o
 .ARM.attributes
                0x00000000000002af       0x34 c:/st/stm32cubeide_1.10.1/stm32cubeide/plugins/com.st.stm32cube.ide.mcu.externaltools.gnu-tools-for-stm32.10.3-2021.10.win32_1.0.0.202111181127/tools/bin/../lib/gcc/arm-none-eabi/10.3.1/../../../../arm-none-eabi/lib/thumb/v7e-m+fp/hard\libc_nano.a(lib_a-init.o)
 .ARM.attributes
                0x00000000000002e3       0x34 c:/st/stm32cubeide_1.10.1/stm32cubeide/plugins/com.st.stm32cube.ide.mcu.externaltools.gnu-tools-for-stm32.10.3-2021.10.win32_1.0.0.202111181127/tools/bin/../lib/gcc/arm-none-eabi/10.3.1/../../../../arm-none-eabi/lib/thumb/v7e-m+fp/hard\libc_nano.a(lib_a-memset.o)
 .ARM.attributes
                0x0000000000000317       0x1e c:/st/stm32cubeide_1.10.1/stm32cubeide/plugins/com.st.stm32cube.ide.mcu.externaltools.gnu-tools-for-stm32.10.3-2021.10.win32_1.0.0.202111181127/tools/bin/../lib/gcc/arm-none-eabi/10.3.1/thumb/v7e-m+fp/hard\libgcc.a(_arm_addsubdf3.o)
 .ARM.attributes
                0x0000000000000335       0x1e c:/st/stm32cubeide_1.10.1/stm32cubeide/plugins/com.st.stm32cube.ide.mcu.externaltools.gnu-tools-for-stm32.10.3-2021.10.win32_1.0.0.202111181127/tools/bin/../lib/gcc/arm-none-eabi/10.3.1/thumb/v7e-m+fp/hard\libgcc.a(_arm_muldivdf3.o)
 .ARM.attributes
                0x0000000000000353       0x1e c:/st/stm32cubeide_1.10.1/stm32cubeide/plugins/com.st.stm32cube.ide.mcu.externaltools.gnu-tools-for-stm32.10.3-2021.10.win32_1.0.0.202111181127/tools/bin/../lib/gcc/arm-none-eabi/10.3.1/thumb/v7e-m+fp/hard\libgcc.a(_arm_fixdfsi.o)
 .ARM.attributes
                0x0000000000000371       0x1e c:/st/stm32cubeide_1.10.1/stm32cubeide/plugins/com.st.stm32cube.ide.mcu.externaltools.gnu-tools-for-stm32.10.3-2021.10.win32_1.0.0.202111181127/tools/bin/../lib/gcc/arm-none-eabi/10.3.1/thumb/v7e-m+fp/hard\libgcc.a(_arm_truncdfsf2.o)
 .ARM.attributes
                0x000000000000038f       0x1e c:/st/stm32cubeide_1.10.1/stm32cubeide/plugins/com.st.stm32cube.ide.mcu.externaltools.gnu-tools-for-stm32.10.3-2021.10.win32_1.0.0.202111181127/tools/bin/../lib/gcc/arm-none-eabi/10.3.1/thumb/v7e-m+fp/hard\libgcc.a(_aeabi_uldivmod.o)
 .ARM.attributes
                0x00000000000003ad       0x34 c:/st/stm32cubeide_1.10.1/stm32cubeide/plugins/com.st.stm32cube.ide.mcu.externaltools.gnu-tools-for-stm32.10.3-2021.10.win32_1.0.0.202111181127/tools/bin/../lib/gcc/arm-none-eabi/10.3.1/thumb/v7e-m+fp/hard\libgcc.a(_udivmoddi4.o)
 .ARM.attributes
                0x00000000000003e1       0x1e c:/st/stm32cubeide_1.10.1/stm32cubeide/plugins/com.st.stm32cube.ide.mcu.externaltools.gnu-tools-for-stm32.10.3-2021.10.win32_1.0.0.202111181127/tools/bin/../lib/gcc/arm-none-eabi/10.3.1/thumb/v7e-m+fp/hard\libgcc.a(_dvmd_tls.o)
 .ARM.attributes
                0x00000000000003ff       0x1e c:/st/stm32cubeide_1.10.1/stm32cubeide/plugins/com.st.stm32cube.ide.mcu.externaltools.gnu-tools-for-stm32.10.3-2021.10.win32_1.0.0.202111181127/tools/bin/../lib/gcc/arm-none-eabi/10.3.1/thumb/v7e-m+fp/hard/crtn.o
OUTPUT(i2c_sensors.elf elf32-littlearm)
LOAD linker stubs
LOAD c:/st/stm32cubeide_1.10.1/stm32cubeide/plugins/com.st.stm32cube.ide.mcu.externaltools.gnu-tools-for-stm32.10.3-2021.10.win32_1.0.0.202111181127/tools/bin/../lib/gcc/arm-none-eabi/10.3.1/../../../../arm-none-eabi/lib/thumb/v7e-m+fp/hard\libc.a
LOAD c:/st/stm32cubeide_1.10.1/stm32cubeide/plugins/com.st.stm32cube.ide.mcu.externaltools.gnu-tools-for-stm32.10.3-2021.10.win32_1.0.0.202111181127/tools/bin/../lib/gcc/arm-none-eabi/10.3.1/../../../../arm-none-eabi/lib/thumb/v7e-m+fp/hard\libm.a
LOAD c:/st/stm32cubeide_1.10.1/stm32cubeide/plugins/com.st.stm32cube.ide.mcu.externaltools.gnu-tools-for-stm32.10.3-2021.10.win32_1.0.0.202111181127/tools/bin/../lib/gcc/arm-none-eabi/10.3.1/thumb/v7e-m+fp/hard\libgcc.a

.debug_info     0x0000000000000000     0x7e41
 .debug_info    0x0000000000000000      0x8a2 ./Core/Src/BH1750.o
 .debug_info    0x00000000000008a2      0x909 ./Core/Src/BMP180.o
 .debug_info    0x00000000000011ab      0xd56 ./Core/Src/main.o
 .debug_info    0x0000000000001f01      0xa6a ./Core/Src/stm32f4xx_hal_msp.o
 .debug_info    0x000000000000296b      0x121 ./Core/Src/stm32f4xx_it.o
 .debug_info    0x0000000000002a8c      0x523 ./Core/Src/system_stm32f4xx.o
 .debug_info    0x0000000000002faf       0x22 ./Core/Startup/startup_stm32f407vgtx.o
 .debug_info    0x0000000000002fd1      0x97c ./Drivers/STM32F4xx_HAL_Driver/Src/stm32f4xx_hal.o
 .debug_info    0x000000000000394d      0xe1b ./Drivers/STM32F4xx_HAL_Driver/Src/stm32f4xx_hal_cortex.o
 .debug_info    0x0000000000004768      0x76a ./Drivers/STM32F4xx_HAL_Driver/Src/stm32f4xx_hal_gpio.o
 .debug_info    0x0000000000004ed2     0x2609 ./Drivers/STM32F4xx_HAL_Driver/Src/stm32f4xx_hal_i2c.o
 .debug_info    0x00000000000074db      0x966 ./Drivers/STM32F4xx_HAL_Driver/Src/stm32f4xx_hal_rcc.o

.debug_abbrev   0x0000000000000000     0x156b
 .debug_abbrev  0x0000000000000000      0x1b5 ./Core/Src/BH1750.o
 .debug_abbrev  0x00000000000001b5      0x1ef ./Core/Src/BMP180.o
 .debug_abbrev  0x00000000000003a4      0x26f ./Core/Src/main.o
 .debug_abbrev  0x0000000000000613      0x194 ./Core/Src/stm32f4xx_hal_msp.o
 .debug_abbrev  0x00000000000007a7       0x74 ./Core/Src/stm32f4xx_it.o
 .debug_abbrev  0x000000000000081b      0x116 ./Core/Src/system_stm32f4xx.o
 .debug_abbrev  0x0000000000000931       0x12 ./Core/Startup/startup_stm32f407vgtx.o
 .debug_abbrev  0x0000000000000943      0x20d ./Drivers/STM32F4xx_HAL_Driver/Src/stm32f4xx_hal.o
 .debug_abbrev  0x0000000000000b50      0x316 ./Drivers/STM32F4xx_HAL_Driver/Src/stm32f4xx_hal_cortex.o
 .debug_abbrev  0x0000000000000e66      0x1c4 ./Drivers/STM32F4xx_HAL_Driver/Src/stm32f4xx_hal_gpio.o
 .debug_abbrev  0x000000000000102a      0x297 ./Drivers/STM32F4xx_HAL_Driver/Src/stm32f4xx_hal_i2c.o
 .debug_abbrev  0x00000000000012c1      0x2aa ./Drivers/STM32F4xx_HAL_Driver/Src/stm32f4xx_hal_rcc.o

.debug_aranges  0x0000000000000000      0x740
 .debug_aranges
                0x0000000000000000       0x50 ./Core/Src/BH1750.o
 .debug_aranges
                0x0000000000000050       0x38 ./Core/Src/BMP180.o
 .debug_aranges
                0x0000000000000088       0x50 ./Core/Src/main.o
 .debug_aranges
                0x00000000000000d8       0x30 ./Core/Src/stm32f4xx_hal_msp.o
 .debug_aranges
                0x0000000000000108       0x60 ./Core/Src/stm32f4xx_it.o
 .debug_aranges
                0x0000000000000168       0x28 ./Core/Src/system_stm32f4xx.o
 .debug_aranges
                0x0000000000000190       0x28 ./Core/Startup/startup_stm32f407vgtx.o
 .debug_aranges
                0x00000000000001b8       0xf0 ./Drivers/STM32F4xx_HAL_Driver/Src/stm32f4xx_hal.o
 .debug_aranges
                0x00000000000002a8      0x118 ./Drivers/STM32F4xx_HAL_Driver/Src/stm32f4xx_hal_cortex.o
 .debug_aranges
                0x00000000000003c0       0x58 ./Drivers/STM32F4xx_HAL_Driver/Src/stm32f4xx_hal_gpio.o
 .debug_aranges
                0x0000000000000418      0x2a0 ./Drivers/STM32F4xx_HAL_Driver/Src/stm32f4xx_hal_i2c.o
 .debug_aranges
                0x00000000000006b8       0x88 ./Drivers/STM32F4xx_HAL_Driver/Src/stm32f4xx_hal_rcc.o

.debug_ranges   0x0000000000000000      0x6a0
 .debug_ranges  0x0000000000000000       0x40 ./Core/Src/BH1750.o
 .debug_ranges  0x0000000000000040       0x28 ./Core/Src/BMP180.o
 .debug_ranges  0x0000000000000068       0x40 ./Core/Src/main.o
 .debug_ranges  0x00000000000000a8       0x20 ./Core/Src/stm32f4xx_hal_msp.o
 .debug_ranges  0x00000000000000c8       0x50 ./Core/Src/stm32f4xx_it.o
 .debug_ranges  0x0000000000000118       0x18 ./Core/Src/system_stm32f4xx.o
 .debug_ranges  0x0000000000000130       0x20 ./Core/Startup/startup_stm32f407vgtx.o
 .debug_ranges  0x0000000000000150       0xe0 ./Drivers/STM32F4xx_HAL_Driver/Src/stm32f4xx_hal.o
 .debug_ranges  0x0000000000000230      0x108 ./Drivers/STM32F4xx_HAL_Driver/Src/stm32f4xx_hal_cortex.o
 .debug_ranges  0x0000000000000338       0x48 ./Drivers/STM32F4xx_HAL_Driver/Src/stm32f4xx_hal_gpio.o
 .debug_ranges  0x0000000000000380      0x2a8 ./Drivers/STM32F4xx_HAL_Driver/Src/stm32f4xx_hal_i2c.o
 .debug_ranges  0x0000000000000628       0x78 ./Drivers/STM32F4xx_HAL_Driver/Src/stm32f4xx_hal_rcc.o

.debug_macro    0x0000000000000000    0x2008c
 .debug_macro   0x0000000000000000      0x1d9 ./Core/Src/BH1750.o
 .debug_macro   0x00000000000001d9      0xa78 ./Core/Src/BH1750.o
 .debug_macro   0x0000000000000c51       0x2e ./Core/Src/BH1750.o
 .debug_macro   0x0000000000000c7f       0x2f ./Core/Src/BH1750.o
 .debug_macro   0x0000000000000cae       0x22 ./Core/Src/BH1750.o
 .debug_macro   0x0000000000000cd0       0x8e ./Core/Src/BH1750.o
 .debug_macro   0x0000000000000d5e       0x51 ./Core/Src/BH1750.o
 .debug_macro   0x0000000000000daf      0x103 ./Core/Src/BH1750.o
 .debug_macro   0x0000000000000eb2       0x6a ./Core/Src/BH1750.o
 .debug_macro   0x0000000000000f1c      0x1df ./Core/Src/BH1750.o
 .debug_macro   0x00000000000010fb       0x1c ./Core/Src/BH1750.o
 .debug_macro   0x0000000000001117       0x22 ./Core/Src/BH1750.o
 .debug_macro   0x0000000000001139       0xd9 ./Core/Src/BH1750.o
 .debug_macro   0x0000000000001212     0x102d ./Core/Src/BH1750.o
 .debug_macro   0x000000000000223f      0x11f ./Core/Src/BH1750.o
 .debug_macro   0x000000000000235e    0x15e82 ./Core/Src/BH1750.o
 .debug_macro   0x00000000000181e0       0x6d ./Core/Src/BH1750.o
 .debug_macro   0x000000000001824d      0x295 ./Core/Src/BH1750.o
 .debug_macro   0x00000000000184e2     0x367e ./Core/Src/BH1750.o
 .debug_macro   0x000000000001bb60      0x174 ./Core/Src/BH1750.o
 .debug_macro   0x000000000001bcd4       0x5c ./Core/Src/BH1750.o
 .debug_macro   0x000000000001bd30      0x96b ./Core/Src/BH1750.o
 .debug_macro   0x000000000001c69b      0x9fe ./Core/Src/BH1750.o
 .debug_macro   0x000000000001d099      0x115 ./Core/Src/BH1750.o
 .debug_macro   0x000000000001d1ae      0x13e ./Core/Src/BH1750.o
 .debug_macro   0x000000000001d2ec       0xa5 ./Core/Src/BH1750.o
 .debug_macro   0x000000000001d391      0x174 ./Core/Src/BH1750.o
 .debug_macro   0x000000000001d505      0x287 ./Core/Src/BH1750.o
 .debug_macro   0x000000000001d78c       0x5f ./Core/Src/BH1750.o
 .debug_macro   0x000000000001d7eb      0x236 ./Core/Src/BH1750.o
 .debug_macro   0x000000000001da21      0x12c ./Core/Src/BH1750.o
 .debug_macro   0x000000000001db4d      0x21e ./Core/Src/BH1750.o
 .debug_macro   0x000000000001dd6b       0x2e ./Core/Src/BH1750.o
 .debug_macro   0x000000000001dd99      0x1b5 ./Core/Src/BH1750.o
 .debug_macro   0x000000000001df4e       0xd6 ./Core/Src/BH1750.o
 .debug_macro   0x000000000001e024      0x11a ./Core/Src/BH1750.o
 .debug_macro   0x000000000001e13e       0x7e ./Core/Src/BH1750.o
 .debug_macro   0x000000000001e1bc       0x89 ./Core/Src/BH1750.o
 .debug_macro   0x000000000001e245      0x12d ./Core/Src/BH1750.o
 .debug_macro   0x000000000001e372       0x28 ./Core/Src/BH1750.o
 .debug_macro   0x000000000001e39a      0x28b ./Core/Src/BMP180.o
 .debug_macro   0x000000000001e625       0x52 ./Core/Src/BMP180.o
 .debug_macro   0x000000000001e677       0x1e ./Core/Src/BMP180.o
 .debug_macro   0x000000000001e695       0x3c ./Core/Src/BMP180.o
 .debug_macro   0x000000000001e6d1       0x34 ./Core/Src/BMP180.o
 .debug_macro   0x000000000001e705       0x16 ./Core/Src/BMP180.o
 .debug_macro   0x000000000001e71b       0x43 ./Core/Src/BMP180.o
 .debug_macro   0x000000000001e75e       0x34 ./Core/Src/BMP180.o
 .debug_macro   0x000000000001e792       0x10 ./Core/Src/BMP180.o
 .debug_macro   0x000000000001e7a2       0x58 ./Core/Src/BMP180.o
 .debug_macro   0x000000000001e7fa       0x71 ./Core/Src/BMP180.o
 .debug_macro   0x000000000001e86b       0x1c ./Core/Src/BMP180.o
 .debug_macro   0x000000000001e887      0x12a ./Core/Src/BMP180.o
 .debug_macro   0x000000000001e9b1      0x341 ./Core/Src/BMP180.o
 .debug_macro   0x000000000001ecf2      0x19b ./Core/Src/BMP180.o
 .debug_macro   0x000000000001ee8d      0x292 ./Core/Src/main.o
 .debug_macro   0x000000000001f11f       0x2e ./Core/Src/main.o
 .debug_macro   0x000000000001f14d      0x1d4 ./Core/Src/stm32f4xx_hal_msp.o
 .debug_macro   0x000000000001f321      0x1de ./Core/Src/stm32f4xx_it.o
 .debug_macro   0x000000000001f4ff      0x1ca ./Core/Src/system_stm32f4xx.o
 .debug_macro   0x000000000001f6c9      0x22a ./Drivers/STM32F4xx_HAL_Driver/Src/stm32f4xx_hal.o
 .debug_macro   0x000000000001f8f3      0x1ca ./Drivers/STM32F4xx_HAL_Driver/Src/stm32f4xx_hal_cortex.o
 .debug_macro   0x000000000001fabd      0x1d0 ./Drivers/STM32F4xx_HAL_Driver/Src/stm32f4xx_hal_gpio.o
 .debug_macro   0x000000000001fc8d      0x211 ./Drivers/STM32F4xx_HAL_Driver/Src/stm32f4xx_hal_i2c.o
 .debug_macro   0x000000000001fe9e      0x1ee ./Drivers/STM32F4xx_HAL_Driver/Src/stm32f4xx_hal_rcc.o

.debug_line     0x0000000000000000     0x981d
 .debug_line    0x0000000000000000      0x814 ./Core/Src/BH1750.o
 .debug_line    0x0000000000000814      0x924 ./Core/Src/BMP180.o
 .debug_line    0x0000000000001138      0x961 ./Core/Src/main.o
 .debug_line    0x0000000000001a99      0x768 ./Core/Src/stm32f4xx_hal_msp.o
 .debug_line    0x0000000000002201      0x766 ./Core/Src/stm32f4xx_it.o
 .debug_line    0x0000000000002967      0x725 ./Core/Src/system_stm32f4xx.o
 .debug_line    0x000000000000308c       0x88 ./Core/Startup/startup_stm32f407vgtx.o
 .debug_line    0x0000000000003114      0x98b ./Drivers/STM32F4xx_HAL_Driver/Src/stm32f4xx_hal.o
 .debug_line    0x0000000000003a9f      0xc3a ./Drivers/STM32F4xx_HAL_Driver/Src/stm32f4xx_hal_cortex.o
 .debug_line    0x00000000000046d9      0xaff ./Drivers/STM32F4xx_HAL_Driver/Src/stm32f4xx_hal_gpio.o
 .debug_line    0x00000000000051d8     0x3940 ./Drivers/STM32F4xx_HAL_Driver/Src/stm32f4xx_hal_i2c.o
 .debug_line    0x0000000000008b18      0xd05 ./Drivers/STM32F4xx_HAL_Driver/Src/stm32f4xx_hal_rcc.o

.debug_str      0x0000000000000000    0xc1f3c
 .debug_str     0x0000000000000000    0xbc669 ./Core/Src/BH1750.o
                                      0xbc937 (size before relaxing)
 .debug_str     0x00000000000bc669     0x36a6 ./Core/Src/BMP180.o
                                      0xbfd8b (size before relaxing)
 .debug_str     0x00000000000bfd0f      0x346 ./Core/Src/main.o
                                      0xc01a5 (size before relaxing)
 .debug_str     0x00000000000c0055       0x9c ./Core/Src/stm32f4xx_hal_msp.o
                                      0xbc879 (size before relaxing)
 .debug_str     0x00000000000c00f1       0xc9 ./Core/Src/stm32f4xx_it.o
                                      0xbc261 (size before relaxing)
 .debug_str     0x00000000000c01ba       0xdb ./Core/Src/system_stm32f4xx.o
                                      0xbc38b (size before relaxing)
 .debug_str     0x00000000000c0295       0x36 ./Core/Startup/startup_stm32f407vgtx.o
                                         0x6e (size before relaxing)
 .debug_str     0x00000000000c02cb      0xafd ./Drivers/STM32F4xx_HAL_Driver/Src/stm32f4xx_hal.o
                                      0xbcf0f (size before relaxing)
 .debug_str     0x00000000000c0dc8      0x354 ./Drivers/STM32F4xx_HAL_Driver/Src/stm32f4xx_hal_cortex.o
                                      0xbcc42 (size before relaxing)
 .debug_str     0x00000000000c111c      0x14a ./Drivers/STM32F4xx_HAL_Driver/Src/stm32f4xx_hal_gpio.o
                                      0xbc506 (size before relaxing)
 .debug_str     0x00000000000c1266      0xac3 ./Drivers/STM32F4xx_HAL_Driver/Src/stm32f4xx_hal_i2c.o
                                      0xbd356 (size before relaxing)
 .debug_str     0x00000000000c1d29      0x213 ./Drivers/STM32F4xx_HAL_Driver/Src/stm32f4xx_hal_rcc.o
                                      0xbc7bf (size before relaxing)

.comment        0x0000000000000000       0x50
 .comment       0x0000000000000000       0x50 ./Core/Src/BH1750.o
                                         0x51 (size before relaxing)
 .comment       0x0000000000000050       0x51 ./Core/Src/BMP180.o
 .comment       0x0000000000000050       0x51 ./Core/Src/main.o
 .comment       0x0000000000000050       0x51 ./Core/Src/stm32f4xx_hal_msp.o
 .comment       0x0000000000000050       0x51 ./Core/Src/stm32f4xx_it.o
 .comment       0x0000000000000050       0x51 ./Core/Src/system_stm32f4xx.o
 .comment       0x0000000000000050       0x51 ./Drivers/STM32F4xx_HAL_Driver/Src/stm32f4xx_hal.o
 .comment       0x0000000000000050       0x51 ./Drivers/STM32F4xx_HAL_Driver/Src/stm32f4xx_hal_cortex.o
 .comment       0x0000000000000050       0x51 ./Drivers/STM32F4xx_HAL_Driver/Src/stm32f4xx_hal_gpio.o
 .comment       0x0000000000000050       0x51 ./Drivers/STM32F4xx_HAL_Driver/Src/stm32f4xx_hal_i2c.o
 .comment       0x0000000000000050       0x51 ./Drivers/STM32F4xx_HAL_Driver/Src/stm32f4xx_hal_rcc.o

.debug_frame    0x0000000000000000     0x1dfc
 .debug_frame   0x0000000000000000      0x10c ./Core/Src/BH1750.o
 .debug_frame   0x000000000000010c       0x98 ./Core/Src/BMP180.o
 .debug_frame   0x00000000000001a4       0xe4 ./Core/Src/main.o
 .debug_frame   0x0000000000000288       0x80 ./Core/Src/stm32f4xx_hal_msp.o
 .debug_frame   0x0000000000000308      0x104 ./Core/Src/stm32f4xx_it.o
 .debug_frame   0x000000000000040c       0x58 ./Core/Src/system_stm32f4xx.o
 .debug_frame   0x0000000000000464      0x374 ./Drivers/STM32F4xx_HAL_Driver/Src/stm32f4xx_hal.o
 .debug_frame   0x00000000000007d8      0x498 ./Drivers/STM32F4xx_HAL_Driver/Src/stm32f4xx_hal_cortex.o
 .debug_frame   0x0000000000000c70      0x14c ./Drivers/STM32F4xx_HAL_Driver/Src/stm32f4xx_hal_gpio.o
 .debug_frame   0x0000000000000dbc      0xc5c ./Drivers/STM32F4xx_HAL_Driver/Src/stm32f4xx_hal_i2c.o
 .debug_frame   0x0000000000001a18      0x1f4 ./Drivers/STM32F4xx_HAL_Driver/Src/stm32f4xx_hal_rcc.o
 .debug_frame   0x0000000000001c0c       0x2c c:/st/stm32cubeide_1.10.1/stm32cubeide/plugins/com.st.stm32cube.ide.mcu.externaltools.gnu-tools-for-stm32.10.3-2021.10.win32_1.0.0.202111181127/tools/bin/../lib/gcc/arm-none-eabi/10.3.1/../../../../arm-none-eabi/lib/thumb/v7e-m+fp/hard\libc_nano.a(lib_a-init.o)
 .debug_frame   0x0000000000001c38       0x20 c:/st/stm32cubeide_1.10.1/stm32cubeide/plugins/com.st.stm32cube.ide.mcu.externaltools.gnu-tools-for-stm32.10.3-2021.10.win32_1.0.0.202111181127/tools/bin/../lib/gcc/arm-none-eabi/10.3.1/../../../../arm-none-eabi/lib/thumb/v7e-m+fp/hard\libc_nano.a(lib_a-memset.o)
 .debug_frame   0x0000000000001c58       0xac c:/st/stm32cubeide_1.10.1/stm32cubeide/plugins/com.st.stm32cube.ide.mcu.externaltools.gnu-tools-for-stm32.10.3-2021.10.win32_1.0.0.202111181127/tools/bin/../lib/gcc/arm-none-eabi/10.3.1/thumb/v7e-m+fp/hard\libgcc.a(_arm_addsubdf3.o)
 .debug_frame   0x0000000000001d04       0x50 c:/st/stm32cubeide_1.10.1/stm32cubeide/plugins/com.st.stm32cube.ide.mcu.externaltools.gnu-tools-for-stm32.10.3-2021.10.win32_1.0.0.202111181127/tools/bin/../lib/gcc/arm-none-eabi/10.3.1/thumb/v7e-m+fp/hard\libgcc.a(_arm_muldivdf3.o)
 .debug_frame   0x0000000000001d54       0x24 c:/st/stm32cubeide_1.10.1/stm32cubeide/plugins/com.st.stm32cube.ide.mcu.externaltools.gnu-tools-for-stm32.10.3-2021.10.win32_1.0.0.202111181127/tools/bin/../lib/gcc/arm-none-eabi/10.3.1/thumb/v7e-m+fp/hard\libgcc.a(_arm_fixdfsi.o)
 .debug_frame   0x0000000000001d78       0x24 c:/st/stm32cubeide_1.10.1/stm32cubeide/plugins/com.st.stm32cube.ide.mcu.externaltools.gnu-tools-for-stm32.10.3-2021.10.win32_1.0.0.202111181127/tools/bin/../lib/gcc/arm-none-eabi/10.3.1/thumb/v7e-m+fp/hard\libgcc.a(_arm_truncdfsf2.o)
 .debug_frame   0x0000000000001d9c       0x2c c:/st/stm32cubeide_1.10.1/stm32cubeide/plugins/com.st.stm32cube.ide.mcu.externaltools.gnu-tools-for-stm32.10.3-2021.10.win32_1.0.0.202111181127/tools/bin/../lib/gcc/arm-none-eabi/10.3.1/thumb/v7e-m+fp/hard\libgcc.a(_aeabi_uldivmod.o)
 .debug_frame   0x0000000000001dc8       0x34 c:/st/stm32cubeide_1.10.1/stm32cubeide/plugins/com.st.stm32cube.ide.mcu.externaltools.gnu-tools-for-stm32.10.3-2021.10.win32_1.0.0.202111181127/tools/bin/../lib/gcc/arm-none-eabi/10.3.1/thumb/v7e-m+fp/hard\libgcc.a(_udivmoddi4.o)
