16:26:59 **** Incremental Build of configuration Debug for project BH1750_Light_Intensity ****
make -j8 all 
arm-none-eabi-size   BH1750_Light_Intensity.elf 
   text	   data	    bss	    dec	    hex	filename
  10900	     20	   1756	  12676	   3184	BH1750_Light_Intensity.elf
Finished building: default.size.stdout
 
16:27:28 **** Incremental Build of configuration Debug for project BH1750_Light_Intensity ****
make -j8 all 
arm-none-eabi-size   BH1750_Light_Intensity.elf 
   text	   data	    bss	    dec	    hex	filename
  10900	     20	   1756	  12676	   3184	BH1750_Light_Intensity.elf
Finished building: default.size.stdout
 
19:50:52 **** Incremental Build of configuration Debug for project BH1750_Light_Intensity ****
make -j8 all 
arm-none-eabi-size   BH1750_Light_Intensity.elf 
   text	   data	    bss	    dec	    hex	filename
  10900	     20	   1756	  12676	   3184	BH1750_Light_Intensity.elf
Finished building: default.size.stdout
 
20:01:12 **** Incremental Build of configuration Debug for project BH1750_Light_Intensity ****
make -j8 all 
arm-none-eabi-size   BH1750_Light_Intensity.elf 
   text	   data	    bss	    dec	    hex	filename
  10900	     20	   1756	  12676	   3184	BH1750_Light_Intensity.elf
Finished building: default.size.stdout
 
20:19:46 **** Build of configuration Debug for project i2c_sensors ****
make -j8 all 
arm-none-eabi-size   i2c_sensors.elf 
   text	   data	    bss	    dec	    hex	filename
  11064	     20	   1836	  12920	   3278	i2c_sensors.elf
Finished building: default.size.stdout
 
20:20:48 **** Incremental Build of configuration Debug for project i2c_sensors ****
make -j8 all 
arm-none-eabi-gcc "../Core/Src/main.c" -mcpu=cortex-m4 -std=gnu11 -g3 -DDEBUG -DUSE_HAL_DRIVER -DSTM32F407xx -c -I../Core/Inc -I../Drivers/STM32F4xx_HAL_Driver/Inc -I../Drivers/STM32F4xx_HAL_Driver/Inc/Legacy -I../Drivers/CMSIS/Device/ST/STM32F4xx/Include -I../Drivers/CMSIS/Include -O0 -ffunction-sections -fdata-sections -Wall -fstack-usage -MMD -MP -MF"Core/Src/main.d" -MT"Core/Src/main.o" --specs=nano.specs -mfpu=fpv4-sp-d16 -mfloat-abi=hard -mthumb -o "Core/Src/main.o"
arm-none-eabi-gcc -o "i2c_sensors.elf" @"objects.list"   -mcpu=cortex-m4 -T"C:\Users\VeliSacikara\Desktop\Sensors\i2c_sensors\STM32F407VGTX_FLASH.ld" --specs=nosys.specs -Wl,-Map="i2c_sensors.map" -Wl,--gc-sections -static --specs=nano.specs -mfpu=fpv4-sp-d16 -mfloat-abi=hard -mthumb -Wl,--start-group -lc -lm -Wl,--end-group
Finished building target: i2c_sensors.elf
 
arm-none-eabi-size   i2c_sensors.elf 
arm-none-eabi-objdump -h -S  i2c_sensors.elf  > "i2c_sensors.list"
   text	   data	    bss	    dec	    hex	filename
  16408	     20	   1884	  18312	   4788	i2c_sensors.elf
Finished building: default.size.stdout
 
Finished building: i2c_sensors.list
 
20:34:54 **** Incremental Build of configuration Debug for project i2c_sensors ****
make -j8 all 
arm-none-eabi-size   i2c_sensors.elf 
   text	   data	    bss	    dec	    hex	filename
  16408	     20	   1884	  18312	   4788	i2c_sensors.elf
Finished building: default.size.stdout
 
21:11:15 **** Incremental Build of configuration Debug for project DHT22_Humidity_Temperature ****
make -j8 all 
arm-none-eabi-size   DHT22_Humidity_Temperature.elf 
   text	   data	    bss	    dec	    hex	filename
   6964	     20	   1580	   8564	   2174	DHT22_Humidity_Temperature.elf
Finished building: default.size.stdout
 
21:12:07 **** Incremental Build of configuration Debug for project DHT22_Humidity_Temperature ****
make -j8 all 
arm-none-eabi-size   DHT22_Humidity_Temperature.elf 
   text	   data	    bss	    dec	    hex	filename
   6964	     20	   1580	   8564	   2174	DHT22_Humidity_Temperature.elf
Finished building: default.size.stdout
 
21:13:42 **** Incremental Build of configuration Debug for project DHT22_Humidity_Temperature ****
make -j8 all 
arm-none-eabi-size   DHT22_Humidity_Temperature.elf 
   text	   data	    bss	    dec	    hex	filename
   6964	     20	   1580	   8564	   2174	DHT22_Humidity_Temperature.elf
Finished building: default.size.stdout
 
21:15:51 **** Incremental Build of configuration Debug for project DHT22_Humidity_Temperature ****
make -j8 all 
arm-none-eabi-gcc "../Core/Src/dht22.c" -mcpu=cortex-m4 -std=gnu11 -g3 -DDEBUG -DUSE_HAL_DRIVER -DSTM32F407xx -c -I../Core/Inc -I../Drivers/STM32F4xx_HAL_Driver/Inc -I../Drivers/STM32F4xx_HAL_Driver/Inc/Legacy -I../Drivers/CMSIS/Device/ST/STM32F4xx/Include -I../Drivers/CMSIS/Include -O0 -ffunction-sections -fdata-sections -Wall -fstack-usage -MMD -MP -MF"Core/Src/dht22.d" -MT"Core/Src/dht22.o" --specs=nano.specs -mfpu=fpv4-sp-d16 -mfloat-abi=hard -mthumb -o "Core/Src/dht22.o"
arm-none-eabi-gcc "../Core/Src/main.c" -mcpu=cortex-m4 -std=gnu11 -g3 -DDEBUG -DUSE_HAL_DRIVER -DSTM32F407xx -c -I../Core/Inc -I../Drivers/STM32F4xx_HAL_Driver/Inc -I../Drivers/STM32F4xx_HAL_Driver/Inc/Legacy -I../Drivers/CMSIS/Device/ST/STM32F4xx/Include -I../Drivers/CMSIS/Include -O0 -ffunction-sections -fdata-sections -Wall -fstack-usage -MMD -MP -MF"Core/Src/main.d" -MT"Core/Src/main.o" --specs=nano.specs -mfpu=fpv4-sp-d16 -mfloat-abi=hard -mthumb -o "Core/Src/main.o"
arm-none-eabi-gcc -o "DHT22_Humidity_Temperature.elf" @"objects.list"   -mcpu=cortex-m4 -T"C:\Users\VeliSacikara\Desktop\Sensors\DHT22_Humidity_Temperature\STM32F407VGTX_FLASH.ld" --specs=nosys.specs -Wl,-Map="DHT22_Humidity_Temperature.map" -Wl,--gc-sections -static --specs=nano.specs -mfpu=fpv4-sp-d16 -mfloat-abi=hard -mthumb -Wl,--start-group -lc -lm -Wl,--end-group
Finished building target: DHT22_Humidity_Temperature.elf
 
arm-none-eabi-size   DHT22_Humidity_Temperature.elf 
arm-none-eabi-objdump -h -S  DHT22_Humidity_Temperature.elf  > "DHT22_Humidity_Temperature.list"
   text	   data	    bss	    dec	    hex	filename
   6948	     20	   1580	   8548	   2164	DHT22_Humidity_Temperature.elf
Finished building: default.size.stdout
 
Finished building: DHT22_Humidity_Temperature.list
 
21:16:54 **** Incremental Build of configuration Debug for project DHT22_Humidity_Temperature ****
make -j8 all 
arm-none-eabi-gcc "../Core/Src/dht22.c" -mcpu=cortex-m4 -std=gnu11 -g3 -DDEBUG -DUSE_HAL_DRIVER -DSTM32F407xx -c -I../Core/Inc -I../Drivers/STM32F4xx_HAL_Driver/Inc -I../Drivers/STM32F4xx_HAL_Driver/Inc/Legacy -I../Drivers/CMSIS/Device/ST/STM32F4xx/Include -I../Drivers/CMSIS/Include -O0 -ffunction-sections -fdata-sections -Wall -fstack-usage -MMD -MP -MF"Core/Src/dht22.d" -MT"Core/Src/dht22.o" --specs=nano.specs -mfpu=fpv4-sp-d16 -mfloat-abi=hard -mthumb -o "Core/Src/dht22.o"
../Core/Src/dht22.c: In function 'DHT22_GetTemp_Humidity':
../Core/Src/dht22.c:54:4: warning: this 'while' clause does not guard... [-Wmisleading-indentation]
   54 |    while((HAL_GPIO_ReadPin(data_port,data_pin))==GPIO_PIN_RESET);
      |    ^~~~~
../Core/Src/dht22.c:56:5: note: ...this statement, but the latter is misleadingly indented as if it were guarded by the 'while'
   56 |     if(HAL_GPIO_ReadPin(data_port,data_pin))
      |     ^~
arm-none-eabi-gcc -o "DHT22_Humidity_Temperature.elf" @"objects.list"   -mcpu=cortex-m4 -T"C:\Users\VeliSacikara\Desktop\Sensors\DHT22_Humidity_Temperature\STM32F407VGTX_FLASH.ld" --specs=nosys.specs -Wl,-Map="DHT22_Humidity_Temperature.map" -Wl,--gc-sections -static --specs=nano.specs -mfpu=fpv4-sp-d16 -mfloat-abi=hard -mthumb -Wl,--start-group -lc -lm -Wl,--end-group
Finished building target: DHT22_Humidity_Temperature.elf
 
arm-none-eabi-size   DHT22_Humidity_Temperature.elf 
arm-none-eabi-objdump -h -S  DHT22_Humidity_Temperature.elf  > "DHT22_Humidity_Temperature.list"
   text	   data	    bss	    dec	    hex	filename
   6840	     20	   1580	   8440	   20f8	DHT22_Humidity_Temperature.elf
Finished building: default.size.stdout
 
Finished building: DHT22_Humidity_Temperature.list
 
21:17:08 **** Incremental Build of configuration Debug for project DHT22_Humidity_Temperature ****
make -j8 all 
arm-none-eabi-size   DHT22_Humidity_Temperature.elf 
   text	   data	    bss	    dec	    hex	filename
   6840	     20	   1580	   8440	   20f8	DHT22_Humidity_Temperature.elf
Finished building: default.size.stdout
 
21:19:40 **** Build of configuration Debug for project Bitirme_Projesi ****
make -j8 all 
arm-none-eabi-gcc "../Core/Src/main.c" -mcpu=cortex-m4 -std=gnu11 -g3 -DDEBUG -DUSE_HAL_DRIVER -DSTM32F407xx -c -I../Core/Inc -I../Drivers/STM32F4xx_HAL_Driver/Inc -I../Drivers/STM32F4xx_HAL_Driver/Inc/Legacy -I../Drivers/CMSIS/Device/ST/STM32F4xx/Include -I../Drivers/CMSIS/Include -O0 -ffunction-sections -fdata-sections -Wall -fstack-usage -MMD -MP -MF"Core/Src/main.d" -MT"Core/Src/main.o" --specs=nano.specs -mfpu=fpv4-sp-d16 -mfloat-abi=hard -mthumb -o "Core/Src/main.o"
arm-none-eabi-gcc -o "Bitirme_Projesi.elf" @"objects.list"   -mcpu=cortex-m4 -T"C:\Users\VeliSacikara\Desktop\Sensors\Bitirme_Projesi\STM32F407VGTX_FLASH.ld" --specs=nosys.specs -Wl,-Map="Bitirme_Projesi.map" -Wl,--gc-sections -static --specs=nano.specs -mfpu=fpv4-sp-d16 -mfloat-abi=hard -mthumb -Wl,--start-group -lc -lm -Wl,--end-group
Finished building target: Bitirme_Projesi.elf
 
arm-none-eabi-size   Bitirme_Projesi.elf 
arm-none-eabi-objdump -h -S  Bitirme_Projesi.elf  > "Bitirme_Projesi.list"
   text	   data	    bss	    dec	    hex	filename
  21368	     28	   2404	  23800	   5cf8	Bitirme_Projesi.elf
Finished building: default.size.stdout
 
Finished building: Bitirme_Projesi.list
 
21:21:21 **** Incremental Build of configuration Debug for project Bitirme_Projesi ****
make -j8 all 
arm-none-eabi-gcc "../Core/Src/main.c" -mcpu=cortex-m4 -std=gnu11 -g3 -DDEBUG -DUSE_HAL_DRIVER -DSTM32F407xx -c -I../Core/Inc -I../Drivers/STM32F4xx_HAL_Driver/Inc -I../Drivers/STM32F4xx_HAL_Driver/Inc/Legacy -I../Drivers/CMSIS/Device/ST/STM32F4xx/Include -I../Drivers/CMSIS/Include -O0 -ffunction-sections -fdata-sections -Wall -fstack-usage -MMD -MP -MF"Core/Src/main.d" -MT"Core/Src/main.o" --specs=nano.specs -mfpu=fpv4-sp-d16 -mfloat-abi=hard -mthumb -o "Core/Src/main.o"
arm-none-eabi-gcc -o "Bitirme_Projesi.elf" @"objects.list"   -mcpu=cortex-m4 -T"C:\Users\VeliSacikara\Desktop\Sensors\Bitirme_Projesi\STM32F407VGTX_FLASH.ld" --specs=nosys.specs -Wl,-Map="Bitirme_Projesi.map" -Wl,--gc-sections -static --specs=nano.specs -mfpu=fpv4-sp-d16 -mfloat-abi=hard -mthumb -Wl,--start-group -lc -lm -Wl,--end-group
Finished building target: Bitirme_Projesi.elf
 
arm-none-eabi-size   Bitirme_Projesi.elf 
arm-none-eabi-objdump -h -S  Bitirme_Projesi.elf  > "Bitirme_Projesi.list"
   text	   data	    bss	    dec	    hex	filename
  20820	     24	   2408	  23252	   5ad4	Bitirme_Projesi.elf
Finished building: default.size.stdout
 
Finished building: Bitirme_Projesi.list
 
21:23:49 **** Incremental Build of configuration Debug for project Bitirme_Projesi ****
make -j8 all 
arm-none-eabi-size   Bitirme_Projesi.elf 
   text	   data	    bss	    dec	    hex	filename
  20820	     24	   2408	  23252	   5ad4	Bitirme_Projesi.elf
Finished building: default.size.stdout
 
21:25:24 **** Incremental Build of configuration Debug for project Bitirme_Projesi ****
make -j8 all 
arm-none-eabi-size   Bitirme_Projesi.elf 
   text	   data	    bss	    dec	    hex	filename
  20820	     24	   2408	  23252	   5ad4	Bitirme_Projesi.elf
Finished building: default.size.stdout
 
21:25:27 **** Incremental Build of configuration Debug for project Bitirme_Projesi ****
make -j8 all 
arm-none-eabi-size   Bitirme_Projesi.elf 
   text	   data	    bss	    dec	    hex	filename
  20820	     24	   2408	  23252	   5ad4	Bitirme_Projesi.elf
Finished building: default.size.stdout
 
21:26:19 **** Incremental Build of configuration Debug for project DHT22_Humidity_Temperature ****
make -j8 all 
arm-none-eabi-size   DHT22_Humidity_Temperature.elf 
   text	   data	    bss	    dec	    hex	filename
   6840	     20	   1580	   8440	   20f8	DHT22_Humidity_Temperature.elf
Finished building: default.size.stdout
 
21:27:31 **** Incremental Build of configuration Debug for project DHT22_Humidity_Temperature ****
make -j8 all 
arm-none-eabi-gcc "../Core/Src/dht22.c" -mcpu=cortex-m4 -std=gnu11 -g3 -DDEBUG -DUSE_HAL_DRIVER -DSTM32F407xx -c -I../Core/Inc -I../Drivers/STM32F4xx_HAL_Driver/Inc -I../Drivers/STM32F4xx_HAL_Driver/Inc/Legacy -I../Drivers/CMSIS/Device/ST/STM32F4xx/Include -I../Drivers/CMSIS/Include -O0 -ffunction-sections -fdata-sections -Wall -fstack-usage -MMD -MP -MF"Core/Src/dht22.d" -MT"Core/Src/dht22.o" --specs=nano.specs -mfpu=fpv4-sp-d16 -mfloat-abi=hard -mthumb -o "Core/Src/dht22.o"
arm-none-eabi-gcc "../Core/Src/main.c" -mcpu=cortex-m4 -std=gnu11 -g3 -DDEBUG -DUSE_HAL_DRIVER -DSTM32F407xx -c -I../Core/Inc -I../Drivers/STM32F4xx_HAL_Driver/Inc -I../Drivers/STM32F4xx_HAL_Driver/Inc/Legacy -I../Drivers/CMSIS/Device/ST/STM32F4xx/Include -I../Drivers/CMSIS/Include -O0 -ffunction-sections -fdata-sections -Wall -fstack-usage -MMD -MP -MF"Core/Src/main.d" -MT"Core/Src/main.o" --specs=nano.specs -mfpu=fpv4-sp-d16 -mfloat-abi=hard -mthumb -o "Core/Src/main.o"
arm-none-eabi-gcc -o "DHT22_Humidity_Temperature.elf" @"objects.list"   -mcpu=cortex-m4 -T"C:\Users\VeliSacikara\Desktop\Sensors\DHT22_Humidity_Temperature\STM32F407VGTX_FLASH.ld" --specs=nosys.specs -Wl,-Map="DHT22_Humidity_Temperature.map" -Wl,--gc-sections -static --specs=nano.specs -mfpu=fpv4-sp-d16 -mfloat-abi=hard -mthumb -Wl,--start-group -lc -lm -Wl,--end-group
Finished building target: DHT22_Humidity_Temperature.elf
 
arm-none-eabi-size   DHT22_Humidity_Temperature.elf 
arm-none-eabi-objdump -h -S  DHT22_Humidity_Temperature.elf  > "DHT22_Humidity_Temperature.list"
   text	   data	    bss	    dec	    hex	filename
   6956	     20	   1580	   8556	   216c	DHT22_Humidity_Temperature.elf
Finished building: default.size.stdout
 
Finished building: DHT22_Humidity_Temperature.list
 
21:27:51 **** Incremental Build of configuration Debug for project Bitirme_Projesi ****
make -j8 all 
arm-none-eabi-size   Bitirme_Projesi.elf 
   text	   data	    bss	    dec	    hex	filename
  20820	     24	   2408	  23252	   5ad4	Bitirme_Projesi.elf
Finished building: default.size.stdout
 
21:31:23 **** Incremental Build of configuration Debug for project Bitirme_Projesi ****
make -j8 all 
arm-none-eabi-gcc "../Core/Src/main.c" -mcpu=cortex-m4 -std=gnu11 -g3 -DDEBUG -DUSE_HAL_DRIVER -DSTM32F407xx -c -I../Core/Inc -I../Drivers/STM32F4xx_HAL_Driver/Inc -I../Drivers/STM32F4xx_HAL_Driver/Inc/Legacy -I../Drivers/CMSIS/Device/ST/STM32F4xx/Include -I../Drivers/CMSIS/Include -O0 -ffunction-sections -fdata-sections -Wall -fstack-usage -MMD -MP -MF"Core/Src/main.d" -MT"Core/Src/main.o" --specs=nano.specs -mfpu=fpv4-sp-d16 -mfloat-abi=hard -mthumb -o "Core/Src/main.o"
arm-none-eabi-gcc -o "Bitirme_Projesi.elf" @"objects.list"   -mcpu=cortex-m4 -T"C:\Users\VeliSacikara\Desktop\Sensors\Bitirme_Projesi\STM32F407VGTX_FLASH.ld" --specs=nosys.specs -Wl,-Map="Bitirme_Projesi.map" -Wl,--gc-sections -static --specs=nano.specs -mfpu=fpv4-sp-d16 -mfloat-abi=hard -mthumb -Wl,--start-group -lc -lm -Wl,--end-group
Finished building target: Bitirme_Projesi.elf
 
arm-none-eabi-size   Bitirme_Projesi.elf 
arm-none-eabi-objdump -h -S  Bitirme_Projesi.elf  > "Bitirme_Projesi.list"
   text	   data	    bss	    dec	    hex	filename
  20836	     24	   2408	  23268	   5ae4	Bitirme_Projesi.elf
Finished building: default.size.stdout
 
Finished building: Bitirme_Projesi.list
 
21:33:01 **** Incremental Build of configuration Debug for project Bitirme_Projesi ****
make -j8 all 
arm-none-eabi-size   Bitirme_Projesi.elf 
   text	   data	    bss	    dec	    hex	filename
  20836	     24	   2408	  23268	   5ae4	Bitirme_Projesi.elf
Finished building: default.size.stdout
 
21:56:40 **** Incremental Build of configuration Debug for project Bitirme_Projesi ****
make -j8 all 
arm-none-eabi-size   Bitirme_Projesi.elf 
   text	   data	    bss	    dec	    hex	filename
  20836	     24	   2408	  23268	   5ae4	Bitirme_Projesi.elf
Finished building: default.size.stdout
 
17:36:37 **** Build of configuration Debug for project Relay ****
make -j8 all 
arm-none-eabi-gcc "../Drivers/STM32F4xx_HAL_Driver/Src/stm32f4xx_hal.c" -mcpu=cortex-m4 -std=gnu11 -g3 -DDEBUG -DUSE_HAL_DRIVER -DSTM32F407xx -c -I../Core/Inc -I../Drivers/STM32F4xx_HAL_Driver/Inc -I../Drivers/STM32F4xx_HAL_Driver/Inc/Legacy -I../Drivers/CMSIS/Device/ST/STM32F4xx/Include -I../Drivers/CMSIS/Include -O0 -ffunction-sections -fdata-sections -Wall -fstack-usage -MMD -MP -MF"Drivers/STM32F4xx_HAL_Driver/Src/stm32f4xx_hal.d" -MT"Drivers/STM32F4xx_HAL_Driver/Src/stm32f4xx_hal.o" --specs=nano.specs -mfpu=fpv4-sp-d16 -mfloat-abi=hard -mthumb -o "Drivers/STM32F4xx_HAL_Driver/Src/stm32f4xx_hal.o"
arm-none-eabi-gcc "../Drivers/STM32F4xx_HAL_Driver/Src/stm32f4xx_hal_adc.c" -mcpu=cortex-m4 -std=gnu11 -g3 -DDEBUG -DUSE_HAL_DRIVER -DSTM32F407xx -c -I../Core/Inc -I../Drivers/STM32F4xx_HAL_Driver/Inc -I../Drivers/STM32F4xx_HAL_Driver/Inc/Legacy -I../Drivers/CMSIS/Device/ST/STM32F4xx/Include -I../Drivers/CMSIS/Include -O0 -ffunction-sections -fdata-sections -Wall -fstack-usage -MMD -MP -MF"Drivers/STM32F4xx_HAL_Driver/Src/stm32f4xx_hal_adc.d" -MT"Drivers/STM32F4xx_HAL_Driver/Src/stm32f4xx_hal_adc.o" --specs=nano.specs -mfpu=fpv4-sp-d16 -mfloat-abi=hard -mthumb -o "Drivers/STM32F4xx_HAL_Driver/Src/stm32f4xx_hal_adc.o"
arm-none-eabi-gcc "../Drivers/STM32F4xx_HAL_Driver/Src/stm32f4xx_hal_adc_ex.c" -mcpu=cortex-m4 -std=gnu11 -g3 -DDEBUG -DUSE_HAL_DRIVER -DSTM32F407xx -c -I../Core/Inc -I../Drivers/STM32F4xx_HAL_Driver/Inc -I../Drivers/STM32F4xx_HAL_Driver/Inc/Legacy -I../Drivers/CMSIS/Device/ST/STM32F4xx/Include -I../Drivers/CMSIS/Include -O0 -ffunction-sections -fdata-sections -Wall -fstack-usage -MMD -MP -MF"Drivers/STM32F4xx_HAL_Driver/Src/stm32f4xx_hal_adc_ex.d" -MT"Drivers/STM32F4xx_HAL_Driver/Src/stm32f4xx_hal_adc_ex.o" --specs=nano.specs -mfpu=fpv4-sp-d16 -mfloat-abi=hard -mthumb -o "Drivers/STM32F4xx_HAL_Driver/Src/stm32f4xx_hal_adc_ex.o"
arm-none-eabi-gcc "../Drivers/STM32F4xx_HAL_Driver/Src/stm32f4xx_hal_cortex.c" -mcpu=cortex-m4 -std=gnu11 -g3 -DDEBUG -DUSE_HAL_DRIVER -DSTM32F407xx -c -I../Core/Inc -I../Drivers/STM32F4xx_HAL_Driver/Inc -I../Drivers/STM32F4xx_HAL_Driver/Inc/Legacy -I../Drivers/CMSIS/Device/ST/STM32F4xx/Include -I../Drivers/CMSIS/Include -O0 -ffunction-sections -fdata-sections -Wall -fstack-usage -MMD -MP -MF"Drivers/STM32F4xx_HAL_Driver/Src/stm32f4xx_hal_cortex.d" -MT"Drivers/STM32F4xx_HAL_Driver/Src/stm32f4xx_hal_cortex.o" --specs=nano.specs -mfpu=fpv4-sp-d16 -mfloat-abi=hard -mthumb -o "Drivers/STM32F4xx_HAL_Driver/Src/stm32f4xx_hal_cortex.o"
arm-none-eabi-gcc "../Drivers/STM32F4xx_HAL_Driver/Src/stm32f4xx_hal_dma.c" -mcpu=cortex-m4 -std=gnu11 -g3 -DDEBUG -DUSE_HAL_DRIVER -DSTM32F407xx -c -I../Core/Inc -I../Drivers/STM32F4xx_HAL_Driver/Inc -I../Drivers/STM32F4xx_HAL_Driver/Inc/Legacy -I../Drivers/CMSIS/Device/ST/STM32F4xx/Include -I../Drivers/CMSIS/Include -O0 -ffunction-sections -fdata-sections -Wall -fstack-usage -MMD -MP -MF"Drivers/STM32F4xx_HAL_Driver/Src/stm32f4xx_hal_dma.d" -MT"Drivers/STM32F4xx_HAL_Driver/Src/stm32f4xx_hal_dma.o" --specs=nano.specs -mfpu=fpv4-sp-d16 -mfloat-abi=hard -mthumb -o "Drivers/STM32F4xx_HAL_Driver/Src/stm32f4xx_hal_dma.o"
arm-none-eabi-gcc "../Drivers/STM32F4xx_HAL_Driver/Src/stm32f4xx_hal_dma_ex.c" -mcpu=cortex-m4 -std=gnu11 -g3 -DDEBUG -DUSE_HAL_DRIVER -DSTM32F407xx -c -I../Core/Inc -I../Drivers/STM32F4xx_HAL_Driver/Inc -I../Drivers/STM32F4xx_HAL_Driver/Inc/Legacy -I../Drivers/CMSIS/Device/ST/STM32F4xx/Include -I../Drivers/CMSIS/Include -O0 -ffunction-sections -fdata-sections -Wall -fstack-usage -MMD -MP -MF"Drivers/STM32F4xx_HAL_Driver/Src/stm32f4xx_hal_dma_ex.d" -MT"Drivers/STM32F4xx_HAL_Driver/Src/stm32f4xx_hal_dma_ex.o" --specs=nano.specs -mfpu=fpv4-sp-d16 -mfloat-abi=hard -mthumb -o "Drivers/STM32F4xx_HAL_Driver/Src/stm32f4xx_hal_dma_ex.o"
arm-none-eabi-gcc "../Drivers/STM32F4xx_HAL_Driver/Src/stm32f4xx_hal_exti.c" -mcpu=cortex-m4 -std=gnu11 -g3 -DDEBUG -DUSE_HAL_DRIVER -DSTM32F407xx -c -I../Core/Inc -I../Drivers/STM32F4xx_HAL_Driver/Inc -I../Drivers/STM32F4xx_HAL_Driver/Inc/Legacy -I../Drivers/CMSIS/Device/ST/STM32F4xx/Include -I../Drivers/CMSIS/Include -O0 -ffunction-sections -fdata-sections -Wall -fstack-usage -MMD -MP -MF"Drivers/STM32F4xx_HAL_Driver/Src/stm32f4xx_hal_exti.d" -MT"Drivers/STM32F4xx_HAL_Driver/Src/stm32f4xx_hal_exti.o" --specs=nano.specs -mfpu=fpv4-sp-d16 -mfloat-abi=hard -mthumb -o "Drivers/STM32F4xx_HAL_Driver/Src/stm32f4xx_hal_exti.o"
arm-none-eabi-gcc "../Drivers/STM32F4xx_HAL_Driver/Src/stm32f4xx_hal_flash.c" -mcpu=cortex-m4 -std=gnu11 -g3 -DDEBUG -DUSE_HAL_DRIVER -DSTM32F407xx -c -I../Core/Inc -I../Drivers/STM32F4xx_HAL_Driver/Inc -I../Drivers/STM32F4xx_HAL_Driver/Inc/Legacy -I../Drivers/CMSIS/Device/ST/STM32F4xx/Include -I../Drivers/CMSIS/Include -O0 -ffunction-sections -fdata-sections -Wall -fstack-usage -MMD -MP -MF"Drivers/STM32F4xx_HAL_Driver/Src/stm32f4xx_hal_flash.d" -MT"Drivers/STM32F4xx_HAL_Driver/Src/stm32f4xx_hal_flash.o" --specs=nano.specs -mfpu=fpv4-sp-d16 -mfloat-abi=hard -mthumb -o "Drivers/STM32F4xx_HAL_Driver/Src/stm32f4xx_hal_flash.o"
arm-none-eabi-gcc "../Drivers/STM32F4xx_HAL_Driver/Src/stm32f4xx_hal_flash_ex.c" -mcpu=cortex-m4 -std=gnu11 -g3 -DDEBUG -DUSE_HAL_DRIVER -DSTM32F407xx -c -I../Core/Inc -I../Drivers/STM32F4xx_HAL_Driver/Inc -I../Drivers/STM32F4xx_HAL_Driver/Inc/Legacy -I../Drivers/CMSIS/Device/ST/STM32F4xx/Include -I../Drivers/CMSIS/Include -O0 -ffunction-sections -fdata-sections -Wall -fstack-usage -MMD -MP -MF"Drivers/STM32F4xx_HAL_Driver/Src/stm32f4xx_hal_flash_ex.d" -MT"Drivers/STM32F4xx_HAL_Driver/Src/stm32f4xx_hal_flash_ex.o" --specs=nano.specs -mfpu=fpv4-sp-d16 -mfloat-abi=hard -mthumb -o "Drivers/STM32F4xx_HAL_Driver/Src/stm32f4xx_hal_flash_ex.o"
arm-none-eabi-gcc "../Drivers/STM32F4xx_HAL_Driver/Src/stm32f4xx_hal_flash_ramfunc.c" -mcpu=cortex-m4 -std=gnu11 -g3 -DDEBUG -DUSE_HAL_DRIVER -DSTM32F407xx -c -I../Core/Inc -I../Drivers/STM32F4xx_HAL_Driver/Inc -I../Drivers/STM32F4xx_HAL_Driver/Inc/Legacy -I../Drivers/CMSIS/Device/ST/STM32F4xx/Include -I../Drivers/CMSIS/Include -O0 -ffunction-sections -fdata-sections -Wall -fstack-usage -MMD -MP -MF"Drivers/STM32F4xx_HAL_Driver/Src/stm32f4xx_hal_flash_ramfunc.d" -MT"Drivers/STM32F4xx_HAL_Driver/Src/stm32f4xx_hal_flash_ramfunc.o" --specs=nano.specs -mfpu=fpv4-sp-d16 -mfloat-abi=hard -mthumb -o "Drivers/STM32F4xx_HAL_Driver/Src/stm32f4xx_hal_flash_ramfunc.o"
arm-none-eabi-gcc "../Drivers/STM32F4xx_HAL_Driver/Src/stm32f4xx_hal_gpio.c" -mcpu=cortex-m4 -std=gnu11 -g3 -DDEBUG -DUSE_HAL_DRIVER -DSTM32F407xx -c -I../Core/Inc -I../Drivers/STM32F4xx_HAL_Driver/Inc -I../Drivers/STM32F4xx_HAL_Driver/Inc/Legacy -I../Drivers/CMSIS/Device/ST/STM32F4xx/Include -I../Drivers/CMSIS/Include -O0 -ffunction-sections -fdata-sections -Wall -fstack-usage -MMD -MP -MF"Drivers/STM32F4xx_HAL_Driver/Src/stm32f4xx_hal_gpio.d" -MT"Drivers/STM32F4xx_HAL_Driver/Src/stm32f4xx_hal_gpio.o" --specs=nano.specs -mfpu=fpv4-sp-d16 -mfloat-abi=hard -mthumb -o "Drivers/STM32F4xx_HAL_Driver/Src/stm32f4xx_hal_gpio.o"
arm-none-eabi-gcc "../Drivers/STM32F4xx_HAL_Driver/Src/stm32f4xx_hal_pwr.c" -mcpu=cortex-m4 -std=gnu11 -g3 -DDEBUG -DUSE_HAL_DRIVER -DSTM32F407xx -c -I../Core/Inc -I../Drivers/STM32F4xx_HAL_Driver/Inc -I../Drivers/STM32F4xx_HAL_Driver/Inc/Legacy -I../Drivers/CMSIS/Device/ST/STM32F4xx/Include -I../Drivers/CMSIS/Include -O0 -ffunction-sections -fdata-sections -Wall -fstack-usage -MMD -MP -MF"Drivers/STM32F4xx_HAL_Driver/Src/stm32f4xx_hal_pwr.d" -MT"Drivers/STM32F4xx_HAL_Driver/Src/stm32f4xx_hal_pwr.o" --specs=nano.specs -mfpu=fpv4-sp-d16 -mfloat-abi=hard -mthumb -o "Drivers/STM32F4xx_HAL_Driver/Src/stm32f4xx_hal_pwr.o"
arm-none-eabi-gcc "../Drivers/STM32F4xx_HAL_Driver/Src/stm32f4xx_hal_pwr_ex.c" -mcpu=cortex-m4 -std=gnu11 -g3 -DDEBUG -DUSE_HAL_DRIVER -DSTM32F407xx -c -I../Core/Inc -I../Drivers/STM32F4xx_HAL_Driver/Inc -I../Drivers/STM32F4xx_HAL_Driver/Inc/Legacy -I../Drivers/CMSIS/Device/ST/STM32F4xx/Include -I../Drivers/CMSIS/Include -O0 -ffunction-sections -fdata-sections -Wall -fstack-usage -MMD -MP -MF"Drivers/STM32F4xx_HAL_Driver/Src/stm32f4xx_hal_pwr_ex.d" -MT"Drivers/STM32F4xx_HAL_Driver/Src/stm32f4xx_hal_pwr_ex.o" --specs=nano.specs -mfpu=fpv4-sp-d16 -mfloat-abi=hard -mthumb -o "Drivers/STM32F4xx_HAL_Driver/Src/stm32f4xx_hal_pwr_ex.o"
arm-none-eabi-gcc "../Drivers/STM32F4xx_HAL_Driver/Src/stm32f4xx_hal_rcc.c" -mcpu=cortex-m4 -std=gnu11 -g3 -DDEBUG -DUSE_HAL_DRIVER -DSTM32F407xx -c -I../Core/Inc -I../Drivers/STM32F4xx_HAL_Driver/Inc -I../Drivers/STM32F4xx_HAL_Driver/Inc/Legacy -I../Drivers/CMSIS/Device/ST/STM32F4xx/Include -I../Drivers/CMSIS/Include -O0 -ffunction-sections -fdata-sections -Wall -fstack-usage -MMD -MP -MF"Drivers/STM32F4xx_HAL_Driver/Src/stm32f4xx_hal_rcc.d" -MT"Drivers/STM32F4xx_HAL_Driver/Src/stm32f4xx_hal_rcc.o" --specs=nano.specs -mfpu=fpv4-sp-d16 -mfloat-abi=hard -mthumb -o "Drivers/STM32F4xx_HAL_Driver/Src/stm32f4xx_hal_rcc.o"
arm-none-eabi-gcc "../Drivers/STM32F4xx_HAL_Driver/Src/stm32f4xx_hal_rcc_ex.c" -mcpu=cortex-m4 -std=gnu11 -g3 -DDEBUG -DUSE_HAL_DRIVER -DSTM32F407xx -c -I../Core/Inc -I../Drivers/STM32F4xx_HAL_Driver/Inc -I../Drivers/STM32F4xx_HAL_Driver/Inc/Legacy -I../Drivers/CMSIS/Device/ST/STM32F4xx/Include -I../Drivers/CMSIS/Include -O0 -ffunction-sections -fdata-sections -Wall -fstack-usage -MMD -MP -MF"Drivers/STM32F4xx_HAL_Driver/Src/stm32f4xx_hal_rcc_ex.d" -MT"Drivers/STM32F4xx_HAL_Driver/Src/stm32f4xx_hal_rcc_ex.o" --specs=nano.specs -mfpu=fpv4-sp-d16 -mfloat-abi=hard -mthumb -o "Drivers/STM32F4xx_HAL_Driver/Src/stm32f4xx_hal_rcc_ex.o"
arm-none-eabi-gcc "../Drivers/STM32F4xx_HAL_Driver/Src/stm32f4xx_hal_tim.c" -mcpu=cortex-m4 -std=gnu11 -g3 -DDEBUG -DUSE_HAL_DRIVER -DSTM32F407xx -c -I../Core/Inc -I../Drivers/STM32F4xx_HAL_Driver/Inc -I../Drivers/STM32F4xx_HAL_Driver/Inc/Legacy -I../Drivers/CMSIS/Device/ST/STM32F4xx/Include -I../Drivers/CMSIS/Include -O0 -ffunction-sections -fdata-sections -Wall -fstack-usage -MMD -MP -MF"Drivers/STM32F4xx_HAL_Driver/Src/stm32f4xx_hal_tim.d" -MT"Drivers/STM32F4xx_HAL_Driver/Src/stm32f4xx_hal_tim.o" --specs=nano.specs -mfpu=fpv4-sp-d16 -mfloat-abi=hard -mthumb -o "Drivers/STM32F4xx_HAL_Driver/Src/stm32f4xx_hal_tim.o"
arm-none-eabi-gcc "../Drivers/STM32F4xx_HAL_Driver/Src/stm32f4xx_hal_tim_ex.c" -mcpu=cortex-m4 -std=gnu11 -g3 -DDEBUG -DUSE_HAL_DRIVER -DSTM32F407xx -c -I../Core/Inc -I../Drivers/STM32F4xx_HAL_Driver/Inc -I../Drivers/STM32F4xx_HAL_Driver/Inc/Legacy -I../Drivers/CMSIS/Device/ST/STM32F4xx/Include -I../Drivers/CMSIS/Include -O0 -ffunction-sections -fdata-sections -Wall -fstack-usage -MMD -MP -MF"Drivers/STM32F4xx_HAL_Driver/Src/stm32f4xx_hal_tim_ex.d" -MT"Drivers/STM32F4xx_HAL_Driver/Src/stm32f4xx_hal_tim_ex.o" --specs=nano.specs -mfpu=fpv4-sp-d16 -mfloat-abi=hard -mthumb -o "Drivers/STM32F4xx_HAL_Driver/Src/stm32f4xx_hal_tim_ex.o"
arm-none-eabi-gcc "../Core/Src/main.c" -mcpu=cortex-m4 -std=gnu11 -g3 -DDEBUG -DUSE_HAL_DRIVER -DSTM32F407xx -c -I../Core/Inc -I../Drivers/STM32F4xx_HAL_Driver/Inc -I../Drivers/STM32F4xx_HAL_Driver/Inc/Legacy -I../Drivers/CMSIS/Device/ST/STM32F4xx/Include -I../Drivers/CMSIS/Include -O0 -ffunction-sections -fdata-sections -Wall -fstack-usage -MMD -MP -MF"Core/Src/main.d" -MT"Core/Src/main.o" --specs=nano.specs -mfpu=fpv4-sp-d16 -mfloat-abi=hard -mthumb -o "Core/Src/main.o"
arm-none-eabi-gcc "../Core/Src/stm32f4xx_hal_msp.c" -mcpu=cortex-m4 -std=gnu11 -g3 -DDEBUG -DUSE_HAL_DRIVER -DSTM32F407xx -c -I../Core/Inc -I../Drivers/STM32F4xx_HAL_Driver/Inc -I../Drivers/STM32F4xx_HAL_Driver/Inc/Legacy -I../Drivers/CMSIS/Device/ST/STM32F4xx/Include -I../Drivers/CMSIS/Include -O0 -ffunction-sections -fdata-sections -Wall -fstack-usage -MMD -MP -MF"Core/Src/stm32f4xx_hal_msp.d" -MT"Core/Src/stm32f4xx_hal_msp.o" --specs=nano.specs -mfpu=fpv4-sp-d16 -mfloat-abi=hard -mthumb -o "Core/Src/stm32f4xx_hal_msp.o"
arm-none-eabi-gcc "../Core/Src/stm32f4xx_it.c" -mcpu=cortex-m4 -std=gnu11 -g3 -DDEBUG -DUSE_HAL_DRIVER -DSTM32F407xx -c -I../Core/Inc -I../Drivers/STM32F4xx_HAL_Driver/Inc -I../Drivers/STM32F4xx_HAL_Driver/Inc/Legacy -I../Drivers/CMSIS/Device/ST/STM32F4xx/Include -I../Drivers/CMSIS/Include -O0 -ffunction-sections -fdata-sections -Wall -fstack-usage -MMD -MP -MF"Core/Src/stm32f4xx_it.d" -MT"Core/Src/stm32f4xx_it.o" --specs=nano.specs -mfpu=fpv4-sp-d16 -mfloat-abi=hard -mthumb -o "Core/Src/stm32f4xx_it.o"
arm-none-eabi-gcc "../Core/Src/system_stm32f4xx.c" -mcpu=cortex-m4 -std=gnu11 -g3 -DDEBUG -DUSE_HAL_DRIVER -DSTM32F407xx -c -I../Core/Inc -I../Drivers/STM32F4xx_HAL_Driver/Inc -I../Drivers/STM32F4xx_HAL_Driver/Inc/Legacy -I../Drivers/CMSIS/Device/ST/STM32F4xx/Include -I../Drivers/CMSIS/Include -O0 -ffunction-sections -fdata-sections -Wall -fstack-usage -MMD -MP -MF"Core/Src/system_stm32f4xx.d" -MT"Core/Src/system_stm32f4xx.o" --specs=nano.specs -mfpu=fpv4-sp-d16 -mfloat-abi=hard -mthumb -o "Core/Src/system_stm32f4xx.o"
arm-none-eabi-gcc -o "Relay.elf" @"objects.list"   -mcpu=cortex-m4 -T"C:\Users\VeliSacikara\Desktop\Sensors\Relay\STM32F407VGTX_FLASH.ld" --specs=nosys.specs -Wl,-Map="Relay.map" -Wl,--gc-sections -static --specs=nano.specs -mfpu=fpv4-sp-d16 -mfloat-abi=hard -mthumb -Wl,--start-group -lc -lm -Wl,--end-group
Finished building target: Relay.elf
 
arm-none-eabi-size   Relay.elf 
arm-none-eabi-objdump -h -S  Relay.elf  > "Relay.list"
   text	   data	    bss	    dec	    hex	filename
   7400	     20	   1644	   9064	   2368	Relay.elf
Finished building: default.size.stdout
 
Finished building: Relay.list
 
17:45:10 **** Incremental Build of configuration Debug for project Relay ****
make -j8 all 
arm-none-eabi-gcc "../Drivers/STM32F4xx_HAL_Driver/Src/stm32f4xx_hal.c" -mcpu=cortex-m4 -std=gnu11 -g3 -DDEBUG -DUSE_HAL_DRIVER -DSTM32F407xx -c -I../Core/Inc -I../Drivers/STM32F4xx_HAL_Driver/Inc -I../Drivers/STM32F4xx_HAL_Driver/Inc/Legacy -I../Drivers/CMSIS/Device/ST/STM32F4xx/Include -I../Drivers/CMSIS/Include -O0 -ffunction-sections -fdata-sections -Wall -fstack-usage -MMD -MP -MF"Drivers/STM32F4xx_HAL_Driver/Src/stm32f4xx_hal.d" -MT"Drivers/STM32F4xx_HAL_Driver/Src/stm32f4xx_hal.o" --specs=nano.specs -mfpu=fpv4-sp-d16 -mfloat-abi=hard -mthumb -o "Drivers/STM32F4xx_HAL_Driver/Src/stm32f4xx_hal.o"
arm-none-eabi-gcc "../Drivers/STM32F4xx_HAL_Driver/Src/stm32f4xx_hal_adc.c" -mcpu=cortex-m4 -std=gnu11 -g3 -DDEBUG -DUSE_HAL_DRIVER -DSTM32F407xx -c -I../Core/Inc -I../Drivers/STM32F4xx_HAL_Driver/Inc -I../Drivers/STM32F4xx_HAL_Driver/Inc/Legacy -I../Drivers/CMSIS/Device/ST/STM32F4xx/Include -I../Drivers/CMSIS/Include -O0 -ffunction-sections -fdata-sections -Wall -fstack-usage -MMD -MP -MF"Drivers/STM32F4xx_HAL_Driver/Src/stm32f4xx_hal_adc.d" -MT"Drivers/STM32F4xx_HAL_Driver/Src/stm32f4xx_hal_adc.o" --specs=nano.specs -mfpu=fpv4-sp-d16 -mfloat-abi=hard -mthumb -o "Drivers/STM32F4xx_HAL_Driver/Src/stm32f4xx_hal_adc.o"
arm-none-eabi-gcc "../Drivers/STM32F4xx_HAL_Driver/Src/stm32f4xx_hal_adc_ex.c" -mcpu=cortex-m4 -std=gnu11 -g3 -DDEBUG -DUSE_HAL_DRIVER -DSTM32F407xx -c -I../Core/Inc -I../Drivers/STM32F4xx_HAL_Driver/Inc -I../Drivers/STM32F4xx_HAL_Driver/Inc/Legacy -I../Drivers/CMSIS/Device/ST/STM32F4xx/Include -I../Drivers/CMSIS/Include -O0 -ffunction-sections -fdata-sections -Wall -fstack-usage -MMD -MP -MF"Drivers/STM32F4xx_HAL_Driver/Src/stm32f4xx_hal_adc_ex.d" -MT"Drivers/STM32F4xx_HAL_Driver/Src/stm32f4xx_hal_adc_ex.o" --specs=nano.specs -mfpu=fpv4-sp-d16 -mfloat-abi=hard -mthumb -o "Drivers/STM32F4xx_HAL_Driver/Src/stm32f4xx_hal_adc_ex.o"
arm-none-eabi-gcc "../Drivers/STM32F4xx_HAL_Driver/Src/stm32f4xx_hal_cortex.c" -mcpu=cortex-m4 -std=gnu11 -g3 -DDEBUG -DUSE_HAL_DRIVER -DSTM32F407xx -c -I../Core/Inc -I../Drivers/STM32F4xx_HAL_Driver/Inc -I../Drivers/STM32F4xx_HAL_Driver/Inc/Legacy -I../Drivers/CMSIS/Device/ST/STM32F4xx/Include -I../Drivers/CMSIS/Include -O0 -ffunction-sections -fdata-sections -Wall -fstack-usage -MMD -MP -MF"Drivers/STM32F4xx_HAL_Driver/Src/stm32f4xx_hal_cortex.d" -MT"Drivers/STM32F4xx_HAL_Driver/Src/stm32f4xx_hal_cortex.o" --specs=nano.specs -mfpu=fpv4-sp-d16 -mfloat-abi=hard -mthumb -o "Drivers/STM32F4xx_HAL_Driver/Src/stm32f4xx_hal_cortex.o"
arm-none-eabi-gcc "../Drivers/STM32F4xx_HAL_Driver/Src/stm32f4xx_hal_dma.c" -mcpu=cortex-m4 -std=gnu11 -g3 -DDEBUG -DUSE_HAL_DRIVER -DSTM32F407xx -c -I../Core/Inc -I../Drivers/STM32F4xx_HAL_Driver/Inc -I../Drivers/STM32F4xx_HAL_Driver/Inc/Legacy -I../Drivers/CMSIS/Device/ST/STM32F4xx/Include -I../Drivers/CMSIS/Include -O0 -ffunction-sections -fdata-sections -Wall -fstack-usage -MMD -MP -MF"Drivers/STM32F4xx_HAL_Driver/Src/stm32f4xx_hal_dma.d" -MT"Drivers/STM32F4xx_HAL_Driver/Src/stm32f4xx_hal_dma.o" --specs=nano.specs -mfpu=fpv4-sp-d16 -mfloat-abi=hard -mthumb -o "Drivers/STM32F4xx_HAL_Driver/Src/stm32f4xx_hal_dma.o"
arm-none-eabi-gcc "../Drivers/STM32F4xx_HAL_Driver/Src/stm32f4xx_hal_dma_ex.c" -mcpu=cortex-m4 -std=gnu11 -g3 -DDEBUG -DUSE_HAL_DRIVER -DSTM32F407xx -c -I../Core/Inc -I../Drivers/STM32F4xx_HAL_Driver/Inc -I../Drivers/STM32F4xx_HAL_Driver/Inc/Legacy -I../Drivers/CMSIS/Device/ST/STM32F4xx/Include -I../Drivers/CMSIS/Include -O0 -ffunction-sections -fdata-sections -Wall -fstack-usage -MMD -MP -MF"Drivers/STM32F4xx_HAL_Driver/Src/stm32f4xx_hal_dma_ex.d" -MT"Drivers/STM32F4xx_HAL_Driver/Src/stm32f4xx_hal_dma_ex.o" --specs=nano.specs -mfpu=fpv4-sp-d16 -mfloat-abi=hard -mthumb -o "Drivers/STM32F4xx_HAL_Driver/Src/stm32f4xx_hal_dma_ex.o"
arm-none-eabi-gcc "../Drivers/STM32F4xx_HAL_Driver/Src/stm32f4xx_hal_exti.c" -mcpu=cortex-m4 -std=gnu11 -g3 -DDEBUG -DUSE_HAL_DRIVER -DSTM32F407xx -c -I../Core/Inc -I../Drivers/STM32F4xx_HAL_Driver/Inc -I../Drivers/STM32F4xx_HAL_Driver/Inc/Legacy -I../Drivers/CMSIS/Device/ST/STM32F4xx/Include -I../Drivers/CMSIS/Include -O0 -ffunction-sections -fdata-sections -Wall -fstack-usage -MMD -MP -MF"Drivers/STM32F4xx_HAL_Driver/Src/stm32f4xx_hal_exti.d" -MT"Drivers/STM32F4xx_HAL_Driver/Src/stm32f4xx_hal_exti.o" --specs=nano.specs -mfpu=fpv4-sp-d16 -mfloat-abi=hard -mthumb -o "Drivers/STM32F4xx_HAL_Driver/Src/stm32f4xx_hal_exti.o"
arm-none-eabi-gcc "../Drivers/STM32F4xx_HAL_Driver/Src/stm32f4xx_hal_flash.c" -mcpu=cortex-m4 -std=gnu11 -g3 -DDEBUG -DUSE_HAL_DRIVER -DSTM32F407xx -c -I../Core/Inc -I../Drivers/STM32F4xx_HAL_Driver/Inc -I../Drivers/STM32F4xx_HAL_Driver/Inc/Legacy -I../Drivers/CMSIS/Device/ST/STM32F4xx/Include -I../Drivers/CMSIS/Include -O0 -ffunction-sections -fdata-sections -Wall -fstack-usage -MMD -MP -MF"Drivers/STM32F4xx_HAL_Driver/Src/stm32f4xx_hal_flash.d" -MT"Drivers/STM32F4xx_HAL_Driver/Src/stm32f4xx_hal_flash.o" --specs=nano.specs -mfpu=fpv4-sp-d16 -mfloat-abi=hard -mthumb -o "Drivers/STM32F4xx_HAL_Driver/Src/stm32f4xx_hal_flash.o"
arm-none-eabi-gcc "../Drivers/STM32F4xx_HAL_Driver/Src/stm32f4xx_hal_flash_ex.c" -mcpu=cortex-m4 -std=gnu11 -g3 -DDEBUG -DUSE_HAL_DRIVER -DSTM32F407xx -c -I../Core/Inc -I../Drivers/STM32F4xx_HAL_Driver/Inc -I../Drivers/STM32F4xx_HAL_Driver/Inc/Legacy -I../Drivers/CMSIS/Device/ST/STM32F4xx/Include -I../Drivers/CMSIS/Include -O0 -ffunction-sections -fdata-sections -Wall -fstack-usage -MMD -MP -MF"Drivers/STM32F4xx_HAL_Driver/Src/stm32f4xx_hal_flash_ex.d" -MT"Drivers/STM32F4xx_HAL_Driver/Src/stm32f4xx_hal_flash_ex.o" --specs=nano.specs -mfpu=fpv4-sp-d16 -mfloat-abi=hard -mthumb -o "Drivers/STM32F4xx_HAL_Driver/Src/stm32f4xx_hal_flash_ex.o"
arm-none-eabi-gcc "../Drivers/STM32F4xx_HAL_Driver/Src/stm32f4xx_hal_flash_ramfunc.c" -mcpu=cortex-m4 -std=gnu11 -g3 -DDEBUG -DUSE_HAL_DRIVER -DSTM32F407xx -c -I../Core/Inc -I../Drivers/STM32F4xx_HAL_Driver/Inc -I../Drivers/STM32F4xx_HAL_Driver/Inc/Legacy -I../Drivers/CMSIS/Device/ST/STM32F4xx/Include -I../Drivers/CMSIS/Include -O0 -ffunction-sections -fdata-sections -Wall -fstack-usage -MMD -MP -MF"Drivers/STM32F4xx_HAL_Driver/Src/stm32f4xx_hal_flash_ramfunc.d" -MT"Drivers/STM32F4xx_HAL_Driver/Src/stm32f4xx_hal_flash_ramfunc.o" --specs=nano.specs -mfpu=fpv4-sp-d16 -mfloat-abi=hard -mthumb -o "Drivers/STM32F4xx_HAL_Driver/Src/stm32f4xx_hal_flash_ramfunc.o"
arm-none-eabi-gcc "../Drivers/STM32F4xx_HAL_Driver/Src/stm32f4xx_hal_gpio.c" -mcpu=cortex-m4 -std=gnu11 -g3 -DDEBUG -DUSE_HAL_DRIVER -DSTM32F407xx -c -I../Core/Inc -I../Drivers/STM32F4xx_HAL_Driver/Inc -I../Drivers/STM32F4xx_HAL_Driver/Inc/Legacy -I../Drivers/CMSIS/Device/ST/STM32F4xx/Include -I../Drivers/CMSIS/Include -O0 -ffunction-sections -fdata-sections -Wall -fstack-usage -MMD -MP -MF"Drivers/STM32F4xx_HAL_Driver/Src/stm32f4xx_hal_gpio.d" -MT"Drivers/STM32F4xx_HAL_Driver/Src/stm32f4xx_hal_gpio.o" --specs=nano.specs -mfpu=fpv4-sp-d16 -mfloat-abi=hard -mthumb -o "Drivers/STM32F4xx_HAL_Driver/Src/stm32f4xx_hal_gpio.o"
arm-none-eabi-gcc "../Drivers/STM32F4xx_HAL_Driver/Src/stm32f4xx_hal_pwr.c" -mcpu=cortex-m4 -std=gnu11 -g3 -DDEBUG -DUSE_HAL_DRIVER -DSTM32F407xx -c -I../Core/Inc -I../Drivers/STM32F4xx_HAL_Driver/Inc -I../Drivers/STM32F4xx_HAL_Driver/Inc/Legacy -I../Drivers/CMSIS/Device/ST/STM32F4xx/Include -I../Drivers/CMSIS/Include -O0 -ffunction-sections -fdata-sections -Wall -fstack-usage -MMD -MP -MF"Drivers/STM32F4xx_HAL_Driver/Src/stm32f4xx_hal_pwr.d" -MT"Drivers/STM32F4xx_HAL_Driver/Src/stm32f4xx_hal_pwr.o" --specs=nano.specs -mfpu=fpv4-sp-d16 -mfloat-abi=hard -mthumb -o "Drivers/STM32F4xx_HAL_Driver/Src/stm32f4xx_hal_pwr.o"
arm-none-eabi-gcc "../Drivers/STM32F4xx_HAL_Driver/Src/stm32f4xx_hal_pwr_ex.c" -mcpu=cortex-m4 -std=gnu11 -g3 -DDEBUG -DUSE_HAL_DRIVER -DSTM32F407xx -c -I../Core/Inc -I../Drivers/STM32F4xx_HAL_Driver/Inc -I../Drivers/STM32F4xx_HAL_Driver/Inc/Legacy -I../Drivers/CMSIS/Device/ST/STM32F4xx/Include -I../Drivers/CMSIS/Include -O0 -ffunction-sections -fdata-sections -Wall -fstack-usage -MMD -MP -MF"Drivers/STM32F4xx_HAL_Driver/Src/stm32f4xx_hal_pwr_ex.d" -MT"Drivers/STM32F4xx_HAL_Driver/Src/stm32f4xx_hal_pwr_ex.o" --specs=nano.specs -mfpu=fpv4-sp-d16 -mfloat-abi=hard -mthumb -o "Drivers/STM32F4xx_HAL_Driver/Src/stm32f4xx_hal_pwr_ex.o"
arm-none-eabi-gcc "../Drivers/STM32F4xx_HAL_Driver/Src/stm32f4xx_hal_rcc.c" -mcpu=cortex-m4 -std=gnu11 -g3 -DDEBUG -DUSE_HAL_DRIVER -DSTM32F407xx -c -I../Core/Inc -I../Drivers/STM32F4xx_HAL_Driver/Inc -I../Drivers/STM32F4xx_HAL_Driver/Inc/Legacy -I../Drivers/CMSIS/Device/ST/STM32F4xx/Include -I../Drivers/CMSIS/Include -O0 -ffunction-sections -fdata-sections -Wall -fstack-usage -MMD -MP -MF"Drivers/STM32F4xx_HAL_Driver/Src/stm32f4xx_hal_rcc.d" -MT"Drivers/STM32F4xx_HAL_Driver/Src/stm32f4xx_hal_rcc.o" --specs=nano.specs -mfpu=fpv4-sp-d16 -mfloat-abi=hard -mthumb -o "Drivers/STM32F4xx_HAL_Driver/Src/stm32f4xx_hal_rcc.o"
arm-none-eabi-gcc "../Drivers/STM32F4xx_HAL_Driver/Src/stm32f4xx_hal_rcc_ex.c" -mcpu=cortex-m4 -std=gnu11 -g3 -DDEBUG -DUSE_HAL_DRIVER -DSTM32F407xx -c -I../Core/Inc -I../Drivers/STM32F4xx_HAL_Driver/Inc -I../Drivers/STM32F4xx_HAL_Driver/Inc/Legacy -I../Drivers/CMSIS/Device/ST/STM32F4xx/Include -I../Drivers/CMSIS/Include -O0 -ffunction-sections -fdata-sections -Wall -fstack-usage -MMD -MP -MF"Drivers/STM32F4xx_HAL_Driver/Src/stm32f4xx_hal_rcc_ex.d" -MT"Drivers/STM32F4xx_HAL_Driver/Src/stm32f4xx_hal_rcc_ex.o" --specs=nano.specs -mfpu=fpv4-sp-d16 -mfloat-abi=hard -mthumb -o "Drivers/STM32F4xx_HAL_Driver/Src/stm32f4xx_hal_rcc_ex.o"
arm-none-eabi-gcc "../Drivers/STM32F4xx_HAL_Driver/Src/stm32f4xx_hal_tim.c" -mcpu=cortex-m4 -std=gnu11 -g3 -DDEBUG -DUSE_HAL_DRIVER -DSTM32F407xx -c -I../Core/Inc -I../Drivers/STM32F4xx_HAL_Driver/Inc -I../Drivers/STM32F4xx_HAL_Driver/Inc/Legacy -I../Drivers/CMSIS/Device/ST/STM32F4xx/Include -I../Drivers/CMSIS/Include -O0 -ffunction-sections -fdata-sections -Wall -fstack-usage -MMD -MP -MF"Drivers/STM32F4xx_HAL_Driver/Src/stm32f4xx_hal_tim.d" -MT"Drivers/STM32F4xx_HAL_Driver/Src/stm32f4xx_hal_tim.o" --specs=nano.specs -mfpu=fpv4-sp-d16 -mfloat-abi=hard -mthumb -o "Drivers/STM32F4xx_HAL_Driver/Src/stm32f4xx_hal_tim.o"
arm-none-eabi-gcc "../Drivers/STM32F4xx_HAL_Driver/Src/stm32f4xx_hal_tim_ex.c" -mcpu=cortex-m4 -std=gnu11 -g3 -DDEBUG -DUSE_HAL_DRIVER -DSTM32F407xx -c -I../Core/Inc -I../Drivers/STM32F4xx_HAL_Driver/Inc -I../Drivers/STM32F4xx_HAL_Driver/Inc/Legacy -I../Drivers/CMSIS/Device/ST/STM32F4xx/Include -I../Drivers/CMSIS/Include -O0 -ffunction-sections -fdata-sections -Wall -fstack-usage -MMD -MP -MF"Drivers/STM32F4xx_HAL_Driver/Src/stm32f4xx_hal_tim_ex.d" -MT"Drivers/STM32F4xx_HAL_Driver/Src/stm32f4xx_hal_tim_ex.o" --specs=nano.specs -mfpu=fpv4-sp-d16 -mfloat-abi=hard -mthumb -o "Drivers/STM32F4xx_HAL_Driver/Src/stm32f4xx_hal_tim_ex.o"
arm-none-eabi-gcc "../Core/Src/main.c" -mcpu=cortex-m4 -std=gnu11 -g3 -DDEBUG -DUSE_HAL_DRIVER -DSTM32F407xx -c -I../Core/Inc -I../Drivers/STM32F4xx_HAL_Driver/Inc -I../Drivers/STM32F4xx_HAL_Driver/Inc/Legacy -I../Drivers/CMSIS/Device/ST/STM32F4xx/Include -I../Drivers/CMSIS/Include -O0 -ffunction-sections -fdata-sections -Wall -fstack-usage -MMD -MP -MF"Core/Src/main.d" -MT"Core/Src/main.o" --specs=nano.specs -mfpu=fpv4-sp-d16 -mfloat-abi=hard -mthumb -o "Core/Src/main.o"
arm-none-eabi-gcc "../Core/Src/stm32f4xx_hal_msp.c" -mcpu=cortex-m4 -std=gnu11 -g3 -DDEBUG -DUSE_HAL_DRIVER -DSTM32F407xx -c -I../Core/Inc -I../Drivers/STM32F4xx_HAL_Driver/Inc -I../Drivers/STM32F4xx_HAL_Driver/Inc/Legacy -I../Drivers/CMSIS/Device/ST/STM32F4xx/Include -I../Drivers/CMSIS/Include -O0 -ffunction-sections -fdata-sections -Wall -fstack-usage -MMD -MP -MF"Core/Src/stm32f4xx_hal_msp.d" -MT"Core/Src/stm32f4xx_hal_msp.o" --specs=nano.specs -mfpu=fpv4-sp-d16 -mfloat-abi=hard -mthumb -o "Core/Src/stm32f4xx_hal_msp.o"
arm-none-eabi-gcc "../Core/Src/stm32f4xx_it.c" -mcpu=cortex-m4 -std=gnu11 -g3 -DDEBUG -DUSE_HAL_DRIVER -DSTM32F407xx -c -I../Core/Inc -I../Drivers/STM32F4xx_HAL_Driver/Inc -I../Drivers/STM32F4xx_HAL_Driver/Inc/Legacy -I../Drivers/CMSIS/Device/ST/STM32F4xx/Include -I../Drivers/CMSIS/Include -O0 -ffunction-sections -fdata-sections -Wall -fstack-usage -MMD -MP -MF"Core/Src/stm32f4xx_it.d" -MT"Core/Src/stm32f4xx_it.o" --specs=nano.specs -mfpu=fpv4-sp-d16 -mfloat-abi=hard -mthumb -o "Core/Src/stm32f4xx_it.o"
arm-none-eabi-gcc "../Core/Src/system_stm32f4xx.c" -mcpu=cortex-m4 -std=gnu11 -g3 -DDEBUG -DUSE_HAL_DRIVER -DSTM32F407xx -c -I../Core/Inc -I../Drivers/STM32F4xx_HAL_Driver/Inc -I../Drivers/STM32F4xx_HAL_Driver/Inc/Legacy -I../Drivers/CMSIS/Device/ST/STM32F4xx/Include -I../Drivers/CMSIS/Include -O0 -ffunction-sections -fdata-sections -Wall -fstack-usage -MMD -MP -MF"Core/Src/system_stm32f4xx.d" -MT"Core/Src/system_stm32f4xx.o" --specs=nano.specs -mfpu=fpv4-sp-d16 -mfloat-abi=hard -mthumb -o "Core/Src/system_stm32f4xx.o"
arm-none-eabi-gcc -o "Relay.elf" @"objects.list"   -mcpu=cortex-m4 -T"C:\Users\VeliSacikara\Desktop\Sensors\Relay\STM32F407VGTX_FLASH.ld" --specs=nosys.specs -Wl,-Map="Relay.map" -Wl,--gc-sections -static --specs=nano.specs -mfpu=fpv4-sp-d16 -mfloat-abi=hard -mthumb -Wl,--start-group -lc -lm -Wl,--end-group
Finished building target: Relay.elf
 
arm-none-eabi-size   Relay.elf 
arm-none-eabi-objdump -h -S  Relay.elf  > "Relay.list"
   text	   data	    bss	    dec	    hex	filename
   7380	     20	   1644	   9044	   2354	Relay.elf
Finished building: default.size.stdout
 
Finished building: Relay.list
 
17:47:15 **** Incremental Build of configuration Debug for project Relay ****
make -j8 all 
arm-none-eabi-gcc "../Core/Src/main.c" -mcpu=cortex-m4 -std=gnu11 -g3 -DDEBUG -DUSE_HAL_DRIVER -DSTM32F407xx -c -I../Core/Inc -I../Drivers/STM32F4xx_HAL_Driver/Inc -I../Drivers/STM32F4xx_HAL_Driver/Inc/Legacy -I../Drivers/CMSIS/Device/ST/STM32F4xx/Include -I../Drivers/CMSIS/Include -O0 -ffunction-sections -fdata-sections -Wall -fstack-usage -MMD -MP -MF"Core/Src/main.d" -MT"Core/Src/main.o" --specs=nano.specs -mfpu=fpv4-sp-d16 -mfloat-abi=hard -mthumb -o "Core/Src/main.o"
arm-none-eabi-gcc -o "Relay.elf" @"objects.list"   -mcpu=cortex-m4 -T"C:\Users\VeliSacikara\Desktop\Sensors\Relay\STM32F407VGTX_FLASH.ld" --specs=nosys.specs -Wl,-Map="Relay.map" -Wl,--gc-sections -static --specs=nano.specs -mfpu=fpv4-sp-d16 -mfloat-abi=hard -mthumb -Wl,--start-group -lc -lm -Wl,--end-group
Finished building target: Relay.elf
 
arm-none-eabi-size   Relay.elf 
arm-none-eabi-objdump -h -S  Relay.elf  > "Relay.list"
   text	   data	    bss	    dec	    hex	filename
   7400	     20	   1644	   9064	   2368	Relay.elf
Finished building: default.size.stdout
 
Finished building: Relay.list
 
17:49:09 **** Incremental Build of configuration Debug for project Relay ****
make -j8 all 
arm-none-eabi-size   Relay.elf 
   text	   data	    bss	    dec	    hex	filename
   7400	     20	   1644	   9064	   2368	Relay.elf
Finished building: default.size.stdout
 
17:49:28 **** Incremental Build of configuration Debug for project Relay ****
make -j8 all 
arm-none-eabi-size   Relay.elf 
   text	   data	    bss	    dec	    hex	filename
   7400	     20	   1644	   9064	   2368	Relay.elf
Finished building: default.size.stdout
 
17:49:38 **** Incremental Build of configuration Debug for project Relay ****
make -j8 all 
arm-none-eabi-size   Relay.elf 
   text	   data	    bss	    dec	    hex	filename
   7400	     20	   1644	   9064	   2368	Relay.elf
Finished building: default.size.stdout
 
18:11:20 **** Incremental Build of configuration Debug for project Relay ****
make -j8 all 
arm-none-eabi-gcc "../Core/Src/main.c" -mcpu=cortex-m4 -std=gnu11 -g3 -DDEBUG -DUSE_HAL_DRIVER -DSTM32F407xx -c -I../Core/Inc -I../Drivers/STM32F4xx_HAL_Driver/Inc -I../Drivers/STM32F4xx_HAL_Driver/Inc/Legacy -I../Drivers/CMSIS/Device/ST/STM32F4xx/Include -I../Drivers/CMSIS/Include -O0 -ffunction-sections -fdata-sections -Wall -fstack-usage -MMD -MP -MF"Core/Src/main.d" -MT"Core/Src/main.o" --specs=nano.specs -mfpu=fpv4-sp-d16 -mfloat-abi=hard -mthumb -o "Core/Src/main.o"
arm-none-eabi-gcc -o "Relay.elf" @"objects.list"   -mcpu=cortex-m4 -T"C:\Users\VeliSacikara\Desktop\Sensors\Relay\STM32F407VGTX_FLASH.ld" --specs=nosys.specs -Wl,-Map="Relay.map" -Wl,--gc-sections -static --specs=nano.specs -mfpu=fpv4-sp-d16 -mfloat-abi=hard -mthumb -Wl,--start-group -lc -lm -Wl,--end-group
Finished building target: Relay.elf
 
arm-none-eabi-size   Relay.elf 
arm-none-eabi-objdump -h -S  Relay.elf  > "Relay.list"
   text	   data	    bss	    dec	    hex	filename
   7400	     20	   1644	   9064	   2368	Relay.elf
Finished building: default.size.stdout
 
Finished building: Relay.list
 
18:11:39 **** Incremental Build of configuration Debug for project Relay ****
make -j8 all 
arm-none-eabi-size   Relay.elf 
   text	   data	    bss	    dec	    hex	filename
   7400	     20	   1644	   9064	   2368	Relay.elf
Finished building: default.size.stdout
 
18:11:55 **** Incremental Build of configuration Debug for project Relay ****
make -j8 all 
arm-none-eabi-size   Relay.elf 
   text	   data	    bss	    dec	    hex	filename
   7400	     20	   1644	   9064	   2368	Relay.elf
Finished building: default.size.stdout
 
18:12:12 **** Incremental Build of configuration Debug for project Relay ****
make -j8 all 
arm-none-eabi-size   Relay.elf 
   text	   data	    bss	    dec	    hex	filename
   7400	     20	   1644	   9064	   2368	Relay.elf
Finished building: default.size.stdout
 
18:12:28 **** Incremental Build of configuration Debug for project Relay ****
make -j8 all 
arm-none-eabi-size   Relay.elf 
   text	   data	    bss	    dec	    hex	filename
   7400	     20	   1644	   9064	   2368	Relay.elf
Finished building: default.size.stdout
 
18:14:22 **** Incremental Build of configuration Debug for project Relay ****
make -j8 all 
arm-none-eabi-gcc "../Core/Src/main.c" -mcpu=cortex-m4 -std=gnu11 -g3 -DDEBUG -DUSE_HAL_DRIVER -DSTM32F407xx -c -I../Core/Inc -I../Drivers/STM32F4xx_HAL_Driver/Inc -I../Drivers/STM32F4xx_HAL_Driver/Inc/Legacy -I../Drivers/CMSIS/Device/ST/STM32F4xx/Include -I../Drivers/CMSIS/Include -O0 -ffunction-sections -fdata-sections -Wall -fstack-usage -MMD -MP -MF"Core/Src/main.d" -MT"Core/Src/main.o" --specs=nano.specs -mfpu=fpv4-sp-d16 -mfloat-abi=hard -mthumb -o "Core/Src/main.o"
arm-none-eabi-gcc -o "Relay.elf" @"objects.list"   -mcpu=cortex-m4 -T"C:\Users\VeliSacikara\Desktop\Sensors\Relay\STM32F407VGTX_FLASH.ld" --specs=nosys.specs -Wl,-Map="Relay.map" -Wl,--gc-sections -static --specs=nano.specs -mfpu=fpv4-sp-d16 -mfloat-abi=hard -mthumb -Wl,--start-group -lc -lm -Wl,--end-group
Finished building target: Relay.elf
 
arm-none-eabi-size   Relay.elf 
arm-none-eabi-objdump -h -S  Relay.elf  > "Relay.list"
   text	   data	    bss	    dec	    hex	filename
   7400	     20	   1644	   9064	   2368	Relay.elf
Finished building: default.size.stdout
 
Finished building: Relay.list
 
18:20:04 **** Incremental Build of configuration Debug for project Relay ****
make -j8 all 
arm-none-eabi-gcc "../Core/Src/main.c" -mcpu=cortex-m4 -std=gnu11 -g3 -DDEBUG -DUSE_HAL_DRIVER -DSTM32F407xx -c -I../Core/Inc -I../Drivers/STM32F4xx_HAL_Driver/Inc -I../Drivers/STM32F4xx_HAL_Driver/Inc/Legacy -I../Drivers/CMSIS/Device/ST/STM32F4xx/Include -I../Drivers/CMSIS/Include -O0 -ffunction-sections -fdata-sections -Wall -fstack-usage -MMD -MP -MF"Core/Src/main.d" -MT"Core/Src/main.o" --specs=nano.specs -mfpu=fpv4-sp-d16 -mfloat-abi=hard -mthumb -o "Core/Src/main.o"
arm-none-eabi-gcc -o "Relay.elf" @"objects.list"   -mcpu=cortex-m4 -T"C:\Users\VeliSacikara\Desktop\Sensors\Relay\STM32F407VGTX_FLASH.ld" --specs=nosys.specs -Wl,-Map="Relay.map" -Wl,--gc-sections -static --specs=nano.specs -mfpu=fpv4-sp-d16 -mfloat-abi=hard -mthumb -Wl,--start-group -lc -lm -Wl,--end-group
Finished building target: Relay.elf
 
arm-none-eabi-size   Relay.elf 
arm-none-eabi-objdump -h -S  Relay.elf  > "Relay.list"
   text	   data	    bss	    dec	    hex	filename
   7300	     20	   1644	   8964	   2304	Relay.elf
Finished building: default.size.stdout
 
Finished building: Relay.list
 
18:20:57 **** Incremental Build of configuration Debug for project Relay ****
make -j8 all 
arm-none-eabi-gcc "../Core/Src/main.c" -mcpu=cortex-m4 -std=gnu11 -g3 -DDEBUG -DUSE_HAL_DRIVER -DSTM32F407xx -c -I../Core/Inc -I../Drivers/STM32F4xx_HAL_Driver/Inc -I../Drivers/STM32F4xx_HAL_Driver/Inc/Legacy -I../Drivers/CMSIS/Device/ST/STM32F4xx/Include -I../Drivers/CMSIS/Include -O0 -ffunction-sections -fdata-sections -Wall -fstack-usage -MMD -MP -MF"Core/Src/main.d" -MT"Core/Src/main.o" --specs=nano.specs -mfpu=fpv4-sp-d16 -mfloat-abi=hard -mthumb -o "Core/Src/main.o"
arm-none-eabi-gcc -o "Relay.elf" @"objects.list"   -mcpu=cortex-m4 -T"C:\Users\VeliSacikara\Desktop\Sensors\Relay\STM32F407VGTX_FLASH.ld" --specs=nosys.specs -Wl,-Map="Relay.map" -Wl,--gc-sections -static --specs=nano.specs -mfpu=fpv4-sp-d16 -mfloat-abi=hard -mthumb -Wl,--start-group -lc -lm -Wl,--end-group
Finished building target: Relay.elf
 
arm-none-eabi-size   Relay.elf 
arm-none-eabi-objdump -h -S  Relay.elf  > "Relay.list"
   text	   data	    bss	    dec	    hex	filename
   7300	     20	   1644	   8964	   2304	Relay.elf
Finished building: default.size.stdout
 
Finished building: Relay.list
 
18:21:34 **** Incremental Build of configuration Debug for project Relay ****
make -j8 all 
arm-none-eabi-size   Relay.elf 
   text	   data	    bss	    dec	    hex	filename
   7300	     20	   1644	   8964	   2304	Relay.elf
Finished building: default.size.stdout
 
18:21:53 **** Incremental Build of configuration Debug for project Relay ****
make -j8 all 
arm-none-eabi-size   Relay.elf 
   text	   data	    bss	    dec	    hex	filename
   7300	     20	   1644	   8964	   2304	Relay.elf
Finished building: default.size.stdout
 
18:22:41 **** Incremental Build of configuration Debug for project Relay ****
make -j8 all 
arm-none-eabi-gcc "../Core/Src/main.c" -mcpu=cortex-m4 -std=gnu11 -g3 -DDEBUG -DUSE_HAL_DRIVER -DSTM32F407xx -c -I../Core/Inc -I../Drivers/STM32F4xx_HAL_Driver/Inc -I../Drivers/STM32F4xx_HAL_Driver/Inc/Legacy -I../Drivers/CMSIS/Device/ST/STM32F4xx/Include -I../Drivers/CMSIS/Include -O0 -ffunction-sections -fdata-sections -Wall -fstack-usage -MMD -MP -MF"Core/Src/main.d" -MT"Core/Src/main.o" --specs=nano.specs -mfpu=fpv4-sp-d16 -mfloat-abi=hard -mthumb -o "Core/Src/main.o"
arm-none-eabi-gcc -o "Relay.elf" @"objects.list"   -mcpu=cortex-m4 -T"C:\Users\VeliSacikara\Desktop\Sensors\Relay\STM32F407VGTX_FLASH.ld" --specs=nosys.specs -Wl,-Map="Relay.map" -Wl,--gc-sections -static --specs=nano.specs -mfpu=fpv4-sp-d16 -mfloat-abi=hard -mthumb -Wl,--start-group -lc -lm -Wl,--end-group
Finished building target: Relay.elf
 
arm-none-eabi-size   Relay.elf 
arm-none-eabi-objdump -h -S  Relay.elf  > "Relay.list"
   text	   data	    bss	    dec	    hex	filename
   7400	     20	   1644	   9064	   2368	Relay.elf
Finished building: default.size.stdout
 
Finished building: Relay.list
 
18:23:01 **** Incremental Build of configuration Debug for project Relay ****
make -j8 all 
arm-none-eabi-gcc "../Core/Src/main.c" -mcpu=cortex-m4 -std=gnu11 -g3 -DDEBUG -DUSE_HAL_DRIVER -DSTM32F407xx -c -I../Core/Inc -I../Drivers/STM32F4xx_HAL_Driver/Inc -I../Drivers/STM32F4xx_HAL_Driver/Inc/Legacy -I../Drivers/CMSIS/Device/ST/STM32F4xx/Include -I../Drivers/CMSIS/Include -O0 -ffunction-sections -fdata-sections -Wall -fstack-usage -MMD -MP -MF"Core/Src/main.d" -MT"Core/Src/main.o" --specs=nano.specs -mfpu=fpv4-sp-d16 -mfloat-abi=hard -mthumb -o "Core/Src/main.o"
arm-none-eabi-gcc -o "Relay.elf" @"objects.list"   -mcpu=cortex-m4 -T"C:\Users\VeliSacikara\Desktop\Sensors\Relay\STM32F407VGTX_FLASH.ld" --specs=nosys.specs -Wl,-Map="Relay.map" -Wl,--gc-sections -static --specs=nano.specs -mfpu=fpv4-sp-d16 -mfloat-abi=hard -mthumb -Wl,--start-group -lc -lm -Wl,--end-group
Finished building target: Relay.elf
 
arm-none-eabi-size   Relay.elf 
arm-none-eabi-objdump -h -S  Relay.elf  > "Relay.list"
   text	   data	    bss	    dec	    hex	filename
   7400	     20	   1644	   9064	   2368	Relay.elf
Finished building: default.size.stdout
 
Finished building: Relay.list
 
18:24:05 **** Incremental Build of configuration Debug for project Relay ****
make -j8 all 
arm-none-eabi-gcc "../Core/Src/main.c" -mcpu=cortex-m4 -std=gnu11 -g3 -DDEBUG -DUSE_HAL_DRIVER -DSTM32F407xx -c -I../Core/Inc -I../Drivers/STM32F4xx_HAL_Driver/Inc -I../Drivers/STM32F4xx_HAL_Driver/Inc/Legacy -I../Drivers/CMSIS/Device/ST/STM32F4xx/Include -I../Drivers/CMSIS/Include -O0 -ffunction-sections -fdata-sections -Wall -fstack-usage -MMD -MP -MF"Core/Src/main.d" -MT"Core/Src/main.o" --specs=nano.specs -mfpu=fpv4-sp-d16 -mfloat-abi=hard -mthumb -o "Core/Src/main.o"
arm-none-eabi-gcc -o "Relay.elf" @"objects.list"   -mcpu=cortex-m4 -T"C:\Users\VeliSacikara\Desktop\Sensors\Relay\STM32F407VGTX_FLASH.ld" --specs=nosys.specs -Wl,-Map="Relay.map" -Wl,--gc-sections -static --specs=nano.specs -mfpu=fpv4-sp-d16 -mfloat-abi=hard -mthumb -Wl,--start-group -lc -lm -Wl,--end-group
Finished building target: Relay.elf
 
arm-none-eabi-size   Relay.elf 
arm-none-eabi-objdump -h -S  Relay.elf  > "Relay.list"
   text	   data	    bss	    dec	    hex	filename
   7428	     20	   1644	   9092	   2384	Relay.elf
Finished building: default.size.stdout
 
Finished building: Relay.list
 
18:24:13 **** Incremental Build of configuration Debug for project Relay ****
make -j8 all 
arm-none-eabi-gcc "../Core/Src/main.c" -mcpu=cortex-m4 -std=gnu11 -g3 -DDEBUG -DUSE_HAL_DRIVER -DSTM32F407xx -c -I../Core/Inc -I../Drivers/STM32F4xx_HAL_Driver/Inc -I../Drivers/STM32F4xx_HAL_Driver/Inc/Legacy -I../Drivers/CMSIS/Device/ST/STM32F4xx/Include -I../Drivers/CMSIS/Include -O0 -ffunction-sections -fdata-sections -Wall -fstack-usage -MMD -MP -MF"Core/Src/main.d" -MT"Core/Src/main.o" --specs=nano.specs -mfpu=fpv4-sp-d16 -mfloat-abi=hard -mthumb -o "Core/Src/main.o"
arm-none-eabi-gcc -o "Relay.elf" @"objects.list"   -mcpu=cortex-m4 -T"C:\Users\VeliSacikara\Desktop\Sensors\Relay\STM32F407VGTX_FLASH.ld" --specs=nosys.specs -Wl,-Map="Relay.map" -Wl,--gc-sections -static --specs=nano.specs -mfpu=fpv4-sp-d16 -mfloat-abi=hard -mthumb -Wl,--start-group -lc -lm -Wl,--end-group
Finished building target: Relay.elf
 
arm-none-eabi-size   Relay.elf 
arm-none-eabi-objdump -h -S  Relay.elf  > "Relay.list"
   text	   data	    bss	    dec	    hex	filename
   7428	     20	   1644	   9092	   2384	Relay.elf
Finished building: default.size.stdout
 
Finished building: Relay.list
 
18:24:52 **** Incremental Build of configuration Debug for project Relay ****
make -j8 all 
arm-none-eabi-size   Relay.elf 
   text	   data	    bss	    dec	    hex	filename
   7428	     20	   1644	   9092	   2384	Relay.elf
Finished building: default.size.stdout
 
18:25:09 **** Incremental Build of configuration Debug for project Relay ****
make -j8 all 
arm-none-eabi-size   Relay.elf 
   text	   data	    bss	    dec	    hex	filename
   7428	     20	   1644	   9092	   2384	Relay.elf
Finished building: default.size.stdout
 
18:26:10 **** Incremental Build of configuration Debug for project Relay ****
make -j8 all 
arm-none-eabi-gcc "../Core/Src/main.c" -mcpu=cortex-m4 -std=gnu11 -g3 -DDEBUG -DUSE_HAL_DRIVER -DSTM32F407xx -c -I../Core/Inc -I../Drivers/STM32F4xx_HAL_Driver/Inc -I../Drivers/STM32F4xx_HAL_Driver/Inc/Legacy -I../Drivers/CMSIS/Device/ST/STM32F4xx/Include -I../Drivers/CMSIS/Include -O0 -ffunction-sections -fdata-sections -Wall -fstack-usage -MMD -MP -MF"Core/Src/main.d" -MT"Core/Src/main.o" --specs=nano.specs -mfpu=fpv4-sp-d16 -mfloat-abi=hard -mthumb -o "Core/Src/main.o"
arm-none-eabi-gcc -o "Relay.elf" @"objects.list"   -mcpu=cortex-m4 -T"C:\Users\VeliSacikara\Desktop\Sensors\Relay\STM32F407VGTX_FLASH.ld" --specs=nosys.specs -Wl,-Map="Relay.map" -Wl,--gc-sections -static --specs=nano.specs -mfpu=fpv4-sp-d16 -mfloat-abi=hard -mthumb -Wl,--start-group -lc -lm -Wl,--end-group
Finished building target: Relay.elf
 
arm-none-eabi-size   Relay.elf 
arm-none-eabi-objdump -h -S  Relay.elf  > "Relay.list"
   text	   data	    bss	    dec	    hex	filename
   7428	     20	   1644	   9092	   2384	Relay.elf
Finished building: default.size.stdout
 
Finished building: Relay.list
 
18:30:17 **** Incremental Build of configuration Debug for project Relay ****
make -j8 all 
arm-none-eabi-gcc "../Core/Src/main.c" -mcpu=cortex-m4 -std=gnu11 -g3 -DDEBUG -DUSE_HAL_DRIVER -DSTM32F407xx -c -I../Core/Inc -I../Drivers/STM32F4xx_HAL_Driver/Inc -I../Drivers/STM32F4xx_HAL_Driver/Inc/Legacy -I../Drivers/CMSIS/Device/ST/STM32F4xx/Include -I../Drivers/CMSIS/Include -O0 -ffunction-sections -fdata-sections -Wall -fstack-usage -MMD -MP -MF"Core/Src/main.d" -MT"Core/Src/main.o" --specs=nano.specs -mfpu=fpv4-sp-d16 -mfloat-abi=hard -mthumb -o "Core/Src/main.o"
arm-none-eabi-gcc -o "Relay.elf" @"objects.list"   -mcpu=cortex-m4 -T"C:\Users\VeliSacikara\Desktop\Sensors\Relay\STM32F407VGTX_FLASH.ld" --specs=nosys.specs -Wl,-Map="Relay.map" -Wl,--gc-sections -static --specs=nano.specs -mfpu=fpv4-sp-d16 -mfloat-abi=hard -mthumb -Wl,--start-group -lc -lm -Wl,--end-group
Finished building target: Relay.elf
 
arm-none-eabi-size   Relay.elf 
arm-none-eabi-objdump -h -S  Relay.elf  > "Relay.list"
   text	   data	    bss	    dec	    hex	filename
   7428	     20	   1644	   9092	   2384	Relay.elf
Finished building: default.size.stdout
 
Finished building: Relay.list
 
18:33:15 **** Incremental Build of configuration Debug for project Relay ****
make -j8 all 
arm-none-eabi-gcc "../Core/Src/main.c" -mcpu=cortex-m4 -std=gnu11 -g3 -DDEBUG -DUSE_HAL_DRIVER -DSTM32F407xx -c -I../Core/Inc -I../Drivers/STM32F4xx_HAL_Driver/Inc -I../Drivers/STM32F4xx_HAL_Driver/Inc/Legacy -I../Drivers/CMSIS/Device/ST/STM32F4xx/Include -I../Drivers/CMSIS/Include -O0 -ffunction-sections -fdata-sections -Wall -fstack-usage -MMD -MP -MF"Core/Src/main.d" -MT"Core/Src/main.o" --specs=nano.specs -mfpu=fpv4-sp-d16 -mfloat-abi=hard -mthumb -o "Core/Src/main.o"
arm-none-eabi-gcc -o "Relay.elf" @"objects.list"   -mcpu=cortex-m4 -T"C:\Users\VeliSacikara\Desktop\Sensors\Relay\STM32F407VGTX_FLASH.ld" --specs=nosys.specs -Wl,-Map="Relay.map" -Wl,--gc-sections -static --specs=nano.specs -mfpu=fpv4-sp-d16 -mfloat-abi=hard -mthumb -Wl,--start-group -lc -lm -Wl,--end-group
Finished building target: Relay.elf
 
arm-none-eabi-size   Relay.elf 
arm-none-eabi-objdump -h -S  Relay.elf  > "Relay.list"
   text	   data	    bss	    dec	    hex	filename
   7428	     20	   1644	   9092	   2384	Relay.elf
Finished building: default.size.stdout
 
Finished building: Relay.list
 
18:35:22 **** Incremental Build of configuration Debug for project Relay ****
make -j8 all 
arm-none-eabi-gcc "../Core/Src/main.c" -mcpu=cortex-m4 -std=gnu11 -g3 -DDEBUG -DUSE_HAL_DRIVER -DSTM32F407xx -c -I../Core/Inc -I../Drivers/STM32F4xx_HAL_Driver/Inc -I../Drivers/STM32F4xx_HAL_Driver/Inc/Legacy -I../Drivers/CMSIS/Device/ST/STM32F4xx/Include -I../Drivers/CMSIS/Include -O0 -ffunction-sections -fdata-sections -Wall -fstack-usage -MMD -MP -MF"Core/Src/main.d" -MT"Core/Src/main.o" --specs=nano.specs -mfpu=fpv4-sp-d16 -mfloat-abi=hard -mthumb -o "Core/Src/main.o"
arm-none-eabi-gcc -o "Relay.elf" @"objects.list"   -mcpu=cortex-m4 -T"C:\Users\VeliSacikara\Desktop\Sensors\Relay\STM32F407VGTX_FLASH.ld" --specs=nosys.specs -Wl,-Map="Relay.map" -Wl,--gc-sections -static --specs=nano.specs -mfpu=fpv4-sp-d16 -mfloat-abi=hard -mthumb -Wl,--start-group -lc -lm -Wl,--end-group
Finished building target: Relay.elf
 
arm-none-eabi-size   Relay.elf 
arm-none-eabi-objdump -h -S  Relay.elf  > "Relay.list"
   text	   data	    bss	    dec	    hex	filename
   7400	     20	   1644	   9064	   2368	Relay.elf
Finished building: default.size.stdout
 
Finished building: Relay.list
 
18:45:52 **** Incremental Build of configuration Debug for project Relay ****
make -j8 all 
arm-none-eabi-gcc "../Core/Src/main.c" -mcpu=cortex-m4 -std=gnu11 -g3 -DDEBUG -DUSE_HAL_DRIVER -DSTM32F407xx -c -I../Core/Inc -I../Drivers/STM32F4xx_HAL_Driver/Inc -I../Drivers/STM32F4xx_HAL_Driver/Inc/Legacy -I../Drivers/CMSIS/Device/ST/STM32F4xx/Include -I../Drivers/CMSIS/Include -O0 -ffunction-sections -fdata-sections -Wall -fstack-usage -MMD -MP -MF"Core/Src/main.d" -MT"Core/Src/main.o" --specs=nano.specs -mfpu=fpv4-sp-d16 -mfloat-abi=hard -mthumb -o "Core/Src/main.o"
arm-none-eabi-gcc -o "Relay.elf" @"objects.list"   -mcpu=cortex-m4 -T"C:\Users\VeliSacikara\Desktop\Sensors\Relay\STM32F407VGTX_FLASH.ld" --specs=nosys.specs -Wl,-Map="Relay.map" -Wl,--gc-sections -static --specs=nano.specs -mfpu=fpv4-sp-d16 -mfloat-abi=hard -mthumb -Wl,--start-group -lc -lm -Wl,--end-group
Finished building target: Relay.elf
 
arm-none-eabi-size   Relay.elf 
arm-none-eabi-objdump -h -S  Relay.elf  > "Relay.list"
   text	   data	    bss	    dec	    hex	filename
   7380	     20	   1644	   9044	   2354	Relay.elf
Finished building: default.size.stdout
 
Finished building: Relay.list
 
18:47:08 **** Incremental Build of configuration Debug for project Relay ****
make -j8 all 
arm-none-eabi-gcc "../Core/Src/main.c" -mcpu=cortex-m4 -std=gnu11 -g3 -DDEBUG -DUSE_HAL_DRIVER -DSTM32F407xx -c -I../Core/Inc -I../Drivers/STM32F4xx_HAL_Driver/Inc -I../Drivers/STM32F4xx_HAL_Driver/Inc/Legacy -I../Drivers/CMSIS/Device/ST/STM32F4xx/Include -I../Drivers/CMSIS/Include -O0 -ffunction-sections -fdata-sections -Wall -fstack-usage -MMD -MP -MF"Core/Src/main.d" -MT"Core/Src/main.o" --specs=nano.specs -mfpu=fpv4-sp-d16 -mfloat-abi=hard -mthumb -o "Core/Src/main.o"
arm-none-eabi-gcc -o "Relay.elf" @"objects.list"   -mcpu=cortex-m4 -T"C:\Users\VeliSacikara\Desktop\Sensors\Relay\STM32F407VGTX_FLASH.ld" --specs=nosys.specs -Wl,-Map="Relay.map" -Wl,--gc-sections -static --specs=nano.specs -mfpu=fpv4-sp-d16 -mfloat-abi=hard -mthumb -Wl,--start-group -lc -lm -Wl,--end-group
Finished building target: Relay.elf
 
arm-none-eabi-size   Relay.elf 
arm-none-eabi-objdump -h -S  Relay.elf  > "Relay.list"
   text	   data	    bss	    dec	    hex	filename
   7380	     20	   1644	   9044	   2354	Relay.elf
Finished building: default.size.stdout
 
Finished building: Relay.list
 
18:48:45 **** Incremental Build of configuration Debug for project Relay ****
make -j8 all 
arm-none-eabi-gcc "../Core/Src/main.c" -mcpu=cortex-m4 -std=gnu11 -g3 -DDEBUG -DUSE_HAL_DRIVER -DSTM32F407xx -c -I../Core/Inc -I../Drivers/STM32F4xx_HAL_Driver/Inc -I../Drivers/STM32F4xx_HAL_Driver/Inc/Legacy -I../Drivers/CMSIS/Device/ST/STM32F4xx/Include -I../Drivers/CMSIS/Include -O0 -ffunction-sections -fdata-sections -Wall -fstack-usage -MMD -MP -MF"Core/Src/main.d" -MT"Core/Src/main.o" --specs=nano.specs -mfpu=fpv4-sp-d16 -mfloat-abi=hard -mthumb -o "Core/Src/main.o"
arm-none-eabi-gcc -o "Relay.elf" @"objects.list"   -mcpu=cortex-m4 -T"C:\Users\VeliSacikara\Desktop\Sensors\Relay\STM32F407VGTX_FLASH.ld" --specs=nosys.specs -Wl,-Map="Relay.map" -Wl,--gc-sections -static --specs=nano.specs -mfpu=fpv4-sp-d16 -mfloat-abi=hard -mthumb -Wl,--start-group -lc -lm -Wl,--end-group
Finished building target: Relay.elf
 
arm-none-eabi-size   Relay.elf 
arm-none-eabi-objdump -h -S  Relay.elf  > "Relay.list"
   text	   data	    bss	    dec	    hex	filename
   7400	     20	   1644	   9064	   2368	Relay.elf
Finished building: default.size.stdout
 
Finished building: Relay.list
 
19:00:22 **** Incremental Build of configuration Debug for project Relay ****
make -j8 all 
arm-none-eabi-gcc "../Core/Src/main.c" -mcpu=cortex-m4 -std=gnu11 -g3 -DDEBUG -DUSE_HAL_DRIVER -DSTM32F407xx -c -I../Core/Inc -I../Drivers/STM32F4xx_HAL_Driver/Inc -I../Drivers/STM32F4xx_HAL_Driver/Inc/Legacy -I../Drivers/CMSIS/Device/ST/STM32F4xx/Include -I../Drivers/CMSIS/Include -O0 -ffunction-sections -fdata-sections -Wall -fstack-usage -MMD -MP -MF"Core/Src/main.d" -MT"Core/Src/main.o" --specs=nano.specs -mfpu=fpv4-sp-d16 -mfloat-abi=hard -mthumb -o "Core/Src/main.o"
arm-none-eabi-gcc "../Core/Src/stm32f4xx_it.c" -mcpu=cortex-m4 -std=gnu11 -g3 -DDEBUG -DUSE_HAL_DRIVER -DSTM32F407xx -c -I../Core/Inc -I../Drivers/STM32F4xx_HAL_Driver/Inc -I../Drivers/STM32F4xx_HAL_Driver/Inc/Legacy -I../Drivers/CMSIS/Device/ST/STM32F4xx/Include -I../Drivers/CMSIS/Include -O0 -ffunction-sections -fdata-sections -Wall -fstack-usage -MMD -MP -MF"Core/Src/stm32f4xx_it.d" -MT"Core/Src/stm32f4xx_it.o" --specs=nano.specs -mfpu=fpv4-sp-d16 -mfloat-abi=hard -mthumb -o "Core/Src/stm32f4xx_it.o"
arm-none-eabi-gcc -o "Relay.elf" @"objects.list"   -mcpu=cortex-m4 -T"C:\Users\VeliSacikara\Desktop\Sensors\Relay\STM32F407VGTX_FLASH.ld" --specs=nosys.specs -Wl,-Map="Relay.map" -Wl,--gc-sections -static --specs=nano.specs -mfpu=fpv4-sp-d16 -mfloat-abi=hard -mthumb -Wl,--start-group -lc -lm -Wl,--end-group
Finished building target: Relay.elf
 
arm-none-eabi-size   Relay.elf 
arm-none-eabi-objdump -h -S  Relay.elf  > "Relay.list"
   text	   data	    bss	    dec	    hex	filename
   7520	     20	   1644	   9184	   23e0	Relay.elf
Finished building: default.size.stdout
 
Finished building: Relay.list
 
19:01:03 **** Incremental Build of configuration Debug for project Relay ****
make -j8 all 
arm-none-eabi-gcc "../Core/Src/main.c" -mcpu=cortex-m4 -std=gnu11 -g3 -DDEBUG -DUSE_HAL_DRIVER -DSTM32F407xx -c -I../Core/Inc -I../Drivers/STM32F4xx_HAL_Driver/Inc -I../Drivers/STM32F4xx_HAL_Driver/Inc/Legacy -I../Drivers/CMSIS/Device/ST/STM32F4xx/Include -I../Drivers/CMSIS/Include -O0 -ffunction-sections -fdata-sections -Wall -fstack-usage -MMD -MP -MF"Core/Src/main.d" -MT"Core/Src/main.o" --specs=nano.specs -mfpu=fpv4-sp-d16 -mfloat-abi=hard -mthumb -o "Core/Src/main.o"
arm-none-eabi-gcc -o "Relay.elf" @"objects.list"   -mcpu=cortex-m4 -T"C:\Users\VeliSacikara\Desktop\Sensors\Relay\STM32F407VGTX_FLASH.ld" --specs=nosys.specs -Wl,-Map="Relay.map" -Wl,--gc-sections -static --specs=nano.specs -mfpu=fpv4-sp-d16 -mfloat-abi=hard -mthumb -Wl,--start-group -lc -lm -Wl,--end-group
Finished building target: Relay.elf
 
arm-none-eabi-size   Relay.elf 
arm-none-eabi-objdump -h -S  Relay.elf  > "Relay.list"
   text	   data	    bss	    dec	    hex	filename
   7524	     20	   1644	   9188	   23e4	Relay.elf
Finished building: default.size.stdout
 
Finished building: Relay.list
 
19:03:01 **** Incremental Build of configuration Debug for project Relay ****
make -j8 all 
arm-none-eabi-gcc "../Core/Src/main.c" -mcpu=cortex-m4 -std=gnu11 -g3 -DDEBUG -DUSE_HAL_DRIVER -DSTM32F407xx -c -I../Core/Inc -I../Drivers/STM32F4xx_HAL_Driver/Inc -I../Drivers/STM32F4xx_HAL_Driver/Inc/Legacy -I../Drivers/CMSIS/Device/ST/STM32F4xx/Include -I../Drivers/CMSIS/Include -O0 -ffunction-sections -fdata-sections -Wall -fstack-usage -MMD -MP -MF"Core/Src/main.d" -MT"Core/Src/main.o" --specs=nano.specs -mfpu=fpv4-sp-d16 -mfloat-abi=hard -mthumb -o "Core/Src/main.o"
arm-none-eabi-gcc -o "Relay.elf" @"objects.list"   -mcpu=cortex-m4 -T"C:\Users\VeliSacikara\Desktop\Sensors\Relay\STM32F407VGTX_FLASH.ld" --specs=nosys.specs -Wl,-Map="Relay.map" -Wl,--gc-sections -static --specs=nano.specs -mfpu=fpv4-sp-d16 -mfloat-abi=hard -mthumb -Wl,--start-group -lc -lm -Wl,--end-group
Finished building target: Relay.elf
 
arm-none-eabi-size   Relay.elf 
arm-none-eabi-objdump -h -S  Relay.elf  > "Relay.list"
   text	   data	    bss	    dec	    hex	filename
   7524	     20	   1644	   9188	   23e4	Relay.elf
Finished building: default.size.stdout
 
Finished building: Relay.list
 
19:56:02 **** Build of configuration Debug for project Bitirme_Projesi ****
make -j8 all 
arm-none-eabi-gcc "../Core/Src/main.c" -mcpu=cortex-m4 -std=gnu11 -g3 -DDEBUG -DUSE_HAL_DRIVER -DSTM32F407xx -c -I../Core/Inc -I../Drivers/STM32F4xx_HAL_Driver/Inc -I../Drivers/STM32F4xx_HAL_Driver/Inc/Legacy -I../Drivers/CMSIS/Device/ST/STM32F4xx/Include -I../Drivers/CMSIS/Include -O0 -ffunction-sections -fdata-sections -Wall -fstack-usage -MMD -MP -MF"Core/Src/main.d" -MT"Core/Src/main.o" --specs=nano.specs -mfpu=fpv4-sp-d16 -mfloat-abi=hard -mthumb -o "Core/Src/main.o"
arm-none-eabi-gcc -o "Bitirme_Projesi.elf" @"objects.list"   -mcpu=cortex-m4 -T"C:\Users\VeliSacikara\Desktop\Sensors\Bitirme_Projesi\STM32F407VGTX_FLASH.ld" --specs=nosys.specs -Wl,-Map="Bitirme_Projesi.map" -Wl,--gc-sections -static --specs=nano.specs -mfpu=fpv4-sp-d16 -mfloat-abi=hard -mthumb -Wl,--start-group -lc -lm -Wl,--end-group
Finished building target: Bitirme_Projesi.elf
 
arm-none-eabi-size   Bitirme_Projesi.elf 
arm-none-eabi-objdump -h -S  Bitirme_Projesi.elf  > "Bitirme_Projesi.list"
   text	   data	    bss	    dec	    hex	filename
  29144	     28	   2468	  31640	   7b98	Bitirme_Projesi.elf
Finished building: default.size.stdout
 
Finished building: Bitirme_Projesi.list
 
21:28:45 **** Incremental Build of configuration Debug for project Bitirme_Projesi ****
make -j8 all 
arm-none-eabi-gcc "../Core/Src/main.c" -mcpu=cortex-m4 -std=gnu11 -g3 -DDEBUG -DUSE_HAL_DRIVER -DSTM32F407xx -c -I../Core/Inc -I../Drivers/STM32F4xx_HAL_Driver/Inc -I../Drivers/STM32F4xx_HAL_Driver/Inc/Legacy -I../Drivers/CMSIS/Device/ST/STM32F4xx/Include -I../Drivers/CMSIS/Include -O0 -ffunction-sections -fdata-sections -Wall -fstack-usage -MMD -MP -MF"Core/Src/main.d" -MT"Core/Src/main.o" --specs=nano.specs -mfpu=fpv4-sp-d16 -mfloat-abi=hard -mthumb -o "Core/Src/main.o"
../Core/Src/main.c: In function 'main':
../Core/Src/main.c:230:7: error: invalid type argument of '->' (have 'Bitki_Parametreleri_t')
  230 |  Marul->PH_MIN         = MARUL_PH_MIN;
      |       ^~
../Core/Src/main.c:231:7: error: invalid type argument of '->' (have 'Bitki_Parametreleri_t')
  231 |  Marul->PH_MAX         = MARUL_PH_MAX;
      |       ^~
../Core/Src/main.c:232:7: error: invalid type argument of '->' (have 'Bitki_Parametreleri_t')
  232 |  Marul->EC_MIN         = MARUL_EC_MIN;
      |       ^~
../Core/Src/main.c:233:7: error: invalid type argument of '->' (have 'Bitki_Parametreleri_t')
  233 |  Marul->EC_MAX         = MARUL_EC_MAX;
      |       ^~
../Core/Src/main.c:234:7: error: invalid type argument of '->' (have 'Bitki_Parametreleri_t')
  234 |  Marul->ORTAM_SICAKLIK_MIN      = MARUL_ORTAM_SICAKLIK_MIN;
      |       ^~
../Core/Src/main.c:235:7: error: invalid type argument of '->' (have 'Bitki_Parametreleri_t')
  235 |  Marul->ORTAM_SICAKLIK_MAX      = MARUL_ORTAM_SICAKLIK_MAX;
      |       ^~
../Core/Src/main.c:236:7: error: invalid type argument of '->' (have 'Bitki_Parametreleri_t')
  236 |  Marul->ORTAM_NEM_MIN       = MARUL_ORTAM_NEM_MIN;
      |       ^~
../Core/Src/main.c:237:7: error: invalid type argument of '->' (have 'Bitki_Parametreleri_t')
  237 |  Marul->ORTAM_NEM_MAX       = MARUL_ORTAM_NEM_MAX;
      |       ^~
../Core/Src/main.c:240:7: error: invalid type argument of '->' (have 'Bitki_Parametreleri_t')
  240 |  Cilek->PH_MIN         = CILEK_PH_MIN;
      |       ^~
../Core/Src/main.c:241:7: error: invalid type argument of '->' (have 'Bitki_Parametreleri_t')
  241 |  Cilek->PH_MAX         = CILEK_PH_MAX;
      |       ^~
../Core/Src/main.c:242:7: error: invalid type argument of '->' (have 'Bitki_Parametreleri_t')
  242 |  Cilek->EC_MIN         = CILEK_EC_MIN;
      |       ^~
../Core/Src/main.c:243:7: error: invalid type argument of '->' (have 'Bitki_Parametreleri_t')
  243 |  Cilek->EC_MAX         = CILEK_EC_MAX;
      |       ^~
../Core/Src/main.c:244:7: error: invalid type argument of '->' (have 'Bitki_Parametreleri_t')
  244 |  Cilek->ORTAM_SICAKLIK_MIN      = CILEK_ORTAM_SICAKLIK_MIN;
      |       ^~
../Core/Src/main.c:245:7: error: invalid type argument of '->' (have 'Bitki_Parametreleri_t')
  245 |  Cilek->ORTAM_SICAKLIK_MAX      = CILEK_ORTAM_SICAKLIK_MAX;
      |       ^~
../Core/Src/main.c:246:7: error: invalid type argument of '->' (have 'Bitki_Parametreleri_t')
  246 |  Cilek->ORTAM_NEM_MIN       = CILEK_ORTAM_NEM_MIN;
      |       ^~
../Core/Src/main.c:247:7: error: invalid type argument of '->' (have 'Bitki_Parametreleri_t')
  247 |  Cilek->ORTAM_NEM_MAX       = CILEK_ORTAM_NEM_MAX;
      |       ^~
../Core/Src/main.c:250:9: error: invalid type argument of '->' (have 'Bitki_Parametreleri_t')
  250 |  Domates->PH_MIN     = DOMATES_PH_MIN;
      |         ^~
../Core/Src/main.c:251:9: error: invalid type argument of '->' (have 'Bitki_Parametreleri_t')
  251 |  Domates->PH_MAX     = DOMATES_PH_MAX;
      |         ^~
../Core/Src/main.c:252:9: error: invalid type argument of '->' (have 'Bitki_Parametreleri_t')
  252 |  Domates->EC_MIN     = DOMATES_EC_MIN;
      |         ^~
../Core/Src/main.c:253:9: error: invalid type argument of '->' (have 'Bitki_Parametreleri_t')
  253 |  Domates->EC_MAX     = DOMATES_EC_MAX;
      |         ^~
../Core/Src/main.c:254:9: error: invalid type argument of '->' (have 'Bitki_Parametreleri_t')
  254 |  Domates->ORTAM_SICAKLIK_MIN  = DOMATES_ORTAM_SICAKLIK_MIN;
      |         ^~
../Core/Src/main.c:255:9: error: invalid type argument of '->' (have 'Bitki_Parametreleri_t')
  255 |  Domates->ORTAM_SICAKLIK_MAX  = DOMATES_ORTAM_SICAKLIK_MAX;
      |         ^~
../Core/Src/main.c:256:9: error: invalid type argument of '->' (have 'Bitki_Parametreleri_t')
  256 |  Domates->ORTAM_NEM_MIN    = DOMATES_ORTAM_NEM_MIN;
      |         ^~
../Core/Src/main.c:257:9: error: invalid type argument of '->' (have 'Bitki_Parametreleri_t')
  257 |  Domates->ORTAM_NEM_MAX    = DOMATES_ORTAM_NEM_MAX;
      |         ^~
../Core/Src/main.c:260:7: error: invalid type argument of '->' (have 'Bitki_Parametreleri_t')
  260 |  Biber->PH_MIN         = BIBER_PH_MIN;
      |       ^~
../Core/Src/main.c:261:7: error: invalid type argument of '->' (have 'Bitki_Parametreleri_t')
  261 |  Biber->PH_MAX         = BIBER_PH_MAX;
      |       ^~
../Core/Src/main.c:262:7: error: invalid type argument of '->' (have 'Bitki_Parametreleri_t')
  262 |  Biber->EC_MIN         = BIBER_EC_MIN;
      |       ^~
../Core/Src/main.c:263:7: error: invalid type argument of '->' (have 'Bitki_Parametreleri_t')
  263 |  Biber->EC_MAX         = BIBER_EC_MAX;
      |       ^~
../Core/Src/main.c:264:7: error: invalid type argument of '->' (have 'Bitki_Parametreleri_t')
  264 |  Biber->ORTAM_SICAKLIK_MIN      = BIBER_ORTAM_SICAKLIK_MIN;
      |       ^~
../Core/Src/main.c:265:7: error: invalid type argument of '->' (have 'Bitki_Parametreleri_t')
  265 |  Biber->ORTAM_SICAKLIK_MAX      = BIBER_ORTAM_SICAKLIK_MAX;
      |       ^~
../Core/Src/main.c:266:7: error: invalid type argument of '->' (have 'Bitki_Parametreleri_t')
  266 |  Biber->ORTAM_NEM_MIN       = BIBER_ORTAM_NEM_MIN;
      |       ^~
../Core/Src/main.c:267:7: error: invalid type argument of '->' (have 'Bitki_Parametreleri_t')
  267 |  Biber->ORTAM_NEM_MAX       = BIBER_ORTAM_NEM_MAX;
      |       ^~
../Core/Src/main.c:270:11: error: invalid type argument of '->' (have 'Bitki_Parametreleri_t')
  270 |  Salatalik->PH_MIN     = SALATALIK_PH_MIN;
      |           ^~
../Core/Src/main.c:271:11: error: invalid type argument of '->' (have 'Bitki_Parametreleri_t')
  271 |  Salatalik->PH_MAX     = SALATALIK_PH_MAX;
      |           ^~
../Core/Src/main.c:272:11: error: invalid type argument of '->' (have 'Bitki_Parametreleri_t')
  272 |  Salatalik->EC_MIN     = SALATALIK_EC_MIN;
      |           ^~
../Core/Src/main.c:273:11: error: invalid type argument of '->' (have 'Bitki_Parametreleri_t')
  273 |  Salatalik->EC_MAX     = SALATALIK_EC_MAX;
      |           ^~
../Core/Src/main.c:274:11: error: invalid type argument of '->' (have 'Bitki_Parametreleri_t')
  274 |  Salatalik->ORTAM_SICAKLIK_MIN  = SALATALIK_ORTAM_SICAKLIK_MIN;
      |           ^~
../Core/Src/main.c:275:11: error: invalid type argument of '->' (have 'Bitki_Parametreleri_t')
  275 |  Salatalik->ORTAM_SICAKLIK_MAX  = SALATALIK_ORTAM_SICAKLIK_MAX;
      |           ^~
../Core/Src/main.c:276:11: error: invalid type argument of '->' (have 'Bitki_Parametreleri_t')
  276 |  Salatalik->ORTAM_NEM_MIN   = SALATALIK_ORTAM_NEM_MIN;
      |           ^~
../Core/Src/main.c:277:11: error: invalid type argument of '->' (have 'Bitki_Parametreleri_t')
  277 |  Salatalik->ORTAM_NEM_MAX   = SALATALIK_ORTAM_NEM_MAX;
      |           ^~
../Core/Src/main.c: In function 'Kontrol':
../Core/Src/main.c:898:18: error: incompatible type for argument 1 of 'Role_Kontrol'
  898 |     Role_Kontrol(Marul);
      |                  ^~~~~
      |                  |
      |                  Bitki_Parametreleri_t
../Core/Src/main.c:209:42: note: expected 'Bitki_Parametreleri_t *' but argument is of type 'Bitki_Parametreleri_t'
  209 | void Role_Kontrol(Bitki_Parametreleri_t* Bitki);
      |                   ~~~~~~~~~~~~~~~~~~~~~~~^~~~~
../Core/Src/main.c:901:18: error: incompatible type for argument 1 of 'Role_Kontrol'
  901 |     Role_Kontrol(Cilek);
      |                  ^~~~~
      |                  |
      |                  Bitki_Parametreleri_t
../Core/Src/main.c:209:42: note: expected 'Bitki_Parametreleri_t *' but argument is of type 'Bitki_Parametreleri_t'
  209 | void Role_Kontrol(Bitki_Parametreleri_t* Bitki);
      |                   ~~~~~~~~~~~~~~~~~~~~~~~^~~~~
../Core/Src/main.c:904:18: error: incompatible type for argument 1 of 'Role_Kontrol'
  904 |     Role_Kontrol(Domates);
      |                  ^~~~~~~
      |                  |
      |                  Bitki_Parametreleri_t
../Core/Src/main.c:209:42: note: expected 'Bitki_Parametreleri_t *' but argument is of type 'Bitki_Parametreleri_t'
  209 | void Role_Kontrol(Bitki_Parametreleri_t* Bitki);
      |                   ~~~~~~~~~~~~~~~~~~~~~~~^~~~~
../Core/Src/main.c:907:18: error: incompatible type for argument 1 of 'Role_Kontrol'
  907 |     Role_Kontrol(Biber);
      |                  ^~~~~
      |                  |
      |                  Bitki_Parametreleri_t
../Core/Src/main.c:209:42: note: expected 'Bitki_Parametreleri_t *' but argument is of type 'Bitki_Parametreleri_t'
  209 | void Role_Kontrol(Bitki_Parametreleri_t* Bitki);
      |                   ~~~~~~~~~~~~~~~~~~~~~~~^~~~~
../Core/Src/main.c:910:18: error: incompatible type for argument 1 of 'Role_Kontrol'
  910 |     Role_Kontrol(Salatalik);
      |                  ^~~~~~~~~
      |                  |
      |                  Bitki_Parametreleri_t
../Core/Src/main.c:209:42: note: expected 'Bitki_Parametreleri_t *' but argument is of type 'Bitki_Parametreleri_t'
  209 | void Role_Kontrol(Bitki_Parametreleri_t* Bitki);
      |                   ~~~~~~~~~~~~~~~~~~~~~~~^~~~~
../Core/Src/main.c:913:18: error: incompatible type for argument 1 of 'Role_Kontrol'
  913 |     Role_Kontrol(Marul);
      |                  ^~~~~
      |                  |
      |                  Bitki_Parametreleri_t
../Core/Src/main.c:209:42: note: expected 'Bitki_Parametreleri_t *' but argument is of type 'Bitki_Parametreleri_t'
  209 | void Role_Kontrol(Bitki_Parametreleri_t* Bitki);
      |                   ~~~~~~~~~~~~~~~~~~~~~~~^~~~~
make: *** [Core/Src/subdir.mk:49: Core/Src/main.o] Error 1
[...]
arm-none-eabi-gcc "../Core/Src/stm32f4xx_it.c" -mcpu=cortex-m4 -std=gnu11 -g3 -DDEBUG -DUSE_HAL_DRIVER -DSTM32F407xx -c -I../Core/Inc -I../Drivers/STM32F4xx_HAL_Driver/Inc -I../Drivers/STM32F4xx_HAL_Driver/Inc/Legacy -I../Drivers/CMSIS/Device/ST/STM32F4xx/Include -I../Drivers/CMSIS/Include -O0 -ffunction-sections -fdata-sections -Wall -fstack-usage -MMD -MP -MF"Core/Src/stm32f4xx_it.d" -MT"Core/Src/stm32f4xx_it.o" --specs=nano.specs -mfpu=fpv4-sp-d16 -mfloat-abi=hard -mthumb -o "Core/Src/stm32f4xx_it.o"
arm-none-eabi-gcc "../Core/Src/system_stm32f4xx.c" -mcpu=cortex-m4 -std=gnu11 -g3 -DDEBUG -DUSE_HAL_DRIVER -DSTM32F407xx -c -I../Core/Inc -I../Drivers/STM32F4xx_HAL_Driver/Inc -I../Drivers/STM32F4xx_HAL_Driver/Inc/Legacy -I../Drivers/CMSIS/Device/ST/STM32F4xx/Include -I../Drivers/CMSIS/Include -O0 -ffunction-sections -fdata-sections -Wall -fstack-usage -MMD -MP -MF"Core/Src/system_stm32f4xx.d" -MT"Core/Src/system_stm32f4xx.o" --specs=nano.specs -mfpu=fpv4-sp-d16 -mfloat-abi=hard -mthumb -o "Core/Src/system_stm32f4xx.o"
arm-none-eabi-gcc -o "DHT22_Humidity_Temperature.elf" @"objects.list"   -mcpu=cortex-m4 -T"C:\Users\VeliSacikara\Desktop\Sensors\DHT22_Humidity_Temperature\STM32F407VGTX_FLASH.ld" --specs=nosys.specs -Wl,-Map="DHT22_Humidity_Temperature.map" -Wl,--gc-sections -static --specs=nano.specs -mfpu=fpv4-sp-d16 -mfloat-abi=hard -mthumb -Wl,--start-group -lc -lm -Wl,--end-group
Finished building target: DHT22_Humidity_Temperature.elf
 
arm-none-eabi-size   DHT22_Humidity_Temperature.elf 
arm-none-eabi-objdump -h -S  DHT22_Humidity_Temperature.elf  > "DHT22_Humidity_Temperature.list"
   text	   data	    bss	    dec	    hex	filename
   6964	     20	   1580	   8564	   2174	DHT22_Humidity_Temperature.elf
Finished building: default.size.stdout
 
Finished building: DHT22_Humidity_Temperature.list
 
11:47:15 **** Incremental Build of configuration Debug for project DHT22_Humidity_Temperature ****
make -j8 all 
arm-none-eabi-size   DHT22_Humidity_Temperature.elf 
   text	   data	    bss	    dec	    hex	filename
   6964	     20	   1580	   8564	   2174	DHT22_Humidity_Temperature.elf
Finished building: default.size.stdout
 
11:48:27 **** Incremental Build of configuration Debug for project DHT22_Humidity_Temperature ****
make -j8 all 
arm-none-eabi-size   DHT22_Humidity_Temperature.elf 
   text	   data	    bss	    dec	    hex	filename
   6964	     20	   1580	   8564	   2174	DHT22_Humidity_Temperature.elf
Finished building: default.size.stdout
 
16:49:32 **** Incremental Build of configuration Debug for project BH1750_Light_Intensity ****
make -j8 all 
arm-none-eabi-gcc "../Core/Src/main.c" -mcpu=cortex-m4 -std=gnu11 -g3 -DDEBUG -DUSE_HAL_DRIVER -DSTM32F407xx -c -I../Core/Inc -I../Drivers/STM32F4xx_HAL_Driver/Inc -I../Drivers/STM32F4xx_HAL_Driver/Inc/Legacy -I../Drivers/CMSIS/Device/ST/STM32F4xx/Include -I../Drivers/CMSIS/Include -O0 -ffunction-sections -fdata-sections -Wall -fstack-usage -MMD -MP -MF"Core/Src/main.d" -MT"Core/Src/main.o" --specs=nano.specs -mfpu=fpv4-sp-d16 -mfloat-abi=hard -mthumb -o "Core/Src/main.o"
arm-none-eabi-gcc -o "BH1750_Light_Intensity.elf" @"objects.list"   -mcpu=cortex-m4 -T"C:\Users\VeliSacikara\Desktop\Sensors\BH1750_Light_Intensity\STM32F407VGTX_FLASH.ld" --specs=nosys.specs -Wl,-Map="BH1750_Light_Intensity.map" -Wl,--gc-sections -static --specs=nano.specs -mfpu=fpv4-sp-d16 -mfloat-abi=hard -mthumb -Wl,--start-group -lc -lm -Wl,--end-group
Finished building target: BH1750_Light_Intensity.elf
 
arm-none-eabi-size   BH1750_Light_Intensity.elf 
arm-none-eabi-objdump -h -S  BH1750_Light_Intensity.elf  > "BH1750_Light_Intensity.list"
   text	   data	    bss	    dec	    hex	filename
  10872	     20	   1748	  12640	   3160	BH1750_Light_Intensity.elf
Finished building: default.size.stdout
 
Finished building: BH1750_Light_Intensity.list
 
16:54:10 **** Incremental Build of configuration Debug for project BH1750_Light_Intensity ****
make -j8 all 
arm-none-eabi-size   BH1750_Light_Intensity.elf 
   text	   data	    bss	    dec	    hex	filename
  10872	     20	   1748	  12640	   3160	BH1750_Light_Intensity.elf
Finished building: default.size.stdout
 
16:58:45 **** Incremental Build of configuration Debug for project BH1750_Light_Intensity ****
make -j8 all 
arm-none-eabi-gcc "../Core/Src/main.c" -mcpu=cortex-m4 -std=gnu11 -g3 -DDEBUG -DUSE_HAL_DRIVER -DSTM32F407xx -c -I../Core/Inc -I../Drivers/STM32F4xx_HAL_Driver/Inc -I../Drivers/STM32F4xx_HAL_Driver/Inc/Legacy -I../Drivers/CMSIS/Device/ST/STM32F4xx/Include -I../Drivers/CMSIS/Include -O0 -ffunction-sections -fdata-sections -Wall -fstack-usage -MMD -MP -MF"Core/Src/main.d" -MT"Core/Src/main.o" --specs=nano.specs -mfpu=fpv4-sp-d16 -mfloat-abi=hard -mthumb -o "Core/Src/main.o"
arm-none-eabi-gcc -o "BH1750_Light_Intensity.elf" @"objects.list"   -mcpu=cortex-m4 -T"C:\Users\VeliSacikara\Desktop\Sensors\BH1750_Light_Intensity\STM32F407VGTX_FLASH.ld" --specs=nosys.specs -Wl,-Map="BH1750_Light_Intensity.map" -Wl,--gc-sections -static --specs=nano.specs -mfpu=fpv4-sp-d16 -mfloat-abi=hard -mthumb -Wl,--start-group -lc -lm -Wl,--end-group
Finished building target: BH1750_Light_Intensity.elf
 
arm-none-eabi-size   BH1750_Light_Intensity.elf 
arm-none-eabi-objdump -h -S  BH1750_Light_Intensity.elf  > "BH1750_Light_Intensity.list"
   text	   data	    bss	    dec	    hex	filename
  10872	     20	   1748	  12640	   3160	BH1750_Light_Intensity.elf
Finished building: default.size.stdout
 
Finished building: BH1750_Light_Intensity.list
 
17:04:38 **** Build of configuration Debug for project BMP180_Temperature ****
make -j8 all 
arm-none-eabi-size   BMP180_Temperature.elf 
   text	   data	    bss	    dec	    hex	filename
  13580	     20	   1700	  15300	   3bc4	BMP180_Temperature.elf
Finished building: default.size.stdout
 
18:37:32 **** Incremental Build of configuration Debug for project Relay ****
make -j8 all 
arm-none-eabi-gcc "../Drivers/STM32F4xx_HAL_Driver/Src/stm32f4xx_hal.c" -mcpu=cortex-m4 -std=gnu11 -g3 -DDEBUG -DUSE_HAL_DRIVER -DSTM32F407xx -c -I../Core/Inc -I../Drivers/STM32F4xx_HAL_Driver/Inc -I../Drivers/STM32F4xx_HAL_Driver/Inc/Legacy -I../Drivers/CMSIS/Device/ST/STM32F4xx/Include -I../Drivers/CMSIS/Include -O0 -ffunction-sections -fdata-sections -Wall -fstack-usage -MMD -MP -MF"Drivers/STM32F4xx_HAL_Driver/Src/stm32f4xx_hal.d" -MT"Drivers/STM32F4xx_HAL_Driver/Src/stm32f4xx_hal.o" --specs=nano.specs -mfpu=fpv4-sp-d16 -mfloat-abi=hard -mthumb -o "Drivers/STM32F4xx_HAL_Driver/Src/stm32f4xx_hal.o"
arm-none-eabi-gcc "../Drivers/STM32F4xx_HAL_Driver/Src/stm32f4xx_hal_adc.c" -mcpu=cortex-m4 -std=gnu11 -g3 -DDEBUG -DUSE_HAL_DRIVER -DSTM32F407xx -c -I../Core/Inc -I../Drivers/STM32F4xx_HAL_Driver/Inc -I../Drivers/STM32F4xx_HAL_Driver/Inc/Legacy -I../Drivers/CMSIS/Device/ST/STM32F4xx/Include -I../Drivers/CMSIS/Include -O0 -ffunction-sections -fdata-sections -Wall -fstack-usage -MMD -MP -MF"Drivers/STM32F4xx_HAL_Driver/Src/stm32f4xx_hal_adc.d" -MT"Drivers/STM32F4xx_HAL_Driver/Src/stm32f4xx_hal_adc.o" --specs=nano.specs -mfpu=fpv4-sp-d16 -mfloat-abi=hard -mthumb -o "Drivers/STM32F4xx_HAL_Driver/Src/stm32f4xx_hal_adc.o"
arm-none-eabi-gcc "../Drivers/STM32F4xx_HAL_Driver/Src/stm32f4xx_hal_adc_ex.c" -mcpu=cortex-m4 -std=gnu11 -g3 -DDEBUG -DUSE_HAL_DRIVER -DSTM32F407xx -c -I../Core/Inc -I../Drivers/STM32F4xx_HAL_Driver/Inc -I../Drivers/STM32F4xx_HAL_Driver/Inc/Legacy -I../Drivers/CMSIS/Device/ST/STM32F4xx/Include -I../Drivers/CMSIS/Include -O0 -ffunction-sections -fdata-sections -Wall -fstack-usage -MMD -MP -MF"Drivers/STM32F4xx_HAL_Driver/Src/stm32f4xx_hal_adc_ex.d" -MT"Drivers/STM32F4xx_HAL_Driver/Src/stm32f4xx_hal_adc_ex.o" --specs=nano.specs -mfpu=fpv4-sp-d16 -mfloat-abi=hard -mthumb -o "Drivers/STM32F4xx_HAL_Driver/Src/stm32f4xx_hal_adc_ex.o"
arm-none-eabi-gcc "../Drivers/STM32F4xx_HAL_Driver/Src/stm32f4xx_hal_cortex.c" -mcpu=cortex-m4 -std=gnu11 -g3 -DDEBUG -DUSE_HAL_DRIVER -DSTM32F407xx -c -I../Core/Inc -I../Drivers/STM32F4xx_HAL_Driver/Inc -I../Drivers/STM32F4xx_HAL_Driver/Inc/Legacy -I../Drivers/CMSIS/Device/ST/STM32F4xx/Include -I../Drivers/CMSIS/Include -O0 -ffunction-sections -fdata-sections -Wall -fstack-usage -MMD -MP -MF"Drivers/STM32F4xx_HAL_Driver/Src/stm32f4xx_hal_cortex.d" -MT"Drivers/STM32F4xx_HAL_Driver/Src/stm32f4xx_hal_cortex.o" --specs=nano.specs -mfpu=fpv4-sp-d16 -mfloat-abi=hard -mthumb -o "Drivers/STM32F4xx_HAL_Driver/Src/stm32f4xx_hal_cortex.o"
arm-none-eabi-gcc "../Drivers/STM32F4xx_HAL_Driver/Src/stm32f4xx_hal_dma.c" -mcpu=cortex-m4 -std=gnu11 -g3 -DDEBUG -DUSE_HAL_DRIVER -DSTM32F407xx -c -I../Core/Inc -I../Drivers/STM32F4xx_HAL_Driver/Inc -I../Drivers/STM32F4xx_HAL_Driver/Inc/Legacy -I../Drivers/CMSIS/Device/ST/STM32F4xx/Include -I../Drivers/CMSIS/Include -O0 -ffunction-sections -fdata-sections -Wall -fstack-usage -MMD -MP -MF"Drivers/STM32F4xx_HAL_Driver/Src/stm32f4xx_hal_dma.d" -MT"Drivers/STM32F4xx_HAL_Driver/Src/stm32f4xx_hal_dma.o" --specs=nano.specs -mfpu=fpv4-sp-d16 -mfloat-abi=hard -mthumb -o "Drivers/STM32F4xx_HAL_Driver/Src/stm32f4xx_hal_dma.o"
arm-none-eabi-gcc "../Drivers/STM32F4xx_HAL_Driver/Src/stm32f4xx_hal_dma_ex.c" -mcpu=cortex-m4 -std=gnu11 -g3 -DDEBUG -DUSE_HAL_DRIVER -DSTM32F407xx -c -I../Core/Inc -I../Drivers/STM32F4xx_HAL_Driver/Inc -I../Drivers/STM32F4xx_HAL_Driver/Inc/Legacy -I../Drivers/CMSIS/Device/ST/STM32F4xx/Include -I../Drivers/CMSIS/Include -O0 -ffunction-sections -fdata-sections -Wall -fstack-usage -MMD -MP -MF"Drivers/STM32F4xx_HAL_Driver/Src/stm32f4xx_hal_dma_ex.d" -MT"Drivers/STM32F4xx_HAL_Driver/Src/stm32f4xx_hal_dma_ex.o" --specs=nano.specs -mfpu=fpv4-sp-d16 -mfloat-abi=hard -mthumb -o "Drivers/STM32F4xx_HAL_Driver/Src/stm32f4xx_hal_dma_ex.o"
arm-none-eabi-gcc "../Drivers/STM32F4xx_HAL_Driver/Src/stm32f4xx_hal_exti.c" -mcpu=cortex-m4 -std=gnu11 -g3 -DDEBUG -DUSE_HAL_DRIVER -DSTM32F407xx -c -I../Core/Inc -I../Drivers/STM32F4xx_HAL_Driver/Inc -I../Drivers/STM32F4xx_HAL_Driver/Inc/Legacy -I../Drivers/CMSIS/Device/ST/STM32F4xx/Include -I../Drivers/CMSIS/Include -O0 -ffunction-sections -fdata-sections -Wall -fstack-usage -MMD -MP -MF"Drivers/STM32F4xx_HAL_Driver/Src/stm32f4xx_hal_exti.d" -MT"Drivers/STM32F4xx_HAL_Driver/Src/stm32f4xx_hal_exti.o" --specs=nano.specs -mfpu=fpv4-sp-d16 -mfloat-abi=hard -mthumb -o "Drivers/STM32F4xx_HAL_Driver/Src/stm32f4xx_hal_exti.o"
arm-none-eabi-gcc "../Drivers/STM32F4xx_HAL_Driver/Src/stm32f4xx_hal_flash.c" -mcpu=cortex-m4 -std=gnu11 -g3 -DDEBUG -DUSE_HAL_DRIVER -DSTM32F407xx -c -I../Core/Inc -I../Drivers/STM32F4xx_HAL_Driver/Inc -I../Drivers/STM32F4xx_HAL_Driver/Inc/Legacy -I../Drivers/CMSIS/Device/ST/STM32F4xx/Include -I../Drivers/CMSIS/Include -O0 -ffunction-sections -fdata-sections -Wall -fstack-usage -MMD -MP -MF"Drivers/STM32F4xx_HAL_Driver/Src/stm32f4xx_hal_flash.d" -MT"Drivers/STM32F4xx_HAL_Driver/Src/stm32f4xx_hal_flash.o" --specs=nano.specs -mfpu=fpv4-sp-d16 -mfloat-abi=hard -mthumb -o "Drivers/STM32F4xx_HAL_Driver/Src/stm32f4xx_hal_flash.o"
arm-none-eabi-gcc "../Drivers/STM32F4xx_HAL_Driver/Src/stm32f4xx_hal_flash_ex.c" -mcpu=cortex-m4 -std=gnu11 -g3 -DDEBUG -DUSE_HAL_DRIVER -DSTM32F407xx -c -I../Core/Inc -I../Drivers/STM32F4xx_HAL_Driver/Inc -I../Drivers/STM32F4xx_HAL_Driver/Inc/Legacy -I../Drivers/CMSIS/Device/ST/STM32F4xx/Include -I../Drivers/CMSIS/Include -O0 -ffunction-sections -fdata-sections -Wall -fstack-usage -MMD -MP -MF"Drivers/STM32F4xx_HAL_Driver/Src/stm32f4xx_hal_flash_ex.d" -MT"Drivers/STM32F4xx_HAL_Driver/Src/stm32f4xx_hal_flash_ex.o" --specs=nano.specs -mfpu=fpv4-sp-d16 -mfloat-abi=hard -mthumb -o "Drivers/STM32F4xx_HAL_Driver/Src/stm32f4xx_hal_flash_ex.o"
arm-none-eabi-gcc "../Drivers/STM32F4xx_HAL_Driver/Src/stm32f4xx_hal_flash_ramfunc.c" -mcpu=cortex-m4 -std=gnu11 -g3 -DDEBUG -DUSE_HAL_DRIVER -DSTM32F407xx -c -I../Core/Inc -I../Drivers/STM32F4xx_HAL_Driver/Inc -I../Drivers/STM32F4xx_HAL_Driver/Inc/Legacy -I../Drivers/CMSIS/Device/ST/STM32F4xx/Include -I../Drivers/CMSIS/Include -O0 -ffunction-sections -fdata-sections -Wall -fstack-usage -MMD -MP -MF"Drivers/STM32F4xx_HAL_Driver/Src/stm32f4xx_hal_flash_ramfunc.d" -MT"Drivers/STM32F4xx_HAL_Driver/Src/stm32f4xx_hal_flash_ramfunc.o" --specs=nano.specs -mfpu=fpv4-sp-d16 -mfloat-abi=hard -mthumb -o "Drivers/STM32F4xx_HAL_Driver/Src/stm32f4xx_hal_flash_ramfunc.o"
arm-none-eabi-gcc "../Drivers/STM32F4xx_HAL_Driver/Src/stm32f4xx_hal_gpio.c" -mcpu=cortex-m4 -std=gnu11 -g3 -DDEBUG -DUSE_HAL_DRIVER -DSTM32F407xx -c -I../Core/Inc -I../Drivers/STM32F4xx_HAL_Driver/Inc -I../Drivers/STM32F4xx_HAL_Driver/Inc/Legacy -I../Drivers/CMSIS/Device/ST/STM32F4xx/Include -I../Drivers/CMSIS/Include -O0 -ffunction-sections -fdata-sections -Wall -fstack-usage -MMD -MP -MF"Drivers/STM32F4xx_HAL_Driver/Src/stm32f4xx_hal_gpio.d" -MT"Drivers/STM32F4xx_HAL_Driver/Src/stm32f4xx_hal_gpio.o" --specs=nano.specs -mfpu=fpv4-sp-d16 -mfloat-abi=hard -mthumb -o "Drivers/STM32F4xx_HAL_Driver/Src/stm32f4xx_hal_gpio.o"
arm-none-eabi-gcc "../Drivers/STM32F4xx_HAL_Driver/Src/stm32f4xx_hal_pwr.c" -mcpu=cortex-m4 -std=gnu11 -g3 -DDEBUG -DUSE_HAL_DRIVER -DSTM32F407xx -c -I../Core/Inc -I../Drivers/STM32F4xx_HAL_Driver/Inc -I../Drivers/STM32F4xx_HAL_Driver/Inc/Legacy -I../Drivers/CMSIS/Device/ST/STM32F4xx/Include -I../Drivers/CMSIS/Include -O0 -ffunction-sections -fdata-sections -Wall -fstack-usage -MMD -MP -MF"Drivers/STM32F4xx_HAL_Driver/Src/stm32f4xx_hal_pwr.d" -MT"Drivers/STM32F4xx_HAL_Driver/Src/stm32f4xx_hal_pwr.o" --specs=nano.specs -mfpu=fpv4-sp-d16 -mfloat-abi=hard -mthumb -o "Drivers/STM32F4xx_HAL_Driver/Src/stm32f4xx_hal_pwr.o"
arm-none-eabi-gcc "../Drivers/STM32F4xx_HAL_Driver/Src/stm32f4xx_hal_pwr_ex.c" -mcpu=cortex-m4 -std=gnu11 -g3 -DDEBUG -DUSE_HAL_DRIVER -DSTM32F407xx -c -I../Core/Inc -I../Drivers/STM32F4xx_HAL_Driver/Inc -I../Drivers/STM32F4xx_HAL_Driver/Inc/Legacy -I../Drivers/CMSIS/Device/ST/STM32F4xx/Include -I../Drivers/CMSIS/Include -O0 -ffunction-sections -fdata-sections -Wall -fstack-usage -MMD -MP -MF"Drivers/STM32F4xx_HAL_Driver/Src/stm32f4xx_hal_pwr_ex.d" -MT"Drivers/STM32F4xx_HAL_Driver/Src/stm32f4xx_hal_pwr_ex.o" --specs=nano.specs -mfpu=fpv4-sp-d16 -mfloat-abi=hard -mthumb -o "Drivers/STM32F4xx_HAL_Driver/Src/stm32f4xx_hal_pwr_ex.o"
arm-none-eabi-gcc "../Drivers/STM32F4xx_HAL_Driver/Src/stm32f4xx_hal_rcc.c" -mcpu=cortex-m4 -std=gnu11 -g3 -DDEBUG -DUSE_HAL_DRIVER -DSTM32F407xx -c -I../Core/Inc -I../Drivers/STM32F4xx_HAL_Driver/Inc -I../Drivers/STM32F4xx_HAL_Driver/Inc/Legacy -I../Drivers/CMSIS/Device/ST/STM32F4xx/Include -I../Drivers/CMSIS/Include -O0 -ffunction-sections -fdata-sections -Wall -fstack-usage -MMD -MP -MF"Drivers/STM32F4xx_HAL_Driver/Src/stm32f4xx_hal_rcc.d" -MT"Drivers/STM32F4xx_HAL_Driver/Src/stm32f4xx_hal_rcc.o" --specs=nano.specs -mfpu=fpv4-sp-d16 -mfloat-abi=hard -mthumb -o "Drivers/STM32F4xx_HAL_Driver/Src/stm32f4xx_hal_rcc.o"
arm-none-eabi-gcc "../Drivers/STM32F4xx_HAL_Driver/Src/stm32f4xx_hal_rcc_ex.c" -mcpu=cortex-m4 -std=gnu11 -g3 -DDEBUG -DUSE_HAL_DRIVER -DSTM32F407xx -c -I../Core/Inc -I../Drivers/STM32F4xx_HAL_Driver/Inc -I../Drivers/STM32F4xx_HAL_Driver/Inc/Legacy -I../Drivers/CMSIS/Device/ST/STM32F4xx/Include -I../Drivers/CMSIS/Include -O0 -ffunction-sections -fdata-sections -Wall -fstack-usage -MMD -MP -MF"Drivers/STM32F4xx_HAL_Driver/Src/stm32f4xx_hal_rcc_ex.d" -MT"Drivers/STM32F4xx_HAL_Driver/Src/stm32f4xx_hal_rcc_ex.o" --specs=nano.specs -mfpu=fpv4-sp-d16 -mfloat-abi=hard -mthumb -o "Drivers/STM32F4xx_HAL_Driver/Src/stm32f4xx_hal_rcc_ex.o"
arm-none-eabi-gcc "../Drivers/STM32F4xx_HAL_Driver/Src/stm32f4xx_hal_tim.c" -mcpu=cortex-m4 -std=gnu11 -g3 -DDEBUG -DUSE_HAL_DRIVER -DSTM32F407xx -c -I../Core/Inc -I../Drivers/STM32F4xx_HAL_Driver/Inc -I../Drivers/STM32F4xx_HAL_Driver/Inc/Legacy -I../Drivers/CMSIS/Device/ST/STM32F4xx/Include -I../Drivers/CMSIS/Include -O0 -ffunction-sections -fdata-sections -Wall -fstack-usage -MMD -MP -MF"Drivers/STM32F4xx_HAL_Driver/Src/stm32f4xx_hal_tim.d" -MT"Drivers/STM32F4xx_HAL_Driver/Src/stm32f4xx_hal_tim.o" --specs=nano.specs -mfpu=fpv4-sp-d16 -mfloat-abi=hard -mthumb -o "Drivers/STM32F4xx_HAL_Driver/Src/stm32f4xx_hal_tim.o"
arm-none-eabi-gcc "../Drivers/STM32F4xx_HAL_Driver/Src/stm32f4xx_hal_tim_ex.c" -mcpu=cortex-m4 -std=gnu11 -g3 -DDEBUG -DUSE_HAL_DRIVER -DSTM32F407xx -c -I../Core/Inc -I../Drivers/STM32F4xx_HAL_Driver/Inc -I../Drivers/STM32F4xx_HAL_Driver/Inc/Legacy -I../Drivers/CMSIS/Device/ST/STM32F4xx/Include -I../Drivers/CMSIS/Include -O0 -ffunction-sections -fdata-sections -Wall -fstack-usage -MMD -MP -MF"Drivers/STM32F4xx_HAL_Driver/Src/stm32f4xx_hal_tim_ex.d" -MT"Drivers/STM32F4xx_HAL_Driver/Src/stm32f4xx_hal_tim_ex.o" --specs=nano.specs -mfpu=fpv4-sp-d16 -mfloat-abi=hard -mthumb -o "Drivers/STM32F4xx_HAL_Driver/Src/stm32f4xx_hal_tim_ex.o"
arm-none-eabi-gcc "../Core/Src/main.c" -mcpu=cortex-m4 -std=gnu11 -g3 -DDEBUG -DUSE_HAL_DRIVER -DSTM32F407xx -c -I../Core/Inc -I../Drivers/STM32F4xx_HAL_Driver/Inc -I../Drivers/STM32F4xx_HAL_Driver/Inc/Legacy -I../Drivers/CMSIS/Device/ST/STM32F4xx/Include -I../Drivers/CMSIS/Include -O0 -ffunction-sections -fdata-sections -Wall -fstack-usage -MMD -MP -MF"Core/Src/main.d" -MT"Core/Src/main.o" --specs=nano.specs -mfpu=fpv4-sp-d16 -mfloat-abi=hard -mthumb -o "Core/Src/main.o"
arm-none-eabi-gcc "../Core/Src/stm32f4xx_hal_msp.c" -mcpu=cortex-m4 -std=gnu11 -g3 -DDEBUG -DUSE_HAL_DRIVER -DSTM32F407xx -c -I../Core/Inc -I../Drivers/STM32F4xx_HAL_Driver/Inc -I../Drivers/STM32F4xx_HAL_Driver/Inc/Legacy -I../Drivers/CMSIS/Device/ST/STM32F4xx/Include -I../Drivers/CMSIS/Include -O0 -ffunction-sections -fdata-sections -Wall -fstack-usage -MMD -MP -MF"Core/Src/stm32f4xx_hal_msp.d" -MT"Core/Src/stm32f4xx_hal_msp.o" --specs=nano.specs -mfpu=fpv4-sp-d16 -mfloat-abi=hard -mthumb -o "Core/Src/stm32f4xx_hal_msp.o"
arm-none-eabi-gcc "../Core/Src/stm32f4xx_it.c" -mcpu=cortex-m4 -std=gnu11 -g3 -DDEBUG -DUSE_HAL_DRIVER -DSTM32F407xx -c -I../Core/Inc -I../Drivers/STM32F4xx_HAL_Driver/Inc -I../Drivers/STM32F4xx_HAL_Driver/Inc/Legacy -I../Drivers/CMSIS/Device/ST/STM32F4xx/Include -I../Drivers/CMSIS/Include -O0 -ffunction-sections -fdata-sections -Wall -fstack-usage -MMD -MP -MF"Core/Src/stm32f4xx_it.d" -MT"Core/Src/stm32f4xx_it.o" --specs=nano.specs -mfpu=fpv4-sp-d16 -mfloat-abi=hard -mthumb -o "Core/Src/stm32f4xx_it.o"
arm-none-eabi-gcc "../Core/Src/system_stm32f4xx.c" -mcpu=cortex-m4 -std=gnu11 -g3 -DDEBUG -DUSE_HAL_DRIVER -DSTM32F407xx -c -I../Core/Inc -I../Drivers/STM32F4xx_HAL_Driver/Inc -I../Drivers/STM32F4xx_HAL_Driver/Inc/Legacy -I../Drivers/CMSIS/Device/ST/STM32F4xx/Include -I../Drivers/CMSIS/Include -O0 -ffunction-sections -fdata-sections -Wall -fstack-usage -MMD -MP -MF"Core/Src/system_stm32f4xx.d" -MT"Core/Src/system_stm32f4xx.o" --specs=nano.specs -mfpu=fpv4-sp-d16 -mfloat-abi=hard -mthumb -o "Core/Src/system_stm32f4xx.o"
arm-none-eabi-gcc -o "Relay.elf" @"objects.list"   -mcpu=cortex-m4 -T"C:\Users\VeliSacikara\Desktop\Sensors\Relay\STM32F407VGTX_FLASH.ld" --specs=nosys.specs -Wl,-Map="Relay.map" -Wl,--gc-sections -static --specs=nano.specs -mfpu=fpv4-sp-d16 -mfloat-abi=hard -mthumb -Wl,--start-group -lc -lm -Wl,--end-group
Finished building target: Relay.elf
 
arm-none-eabi-size   Relay.elf 
arm-none-eabi-objdump -h -S  Relay.elf  > "Relay.list"
   text	   data	    bss	    dec	    hex	filename
   7828	     20	   1644	   9492	   2514	Relay.elf
Finished building: default.size.stdout
 
Finished building: Relay.list
 
18:38:21 **** Incremental Build of configuration Debug for project Relay ****
make -j8 all 
arm-none-eabi-size   Relay.elf 
   text	   data	    bss	    dec	    hex	filename
   7828	     20	   1644	   9492	   2514	Relay.elf
Finished building: default.size.stdout
 
18:46:35 **** Incremental Build of configuration Debug for project TDSmeter_EC_Sensor ****
make -j8 all 
arm-none-eabi-size   TDSmeter_EC_Sensor.elf 
   text	   data	    bss	    dec	    hex	filename
  11356	     24	   1768	  13148	   335c	TDSmeter_EC_Sensor.elf
Finished building: default.size.stdout
 
